Component: ARM Compiler 5.06 update 7 (build 960) Tool: armlink [4d3601]

==============================================================================

Section Cross References

    startup_stm32f407xx.o(RESET) refers to startup_stm32f407xx.o(STACK) for __initial_sp
    startup_stm32f407xx.o(RESET) refers to startup_stm32f407xx.o(.text) for Reset_Handler
    startup_stm32f407xx.o(RESET) refers to stm32f4xx_it.o(i.NMI_Handler) for NMI_Handler
    startup_stm32f407xx.o(RESET) refers to stm32f4xx_it.o(i.HardFault_Handler) for HardFault_Handler
    startup_stm32f407xx.o(RESET) refers to stm32f4xx_it.o(i.MemManage_Handler) for MemManage_Handler
    startup_stm32f407xx.o(RESET) refers to stm32f4xx_it.o(i.BusFault_Handler) for BusFault_Handler
    startup_stm32f407xx.o(RESET) refers to stm32f4xx_it.o(i.UsageFault_Handler) for UsageFault_Handler
    startup_stm32f407xx.o(RESET) refers to stm32f4xx_it.o(i.SVC_Handler) for SVC_Handler
    startup_stm32f407xx.o(RESET) refers to stm32f4xx_it.o(i.DebugMon_Handler) for DebugMon_Handler
    startup_stm32f407xx.o(RESET) refers to stm32f4xx_it.o(i.PendSV_Handler) for PendSV_Handler
    startup_stm32f407xx.o(RESET) refers to stm32f4xx_it.o(i.SysTick_Handler) for SysTick_Handler
    startup_stm32f407xx.o(RESET) refers to stm32f4xx_it.o(i.DMA1_Stream1_IRQHandler) for DMA1_Stream1_IRQHandler
    startup_stm32f407xx.o(RESET) refers to stm32f4xx_it.o(i.DMA1_Stream5_IRQHandler) for DMA1_Stream5_IRQHandler
    startup_stm32f407xx.o(RESET) refers to stm32f4xx_it.o(i.TIM1_UP_TIM10_IRQHandler) for TIM1_UP_TIM10_IRQHandler
    startup_stm32f407xx.o(RESET) refers to stm32f4xx_it.o(i.USART1_IRQHandler) for USART1_IRQHandler
    startup_stm32f407xx.o(RESET) refers to stm32f4xx_it.o(i.USART2_IRQHandler) for USART2_IRQHandler
    startup_stm32f407xx.o(RESET) refers to stm32f4xx_it.o(i.USART3_IRQHandler) for USART3_IRQHandler
    startup_stm32f407xx.o(RESET) refers to stm32f4xx_it.o(i.DMA2_Stream2_IRQHandler) for DMA2_Stream2_IRQHandler
    startup_stm32f407xx.o(.text) refers to system_stm32f4xx.o(i.SystemInit) for SystemInit
    startup_stm32f407xx.o(.text) refers to entry.o(.ARM.Collect$$$$00000000) for __main
    dtoa.o(i.chans_method) refers to dtoa.o(i.squ_distance) for squ_distance
    dtoa.o(i.chans_method) refers to dtoa.o(i.inv) for inv
    dtoa.o(i.chans_method) refers to dtoa.o(i.matrix_plus) for matrix_plus
    dtoa.o(i.chans_method) refers to dtoa.o(i.matrix22_dot_vector2) for matrix22_dot_vector2
    dtoa.o(i.chans_method) refers to dtoa.o(i.vector2_dot_vector2) for vector2_dot_vector2
    dtoa.o(i.chans_method) refers to sqrtf.o(i.__hardfp_sqrtf) for __hardfp_sqrtf
    dtoa.o(i.chans_method) refers to dtoa.o(i.vector2_plus) for vector2_plus
    dtoa.o(i.chans_method) refers to dtoa.o(i.vector2_add_vector2) for vector2_add_vector2
    dtoa.o(i.chans_method) refers to dtoa.o(.data) for .data
    dtoa.o(i.genfunc) refers to f2d.o(.text) for __aeabi_f2d
    dtoa.o(i.genfunc) refers to sqrt.o(i.__hardfp_sqrt) for __hardfp_sqrt
    dtoa.o(i.genfunc) refers to d2f.o(.text) for __aeabi_d2f
    main.o(i.SystemClock_Config) refers to memseta.o(.text) for __aeabi_memclr4
    main.o(i.SystemClock_Config) refers to stm32f4xx_hal_rcc.o(i.HAL_RCC_OscConfig) for HAL_RCC_OscConfig
    main.o(i.SystemClock_Config) refers to stm32f4xx_hal_rcc.o(i.HAL_RCC_ClockConfig) for HAL_RCC_ClockConfig
    main.o(i.calculate_chans_distance) refers to main.o(i.get_det_d) for get_det_d
    main.o(i.calculate_chans_distance) refers to f2d.o(.text) for __aeabi_f2d
    main.o(i.calculate_chans_distance) refers to printfa.o(i.__0printf) for __2printf
    main.o(i.calculate_chans_distance) refers to main.o(.data) for .data
    main.o(i.calculate_chans_distance) refers to main.o(.bss) for .bss
    main.o(i.calculate_delta_distance) refers to main.o(i.get_det_d) for get_det_d
    main.o(i.calculate_delta_distance) refers to main.o(.bss) for .bss
    main.o(i.calculate_sound_source) refers to dtoa.o(i.chans_meth) for chans_meth
    main.o(i.calculate_sound_source) refers to dtoa.o(i.vector2_add_vector2) for vector2_add_vector2
    main.o(i.calculate_sound_source) refers to dtoa.o(i.print_vector) for print_vector
    main.o(i.calculate_sound_source) refers to dtoa.o(i.vector2_plus) for vector2_plus
    main.o(i.calculate_sound_source) refers to printfa.o(i.__0printf) for __2printf
    main.o(i.calculate_sound_source) refers to main.o(.bss) for .bss
    main.o(i.calculate_sound_source) refers to main.o(.data) for .data
    main.o(i.main) refers to stm32f4xx_hal.o(i.HAL_Init) for HAL_Init
    main.o(i.main) refers to main.o(i.SystemClock_Config) for SystemClock_Config
    main.o(i.main) refers to gpio.o(i.MX_GPIO_Init) for MX_GPIO_Init
    main.o(i.main) refers to dma.o(i.MX_DMA_Init) for MX_DMA_Init
    main.o(i.main) refers to usart.o(i.MX_USART1_UART_Init) for MX_USART1_UART_Init
    main.o(i.main) refers to usart.o(i.MX_USART2_UART_Init) for MX_USART2_UART_Init
[...]
    Removing stm32f4xx_hal_uart.o(i.HAL_UART_DMAResume), (136 bytes).
    Removing stm32f4xx_hal_uart.o(i.HAL_UART_DeInit), (52 bytes).
    Removing stm32f4xx_hal_uart.o(i.HAL_UART_GetError), (4 bytes).
    Removing stm32f4xx_hal_uart.o(i.HAL_UART_GetState), (10 bytes).
    Removing stm32f4xx_hal_uart.o(i.HAL_UART_MspDeInit), (2 bytes).
    Removing stm32f4xx_hal_uart.o(i.HAL_UART_MspInit), (2 bytes).
    Removing stm32f4xx_hal_uart.o(i.HAL_UART_Receive), (192 bytes).
    Removing stm32f4xx_hal_uart.o(i.HAL_UART_Receive_IT), (42 bytes).
    Removing stm32f4xx_hal_uart.o(i.HAL_UART_Transmit_DMA), (140 bytes).
    Removing stm32f4xx_hal_uart.o(i.HAL_UART_Transmit_IT), (62 bytes).
    Removing stm32f4xx_hal_uart.o(i.HAL_UART_TxHalfCpltCallback), (2 bytes).
    Removing stm32f4xx_hal_uart.o(i.UART_DMARxAbortCallback), (44 bytes).
    Removing stm32f4xx_hal_uart.o(i.UART_DMARxOnlyAbortCallback), (22 bytes).
    Removing stm32f4xx_hal_uart.o(i.UART_DMATransmitCplt), (66 bytes).
    Removing stm32f4xx_hal_uart.o(i.UART_DMATxAbortCallback), (44 bytes).
    Removing stm32f4xx_hal_uart.o(i.UART_DMATxHalfCplt), (10 bytes).
    Removing stm32f4xx_hal_uart.o(i.UART_DMATxOnlyAbortCallback), (20 bytes).
    Removing stm32f4xx_hal_uart.o(i.UART_Start_Receive_IT), (54 bytes).
    Removing system_stm32f4xx.o(.rev16_text), (4 bytes).
    Removing system_stm32f4xx.o(.revsh_text), (4 bytes).
    Removing system_stm32f4xx.o(.rrx_text), (6 bytes).
    Removing system_stm32f4xx.o(i.SystemCoreClockUpdate), (120 bytes).
    Removing cdcmple.o(.text), (48 bytes).
    Removing dtoa.o(i.inv), (56 bytes).
    Removing dtoa.o(i.matrix22_dot_vector2), (18 bytes).
    Removing dtoa.o(i.vector2_dot_matrix22), (26 bytes).
    Removing dtoa.o(i.matrix_plus), (18 bytes).
    Removing dtoa.o(i.matrix_transform), (14 bytes).
    Removing dtoa.o(i.vector2_dot_vector2), (10 bytes).
    Removing dtoa.o(i.squ_distance), (18 bytes).

395 unused section(s) (total 28874 bytes) removed from the image.

==============================================================================

Image Symbol Table

    Local Symbols

    Symbol Name                              Value     Ov Type        Size  Object(Section)

    ../Core/Src/dma.c                        0x00000000   Number         0  dma.o ABSOLUTE
    ../Core/Src/gpio.c                       0x00000000   Number         0  gpio.o ABSOLUTE
    ../Core/Src/main.c                       0x00000000   Number         0  main.o ABSOLUTE
    ../Core/Src/stm32f4xx_hal_msp.c          0x00000000   Number         0  stm32f4xx_hal_msp.o ABSOLUTE
    ../Core/Src/stm32f4xx_it.c               0x00000000   Number         0  stm32f4xx_it.o ABSOLUTE
    ../Core/Src/system_stm32f4xx.c           0x00000000   Number         0  system_stm32f4xx.o ABSOLUTE
    ../Core/Src/tim.c                        0x00000000   Number         0  tim.o ABSOLUTE
    ../Core/Src/usart.c                      0x00000000   Number         0  usart.o ABSOLUTE
    ../Drivers/STM32F4xx_HAL_Driver/Src/stm32f4xx_hal.c 0x00000000   Number         0  stm32f4xx_hal.o ABSOLUTE
    ../Drivers/STM32F4xx_HAL_Driver/Src/stm32f4xx_hal_cortex.c 0x00000000   Number         0  stm32f4xx_hal_cortex.o ABSOLUTE
    ../Drivers/STM32F4xx_HAL_Driver/Src/stm32f4xx_hal_dma.c 0x00000000   Number         0  stm32f4xx_hal_dma.o ABSOLUTE
    ../Drivers/STM32F4xx_HAL_Driver/Src/stm32f4xx_hal_dma_ex.c 0x00000000   Number         0  stm32f4xx_hal_dma_ex.o ABSOLUTE
    ../Drivers/STM32F4xx_HAL_Driver/Src/stm32f4xx_hal_exti.c 0x00000000   Number         0  stm32f4xx_hal_exti.o ABSOLUTE
    ../Drivers/STM32F4xx_HAL_Driver/Src/stm32f4xx_hal_flash.c 0x00000000   Number         0  stm32f4xx_hal_flash.o ABSOLUTE
    ../Drivers/STM32F4xx_HAL_Driver/Src/stm32f4xx_hal_flash_ex.c 0x00000000   Number         0  stm32f4xx_hal_flash_ex.o ABSOLUTE
    ../Drivers/STM32F4xx_HAL_Driver/Src/stm32f4xx_hal_flash_ramfunc.c 0x00000000   Number         0  stm32f4xx_hal_flash_ramfunc.o ABSOLUTE
    ../Drivers/STM32F4xx_HAL_Driver/Src/stm32f4xx_hal_gpio.c 0x00000000   Number         0  stm32f4xx_hal_gpio.o ABSOLUTE
    ../Drivers/STM32F4xx_HAL_Driver/Src/stm32f4xx_hal_pwr.c 0x00000000   Number         0  stm32f4xx_hal_pwr.o ABSOLUTE
    ../Drivers/STM32F4xx_HAL_Driver/Src/stm32f4xx_hal_pwr_ex.c 0x00000000   Number         0  stm32f4xx_hal_pwr_ex.o ABSOLUTE
    ../Drivers/STM32F4xx_HAL_Driver/Src/stm32f4xx_hal_rcc.c 0x00000000   Number         0  stm32f4xx_hal_rcc.o ABSOLUTE
    ../Drivers/STM32F4xx_HAL_Driver/Src/stm32f4xx_hal_rcc_ex.c 0x00000000   Number         0  stm32f4xx_hal_rcc_ex.o ABSOLUTE
    ../Drivers/STM32F4xx_HAL_Driver/Src/stm32f4xx_hal_tim.c 0x00000000   Number         0  stm32f4xx_hal_tim.o ABSOLUTE
    ../Drivers/STM32F4xx_HAL_Driver/Src/stm32f4xx_hal_tim_ex.c 0x00000000   Number         0  stm32f4xx_hal_tim_ex.o ABSOLUTE
    ../Drivers/STM32F4xx_HAL_Driver/Src/stm32f4xx_hal_uart.c 0x00000000   Number         0  stm32f4xx_hal_uart.o ABSOLUTE
    ../clib/microlib/division.c              0x00000000   Number         0  uldiv.o ABSOLUTE
    ../clib/microlib/division.c              0x00000000   Number         0  uidiv.o ABSOLUTE
    ../clib/microlib/errno.c                 0x00000000   Number         0  errno.o ABSOLUTE
    ../clib/microlib/init/entry.s            0x00000000   Number         0  entry10a.o ABSOLUTE
    ../clib/microlib/init/entry.s            0x00000000   Number         0  entry7a.o ABSOLUTE
    ../clib/microlib/init/entry.s            0x00000000   Number         0  entry10b.o ABSOLUTE
    ../clib/microlib/init/entry.s            0x00000000   Number         0  entry11a.o ABSOLUTE
    ../clib/microlib/init/entry.s            0x00000000   Number         0  entry.o ABSOLUTE
    ../clib/microlib/init/entry.s            0x00000000   Number         0  entry12b.o ABSOLUTE
    ../clib/microlib/init/entry.s            0x00000000   Number         0  entry12a.o ABSOLUTE
    ../clib/microlib/init/entry.s            0x00000000   Number         0  entry11b.o ABSOLUTE
    ../clib/microlib/init/entry.s            0x00000000   Number         0  entry2.o ABSOLUTE
    ../clib/microlib/init/entry.s            0x00000000   Number         0  entry5.o ABSOLUTE
    ../clib/microlib/init/entry.s            0x00000000   Number         0  entry7b.o ABSOLUTE
    ../clib/microlib/init/entry.s            0x00000000   Number         0  entry8a.o ABSOLUTE
    ../clib/microlib/init/entry.s            0x00000000   Number         0  entry8b.o ABSOLUTE
    ../clib/microlib/init/entry.s            0x00000000   Number         0  entry9a.o ABSOLUTE
    ../clib/microlib/init/entry.s            0x00000000   Number         0  entry9b.o ABSOLUTE
    ../clib/microlib/longlong.c              0x00000000   Number         0  llsshr.o ABSOLUTE
    ../clib/microlib/longlong.c              0x00000000   Number         0  llushr.o ABSOLUTE
    ../clib/microlib/longlong.c              0x00000000   Number         0  llshl.o ABSOLUTE
    ../clib/microlib/malloc/malloc.c         0x00000000   Number         0  mallocra.o ABSOLUTE
    ../clib/microlib/malloc/malloc.c         0x00000000   Number         0  malloca.o ABSOLUTE
    ../clib/microlib/malloc/malloc.c         0x00000000   Number         0  mallocr.o ABSOLUTE
    ../clib/microlib/malloc/malloc.c         0x00000000   Number         0  malloc.o ABSOLUTE
    ../clib/microlib/malloc/mvars.c          0x00000000   Number         0  mvars.o ABSOLUTE
    ../clib/microlib/printf/printf.c         0x00000000   Number         0  printf2.o ABSOLUTE
    ../clib/microlib/printf/printf.c         0x00000000   Number         0  printf3.o ABSOLUTE
    ../clib/microlib/printf/printf.c         0x00000000   Number         0  printf4.o ABSOLUTE
    ../clib/microlib/printf/printf.c         0x00000000   Number         0  printf6.o ABSOLUTE
    ../clib/microlib/printf/printf.c         0x00000000   Number         0  printf7.o ABSOLUTE
    ../clib/microlib/printf/printf.c         0x00000000   Number         0  printf8.o ABSOLUTE
    ../clib/microlib/printf/printf.c         0x00000000   Number         0  printf1.o ABSOLUTE
    ../clib/microlib/printf/printf.c         0x00000000   Number         0  printf0.o ABSOLUTE
    ../clib/microlib/printf/printf.c         0x00000000   Number         0  printf5.o ABSOLUTE
    ../clib/microlib/printf/printf.c         0x00000000   Number         0  printfa.o ABSOLUTE
    ../clib/microlib/printf/printf.c         0x00000000   Number         0  printfb.o ABSOLUTE
    ../clib/microlib/printf/stubs.s          0x00000000   Number         0  stubs.o ABSOLUTE
    ../clib/microlib/stdio/streams.c         0x00000000   Number         0  stdout.o ABSOLUTE
    ../clib/microlib/string/memcpy.c         0x00000000   Number         0  memcpya.o ABSOLUTE
    ../clib/microlib/string/memcpy.c         0x00000000   Number         0  memcpyb.o ABSOLUTE
    ../clib/microlib/string/memset.c         0x00000000   Number         0  memseta.o ABSOLUTE
    ../clib/microlib/stubs.s                 0x00000000   Number         0  iusefp.o ABSOLUTE
    ../fplib/microlib/d2f.c                  0x00000000   Number         0  d2f.o ABSOLUTE
    ../fplib/microlib/f2d.c                  0x00000000   Number         0  f2d.o ABSOLUTE
    ../fplib/microlib/fpadd.c                0x00000000   Number         0  dadd.o ABSOLUTE
    ../fplib/microlib/fpdiv.c                0x00000000   Number         0  ddiv.o ABSOLUTE
    ../fplib/microlib/fpepilogue.c           0x00000000   Number         0  fepilogue.o ABSOLUTE
    ../fplib/microlib/fpepilogue.c           0x00000000   Number         0  depilogue.o ABSOLUTE
    ../fplib/microlib/fpfix.c                0x00000000   Number         0  dfixul.o ABSOLUTE
    ../fplib/microlib/fpmul.c                0x00000000   Number         0  dmul.o ABSOLUTE
    ../fplib/microlib/fpsqrt.c               0x00000000   Number         0  dsqrt.o ABSOLUTE
    ../mathlib/sqrt.c                        0x00000000   Number         0  sqrt.o ABSOLUTE
    ../mathlib/sqrt.c                        0x00000000   Number         0  sqrt_x.o ABSOLUTE
    ../mathlib/sqrtf.c                       0x00000000   Number         0  sqrtf_x.o ABSOLUTE
    ../mathlib/sqrtf.c                       0x00000000   Number         0  sqrtf.o ABSOLUTE
    ..\Core\Src\dma.c                        0x00000000   Number         0  dma.o ABSOLUTE
    ..\Core\Src\dtoa.c                       0x00000000   Number         0  dtoa.o ABSOLUTE
    ..\Core\Src\gpio.c                       0x00000000   Number         0  gpio.o ABSOLUTE
    ..\Core\Src\main.c                       0x00000000   Number         0  main.o ABSOLUTE
    ..\Core\Src\stm32f4xx_hal_msp.c          0x00000000   Number         0  stm32f4xx_hal_msp.o ABSOLUTE
    ..\Core\Src\stm32f4xx_it.c               0x00000000   Number         0  stm32f4xx_it.o ABSOLUTE
    ..\Core\Src\system_stm32f4xx.c           0x00000000   Number         0  system_stm32f4xx.o ABSOLUTE
    ..\Core\Src\tim.c                        0x00000000   Number         0  tim.o ABSOLUTE
    ..\Core\Src\usart.c                      0x00000000   Number         0  usart.o ABSOLUTE
    ..\Drivers\STM32F4xx_HAL_Driver\Src\stm32f4xx_hal.c 0x00000000   Number         0  stm32f4xx_hal.o ABSOLUTE
    ..\Drivers\STM32F4xx_HAL_Driver\Src\stm32f4xx_hal_cortex.c 0x00000000   Number         0  stm32f4xx_hal_cortex.o ABSOLUTE
    ..\Drivers\STM32F4xx_HAL_Driver\Src\stm32f4xx_hal_dma.c 0x00000000   Number         0  stm32f4xx_hal_dma.o ABSOLUTE
    ..\Drivers\STM32F4xx_HAL_Driver\Src\stm32f4xx_hal_dma_ex.c 0x00000000   Number         0  stm32f4xx_hal_dma_ex.o ABSOLUTE
    ..\Drivers\STM32F4xx_HAL_Driver\Src\stm32f4xx_hal_exti.c 0x00000000   Number         0  stm32f4xx_hal_exti.o ABSOLUTE
    ..\Drivers\STM32F4xx_HAL_Driver\Src\stm32f4xx_hal_flash.c 0x00000000   Number         0  stm32f4xx_hal_flash.o ABSOLUTE
    ..\Drivers\STM32F4xx_HAL_Driver\Src\stm32f4xx_hal_flash_ex.c 0x00000000   Number         0  stm32f4xx_hal_flash_ex.o ABSOLUTE
    ..\Drivers\STM32F4xx_HAL_Driver\Src\stm32f4xx_hal_flash_ramfunc.c 0x00000000   Number         0  stm32f4xx_hal_flash_ramfunc.o ABSOLUTE
    ..\Drivers\STM32F4xx_HAL_Driver\Src\stm32f4xx_hal_gpio.c 0x00000000   Number         0  stm32f4xx_hal_gpio.o ABSOLUTE
    ..\Drivers\STM32F4xx_HAL_Driver\Src\stm32f4xx_hal_pwr.c 0x00000000   Number         0  stm32f4xx_hal_pwr.o ABSOLUTE
    ..\Drivers\STM32F4xx_HAL_Driver\Src\stm32f4xx_hal_pwr_ex.c 0x00000000   Number         0  stm32f4xx_hal_pwr_ex.o ABSOLUTE
    ..\Drivers\STM32F4xx_HAL_Driver\Src\stm32f4xx_hal_rcc.c 0x00000000   Number         0  stm32f4xx_hal_rcc.o ABSOLUTE
    ..\Drivers\STM32F4xx_HAL_Driver\Src\stm32f4xx_hal_rcc_ex.c 0x00000000   Number         0  stm32f4xx_hal_rcc_ex.o ABSOLUTE
    ..\Drivers\STM32F4xx_HAL_Driver\Src\stm32f4xx_hal_tim.c 0x00000000   Number         0  stm32f4xx_hal_tim.o ABSOLUTE
    ..\Drivers\STM32F4xx_HAL_Driver\Src\stm32f4xx_hal_tim_ex.c 0x00000000   Number         0  stm32f4xx_hal_tim_ex.o ABSOLUTE
    ..\Drivers\STM32F4xx_HAL_Driver\Src\stm32f4xx_hal_uart.c 0x00000000   Number         0  stm32f4xx_hal_uart.o ABSOLUTE
    cdcmple.s                                0x00000000   Number         0  cdcmple.o ABSOLUTE
    cdrcmple.s                               0x00000000   Number         0  cdrcmple.o ABSOLUTE
    dc.s                                     0x00000000   Number         0  dc.o ABSOLUTE
    handlers.s                               0x00000000   Number         0  handlers.o ABSOLUTE
    init.s                                   0x00000000   Number         0  init.o ABSOLUTE
    startup_stm32f407xx.s                    0x00000000   Number         0  startup_stm32f407xx.o ABSOLUTE
    RESET                                    0x08000000   Section      392  startup_stm32f407xx.o(RESET)
    .ARM.Collect$$$$00000000                 0x08000188   Section        0  entry.o(.ARM.Collect$$$$00000000)
    .ARM.Collect$$$$00000001                 0x08000188   Section        4  entry2.o(.ARM.Collect$$$$00000001)
    .ARM.Collect$$$$00000004                 0x0800018c   Section        4  entry5.o(.ARM.Collect$$$$00000004)
    .ARM.Collect$$$$00000008                 0x08000190   Section        0  entry7b.o(.ARM.Collect$$$$00000008)
    .ARM.Collect$$$$0000000A                 0x08000190   Section        0  entry8b.o(.ARM.Collect$$$$0000000A)
    .ARM.Collect$$$$0000000B                 0x08000190   Section        8  entry9a.o(.ARM.Collect$$$$0000000B)
    .ARM.Collect$$$$0000000E                 0x08000198   Section        4  entry12b.o(.ARM.Collect$$$$0000000E)
    .ARM.Collect$$$$0000000F                 0x0800019c   Section        0  entry10a.o(.ARM.Collect$$$$0000000F)
    .ARM.Collect$$$$00000011                 0x0800019c   Section        0  entry11a.o(.ARM.Collect$$$$00000011)
    .ARM.Collect$$$$00002712                 0x0800019c   Section        4  entry2.o(.ARM.Collect$$$$00002712)
    __lit__00000000                          0x0800019c   Data           4  entry2.o(.ARM.Collect$$$$00002712)
    .text                                    0x080001a0   Section       36  startup_stm32f407xx.o(.text)
    $v0                                      0x080001a0   Number         0  startup_stm32f407xx.o(.text)
    .text                                    0x080001c4   Section        0  uldiv.o(.text)
    .text                                    0x08000226   Section        0  memcpya.o(.text)
    .text                                    0x0800024a   Section        0  memseta.o(.text)
    .text                                    0x0800026e   Section        0  f2d.o(.text)
    .text                                    0x08000294   Section        0  d2f.o(.text)
    .text                                    0x080002cc   Section        0  uidiv.o(.text)
    .text                                    0x080002f8   Section        0  llshl.o(.text)
    .text                                    0x08000316   Section        0  llushr.o(.text)
    .text                                    0x08000336   Section        0  fepilogue.o(.text)
    .text                                    0x08000336   Section        0  iusefp.o(.text)
    .text                                    0x080003a4   Section        0  dadd.o(.text)
    .text                                    0x080004f2   Section        0  dmul.o(.text)
    .text                                    0x080005d6   Section        0  ddiv.o(.text)
    .text                                    0x080006b4   Section        0  dsqrt.o(.text)
    .text                                    0x08000756   Section        0  dfixul.o(.text)
    .text                                    0x08000788   Section       48  cdrcmple.o(.text)
    .text                                    0x080007b8   Section       36  init.o(.text)
    .text                                    0x080007dc   Section        0  llsshr.o(.text)
    .text                                    0x08000800   Section        0  depilogue.o(.text)
    i.BusFault_Handler                       0x080008ba   Section        0  stm32f4xx_it.o(i.BusFault_Handler)
    i.DMA1_Stream1_IRQHandler                0x080008bc   Section        0  stm32f4xx_it.o(i.DMA1_Stream1_IRQHandler)
    i.DMA1_Stream5_IRQHandler                0x080008c8   Section        0  stm32f4xx_it.o(i.DMA1_Stream5_IRQHandler)
    i.DMA2_Stream2_IRQHandler                0x080008d4   Section        0  stm32f4xx_it.o(i.DMA2_Stream2_IRQHandler)
    i.DMA_CalcBaseAndBitshift                0x080008e0   Section        0  stm32f4xx_hal_dma.o(i.DMA_CalcBaseAndBitshift)
    DMA_CalcBaseAndBitshift                  0x080008e1   Thumb Code    34  stm32f4xx_hal_dma.o(i.DMA_CalcBaseAndBitshift)
    i.DMA_CheckFifoParam                     0x08000908   Section        0  stm32f4xx_hal_dma.o(i.DMA_CheckFifoParam)
    DMA_CheckFifoParam                       0x08000909   Thumb Code    84  stm32f4xx_hal_dma.o(i.DMA_CheckFifoParam)
    i.DMA_SetConfig                          0x0800095c   Section        0  stm32f4xx_hal_dma.o(i.DMA_SetConfig)
    DMA_SetConfig                            0x0800095d   Thumb Code    40  stm32f4xx_hal_dma.o(i.DMA_SetConfig)
    i.DebugMon_Handler                       0x08000984   Section        0  stm32f4xx_it.o(i.DebugMon_Handler)
    i.Error_Handler                          0x08000986   Section        0  main.o(i.Error_Handler)
    i.HAL_DMA_Abort                          0x0800098a   Section        0  stm32f4xx_hal_dma.o(i.HAL_DMA_Abort)
    i.HAL_DMA_Abort_IT                       0x08000a1c   Section        0  stm32f4xx_hal_dma.o(i.HAL_DMA_Abort_IT)
    i.HAL_DMA_IRQHandler                     0x08000a40   Section        0  stm32f4xx_hal_dma.o(i.HAL_DMA_IRQHandler)
    i.HAL_DMA_Init                           0x08000be0   Section        0  stm32f4xx_hal_dma.o(i.HAL_DMA_Init)
    i.HAL_DMA_Start_IT                       0x08000cb4   Section        0  stm32f4xx_hal_dma.o(i.HAL_DMA_Start_IT)
    i.HAL_GPIO_Init                          0x08000d24   Section        0  stm32f4xx_hal_gpio.o(i.HAL_GPIO_Init)
    i.HAL_GPIO_ReadPin                       0x08000f14   Section        0  stm32f4xx_hal_gpio.o(i.HAL_GPIO_ReadPin)
    i.HAL_GetTick                            0x08000f20   Section        0  stm32f4xx_hal.o(i.HAL_GetTick)
    i.HAL_IncTick                            0x08000f2c   Section        0  stm32f4xx_hal.o(i.HAL_IncTick)
    i.HAL_Init                               0x08000f3c   Section        0  stm32f4xx_hal.o(i.HAL_Init)
    i.HAL_InitTick                           0x08000f70   Section        0  stm32f4xx_hal.o(i.HAL_InitTick)
    i.HAL_MspInit                            0x08000fb0   Section        0  stm32f4xx_hal_msp.o(i.HAL_MspInit)
    i.HAL_NVIC_EnableIRQ                     0x08000fe0   Section        0  stm32f4xx_hal_cortex.o(i.HAL_NVIC_EnableIRQ)
    i.HAL_NVIC_SetPriority                   0x08000ffc   Section        0  stm32f4xx_hal_cortex.o(i.HAL_NVIC_SetPriority)
    i.HAL_NVIC_SetPriorityGrouping           0x0800103c   Section        0  stm32f4xx_hal_cortex.o(i.HAL_NVIC_SetPriorityGrouping)
    i.HAL_RCC_ClockConfig                    0x08001060   Section        0  stm32f4xx_hal_rcc.o(i.HAL_RCC_ClockConfig)
    i.HAL_RCC_GetPCLK1Freq                   0x08001194   Section        0  stm32f4xx_hal_rcc.o(i.HAL_RCC_GetPCLK1Freq)
    i.HAL_RCC_GetPCLK2Freq                   0x080011b4   Section        0  stm32f4xx_hal_rcc.o(i.HAL_RCC_GetPCLK2Freq)
    i.HAL_RCC_GetSysClockFreq                0x080011d4   Section        0  stm32f4xx_hal_rcc.o(i.HAL_RCC_GetSysClockFreq)
    i.HAL_RCC_OscConfig                      0x08001234   Section        0  stm32f4xx_hal_rcc.o(i.HAL_RCC_OscConfig)
    i.HAL_SYSTICK_Config                     0x080015a0   Section        0  stm32f4xx_hal_cortex.o(i.HAL_SYSTICK_Config)
    i.HAL_TIMEx_BreakCallback                0x080015c8   Section        0  stm32f4xx_hal_tim_ex.o(i.HAL_TIMEx_BreakCallback)
    i.HAL_TIMEx_CommutCallback               0x080015ca   Section        0  stm32f4xx_hal_tim_ex.o(i.HAL_TIMEx_CommutCallback)
    i.HAL_TIMEx_MasterConfigSynchronization  0x080015cc   Section        0  stm32f4xx_hal_tim_ex.o(i.HAL_TIMEx_MasterConfigSynchronization)
    i.HAL_TIM_Base_Init                      0x0800165c   Section        0  stm32f4xx_hal_tim.o(i.HAL_TIM_Base_Init)
    i.HAL_TIM_Base_MspInit                   0x080016b8   Section        0  tim.o(i.HAL_TIM_Base_MspInit)
    i.HAL_TIM_Base_Start                     0x08001728   Section        0  stm32f4xx_hal_tim.o(i.HAL_TIM_Base_Start)
    i.HAL_TIM_Base_Start_IT                  0x080017a0   Section        0  stm32f4xx_hal_tim.o(i.HAL_TIM_Base_Start_IT)
    i.HAL_TIM_ConfigClockSource              0x08001820   Section        0  stm32f4xx_hal_tim.o(i.HAL_TIM_ConfigClockSource)
    i.HAL_TIM_IC_CaptureCallback             0x080018fc   Section        0  stm32f4xx_hal_tim.o(i.HAL_TIM_IC_CaptureCallback)
    i.HAL_TIM_IRQHandler                     0x080018fe   Section        0  stm32f4xx_hal_tim.o(i.HAL_TIM_IRQHandler)
    i.HAL_TIM_OC_DelayElapsedCallback        0x08001a64   Section        0  stm32f4xx_hal_tim.o(i.HAL_TIM_OC_DelayElapsedCallback)
    i.HAL_TIM_PWM_PulseFinishedCallback      0x08001a66   Section        0  stm32f4xx_hal_tim.o(i.HAL_TIM_PWM_PulseFinishedCallback)
    i.HAL_TIM_PeriodElapsedCallback          0x08001a68   Section        0  stm32f4xx_it.o(i.HAL_TIM_PeriodElapsedCallback)
    i.HAL_TIM_TriggerCallback                0x08001ae0   Section        0  stm32f4xx_hal_tim.o(i.HAL_TIM_TriggerCallback)
    i.HAL_UARTEx_RxEventCallback             0x08001ae2   Section        0  stm32f4xx_hal_uart.o(i.HAL_UARTEx_RxEventCallback)
    i.HAL_UART_DMAStop                       0x08001ae4   Section        0  stm32f4xx_hal_uart.o(i.HAL_UART_DMAStop)
    i.HAL_UART_ErrorCallback                 0x08001b54   Section        0  stm32f4xx_hal_uart.o(i.HAL_UART_ErrorCallback)
    i.HAL_UART_IRQHandler                    0x08001b58   Section        0  stm32f4xx_hal_uart.o(i.HAL_UART_IRQHandler)
    i.HAL_UART_Init                          0x08001dc0   Section        0  stm32f4xx_hal_uart.o(i.HAL_UART_Init)
    i.HAL_UART_MspInit                       0x08001e24   Section        0  usart.o(i.HAL_UART_MspInit)
    i.HAL_UART_Receive_DMA                   0x0800203c   Section        0  stm32f4xx_hal_uart.o(i.HAL_UART_Receive_DMA)
    i.HAL_UART_RxCpltCallback                0x08002066   Section        0  stm32f4xx_hal_uart.o(i.HAL_UART_RxCpltCallback)
    i.HAL_UART_RxHalfCpltCallback            0x08002068   Section        0  stm32f4xx_hal_uart.o(i.HAL_UART_RxHalfCpltCallback)
    i.HAL_UART_Transmit                      0x0800206c   Section        0  stm32f4xx_hal_uart.o(i.HAL_UART_Transmit)
    i.HAL_UART_TxCpltCallback                0x0800211e   Section        0  stm32f4xx_hal_uart.o(i.HAL_UART_TxCpltCallback)
    i.HardFault_Handler                      0x08002120   Section        0  stm32f4xx_it.o(i.HardFault_Handler)
    i.MX_DMA_Init                            0x08002124   Section        0  dma.o(i.MX_DMA_Init)
    i.MX_GPIO_Init                           0x08002180   Section        0  gpio.o(i.MX_GPIO_Init)
    i.MX_TIM10_Init                          0x080021fc   Section        0  tim.o(i.MX_TIM10_Init)
    i.MX_TIM1_Init                           0x08002234   Section        0  tim.o(i.MX_TIM1_Init)
    i.MX_TIM2_Init                           0x0800229c   Section        0  tim.o(i.MX_TIM2_Init)
    i.MX_USART1_UART_Init                    0x08002300   Section        0  usart.o(i.MX_USART1_UART_Init)
    i.MX_USART2_UART_Init                    0x08002338   Section        0  usart.o(i.MX_USART2_UART_Init)
    i.MX_USART3_UART_Init                    0x08002370   Section        0  usart.o(i.MX_USART3_UART_Init)
    i.MemManage_Handler                      0x080023c0   Section        0  stm32f4xx_it.o(i.MemManage_Handler)
    i.NMI_Handler                            0x080023c2   Section        0  stm32f4xx_it.o(i.NMI_Handler)
    i.PendSV_Handler                         0x080023c4   Section        0  stm32f4xx_it.o(i.PendSV_Handler)
    i.SVC_Handler                            0x080023c6   Section        0  stm32f4xx_it.o(i.SVC_Handler)
    i.SysTick_Handler                        0x080023c8   Section        0  stm32f4xx_it.o(i.SysTick_Handler)
    i.SystemClock_Config                     0x080023cc   Section        0  main.o(i.SystemClock_Config)
    i.SystemInit                             0x08002460   Section        0  system_stm32f4xx.o(i.SystemInit)
    i.TIM1_UP_TIM10_IRQHandler               0x08002470   Section        0  stm32f4xx_it.o(i.TIM1_UP_TIM10_IRQHandler)
    i.TIM_Base_SetConfig                     0x0800248c   Section        0  stm32f4xx_hal_tim.o(i.TIM_Base_SetConfig)
    i.TIM_ETR_SetConfig                      0x08002554   Section        0  stm32f4xx_hal_tim.o(i.TIM_ETR_SetConfig)
    i.TIM_ITRx_SetConfig                     0x08002568   Section        0  stm32f4xx_hal_tim.o(i.TIM_ITRx_SetConfig)
    TIM_ITRx_SetConfig                       0x08002569   Thumb Code    16  stm32f4xx_hal_tim.o(i.TIM_ITRx_SetConfig)
    i.TIM_TI1_ConfigInputStage               0x08002578   Section        0  stm32f4xx_hal_tim.o(i.TIM_TI1_ConfigInputStage)
    TIM_TI1_ConfigInputStage                 0x08002579   Thumb Code    34  stm32f4xx_hal_tim.o(i.TIM_TI1_ConfigInputStage)
    i.TIM_TI2_ConfigInputStage               0x0800259a   Section        0  stm32f4xx_hal_tim.o(i.TIM_TI2_ConfigInputStage)
    TIM_TI2_ConfigInputStage                 0x0800259b   Thumb Code    36  stm32f4xx_hal_tim.o(i.TIM_TI2_ConfigInputStage)
    i.UART_DMAAbortOnError                   0x080025be   Section        0  stm32f4xx_hal_uart.o(i.UART_DMAAbortOnError)
    UART_DMAAbortOnError                     0x080025bf   Thumb Code    16  stm32f4xx_hal_uart.o(i.UART_DMAAbortOnError)
    i.UART_DMAError                          0x080025ce   Section        0  stm32f4xx_hal_uart.o(i.UART_DMAError)
    UART_DMAError                            0x080025cf   Thumb Code    74  stm32f4xx_hal_uart.o(i.UART_DMAError)
    i.UART_DMAReceiveCplt                    0x08002618   Section        0  stm32f4xx_hal_uart.o(i.UART_DMAReceiveCplt)
    UART_DMAReceiveCplt                      0x08002619   Thumb Code   130  stm32f4xx_hal_uart.o(i.UART_DMAReceiveCplt)
    i.UART_DMARxHalfCplt                     0x0800269a   Section        0  stm32f4xx_hal_uart.o(i.UART_DMARxHalfCplt)
    UART_DMARxHalfCplt                       0x0800269b   Thumb Code    26  stm32f4xx_hal_uart.o(i.UART_DMARxHalfCplt)
    i.UART_EndRxTransfer                     0x080026b4   Section        0  stm32f4xx_hal_uart.o(i.UART_EndRxTransfer)
    UART_EndRxTransfer                       0x080026b5   Thumb Code    78  stm32f4xx_hal_uart.o(i.UART_EndRxTransfer)
    i.UART_EndTxTransfer                     0x08002702   Section        0  stm32f4xx_hal_uart.o(i.UART_EndTxTransfer)
    UART_EndTxTransfer                       0x08002703   Thumb Code    28  stm32f4xx_hal_uart.o(i.UART_EndTxTransfer)
    i.UART_Receive_IT                        0x0800271e   Section        0  stm32f4xx_hal_uart.o(i.UART_Receive_IT)
    UART_Receive_IT                          0x0800271f   Thumb Code   192  stm32f4xx_hal_uart.o(i.UART_Receive_IT)
    i.UART_SetConfig                         0x080027e0   Section        0  stm32f4xx_hal_uart.o(i.UART_SetConfig)
    UART_SetConfig                           0x080027e1   Thumb Code   258  stm32f4xx_hal_uart.o(i.UART_SetConfig)
    i.UART_Start_Receive_DMA                 0x080028ec   Section        0  stm32f4xx_hal_uart.o(i.UART_Start_Receive_DMA)
    i.UART_WaitOnFlagUntilTimeout            0x0800297c   Section        0  stm32f4xx_hal_uart.o(i.UART_WaitOnFlagUntilTimeout)
    UART_WaitOnFlagUntilTimeout              0x0800297d   Thumb Code   120  stm32f4xx_hal_uart.o(i.UART_WaitOnFlagUntilTimeout)
    i.USART1_IRQHandler                      0x080029f4   Section        0  stm32f4xx_it.o(i.USART1_IRQHandler)
    i.USART2_IRQHandler                      0x08002a00   Section        0  stm32f4xx_it.o(i.USART2_IRQHandler)
    i.USART3_IRQHandler                      0x08002a0c   Section        0  stm32f4xx_it.o(i.USART3_IRQHandler)
    i.USER_UART_IDLECallback                 0x08002a30   Section        0  usart.o(i.USER_UART_IDLECallback)
    i.UsageFault_Handler                     0x08002b80   Section        0  stm32f4xx_it.o(i.UsageFault_Handler)
    i.__0printf                              0x08002b84   Section        0  printfa.o(i.__0printf)
    i.__NVIC_SetPriority                     0x08002ba4   Section        0  stm32f4xx_hal_cortex.o(i.__NVIC_SetPriority)
    __NVIC_SetPriority                       0x08002ba5   Thumb Code    32  stm32f4xx_hal_cortex.o(i.__NVIC_SetPriority)
    i.__hardfp_sqrt                          0x08002bc4   Section        0  sqrt.o(i.__hardfp_sqrt)
    i.__scatterload_copy                     0x08002c3e   Section       14  handlers.o(i.__scatterload_copy)
    i.__scatterload_null                     0x08002c4c   Section        2  handlers.o(i.__scatterload_null)
    i.__scatterload_zeroinit                 0x08002c4e   Section       14  handlers.o(i.__scatterload_zeroinit)
    i.__set_errno                            0x08002c5c   Section        0  errno.o(i.__set_errno)
    i._fp_digits                             0x08002c68   Section        0  printfa.o(i._fp_digits)
    _fp_digits                               0x08002c69   Thumb Code   366  printfa.o(i._fp_digits)
    i._printf_core                           0x08002dec   Section        0  printfa.o(i._printf_core)
    _printf_core                             0x08002ded   Thumb Code  1704  printfa.o(i._printf_core)
    i._printf_post_padding                   0x080034a0   Section        0  printfa.o(i._printf_post_padding)
    _printf_post_padding                     0x080034a1   Thumb Code    36  printfa.o(i._printf_post_padding)
    i._printf_pre_padding                    0x080034c4   Section        0  printfa.o(i._printf_pre_padding)
    _printf_pre_padding                      0x080034c5   Thumb Code    46  printfa.o(i._printf_pre_padding)
    i.arg_prase                              0x080034f2   Section        0  main.o(i.arg_prase)
    i.calculate_chans_distance               0x080034f4   Section        0  main.o(i.calculate_chans_distance)
    i.calculate_sound_source                 0x080035cc   Section        0  main.o(i.calculate_sound_source)
    i.chans_meth                             0x080036f0   Section        0  dtoa.o(i.chans_meth)
    i.fputc                                  0x080036f4   Section        0  usart.o(i.fputc)
    i.free                                   0x0800370c   Section        0  malloc.o(i.free)
    i.genfunc                                0x0800375c   Section        0  dtoa.o(i.genfunc)
    i.get_det_d                              0x080038b4   Section        0  main.o(i.get_det_d)
    i.main                                   0x080038e4   Section        0  main.o(i.main)
    i.malloc                                 0x080039ec   Section        0  malloc.o(i.malloc)
    i.microphone_init                        0x08003a58   Section        0  main.o(i.microphone_init)
    i.pop                                    0x08003a94   Section        0  main.o(i.pop)
    i.print_tick                             0x08003ac4   Section        0  stm32f4xx_it.o(i.print_tick)
    i.print_vector                           0x08003b50   Section        0  dtoa.o(i.print_vector)
    i.push                                   0x08003b90   Section        0  main.o(i.push)
    i.size                                   0x08003bb2   Section        0  main.o(i.size)
    i.time_init                              0x08003bd0   Section        0  main.o(i.time_init)
    i.update_timestamp                       0x08003c04   Section        0  stm32f4xx_it.o(i.update_timestamp)
    i.vector2_add_vector2                    0x08003c64   Section        0  dtoa.o(i.vector2_add_vector2)
    i.vector2_plus                           0x08003c6e   Section        0  dtoa.o(i.vector2_plus)
    i.window_process                         0x08003c78   Section        0  stm32f4xx_it.o(i.window_process)
    .constdata                               0x08003d0c   Section        8  stm32f4xx_hal_dma.o(.constdata)
    flagBitshiftOffset                       0x08003d0c   Data           8  stm32f4xx_hal_dma.o(.constdata)
    .constdata                               0x08003d14   Section       16  system_stm32f4xx.o(.constdata)
    .constdata                               0x08003d24   Section        8  system_stm32f4xx.o(.constdata)
    .conststring                             0x08003d2c   Section       15  dtoa.o(.conststring)
    .data                                    0x20000000   Section        5  main.o(.data)
    .data                                    0x20000008   Section       24  stm32f4xx_it.o(.data)
    .data                                    0x20000020   Section       12  stm32f4xx_hal.o(.data)
    .data                                    0x2000002c   Section        4  system_stm32f4xx.o(.data)
    .data                                    0x20000030   Section        4  stdout.o(.data)
    .data                                    0x20000034   Section        4  mvars.o(.data)
    .data                                    0x20000038   Section        4  mvars.o(.data)
    .data                                    0x2000003c   Section        4  errno.o(.data)
    _errno                                   0x2000003c   Data           4  errno.o(.data)
    .bss                                     0x20000040   Section      112  main.o(.bss)
    .bss                                     0x200000b0   Section      216  tim.o(.bss)
    .bss                                     0x20000188   Section      876  usart.o(.bss)
    .bss                                     0x200004f4   Section     4008  stm32f4xx_it.o(.bss)
    HEAP                                     0x200014a0   Section      512  startup_stm32f407xx.o(HEAP)
    STACK                                    0x200016a0   Section     1024  startup_stm32f407xx.o(STACK)

    Global Symbols

    Symbol Name                              Value     Ov Type        Size  Object(Section)

    BuildAttributes$$THM_ISAv4$E$P$D$K$B$S$7EM$VFPi3$EXTD16$VFPS$VFMA$PE$A:L22UL41UL21$X:L11$S22US41US21$IEEE1$IW$USESV6$~STKCKD$USESV7$~SHL$OTIME$ROPI$IEEEJ$EBA8$MICROLIB$REQ8$PRES8$EABIv2 0x00000000   Number         0  anon$$obj.o ABSOLUTE
    __ARM_use_no_argv                        0x00000000   Number         0  main.o ABSOLUTE
    _printf_a                                0x00000000   Number         0  stubs.o ABSOLUTE
    _printf_c                                0x00000000   Number         0  stubs.o ABSOLUTE
    _printf_charcount                        0x00000000   Number         0  stubs.o ABSOLUTE
    _printf_d                                0x00000000   Number         0  stubs.o ABSOLUTE
    _printf_e                                0x00000000   Number         0  stubs.o ABSOLUTE
    _printf_f                                0x00000000   Number         0  stubs.o ABSOLUTE
    _printf_flags                            0x00000000   Number         0  stubs.o ABSOLUTE
    _printf_fp_dec                           0x00000000   Number         0  stubs.o ABSOLUTE
    _printf_fp_hex                           0x00000000   Number         0  stubs.o ABSOLUTE
    _printf_g                                0x00000000   Number         0  stubs.o ABSOLUTE
    _printf_i                                0x00000000   Number         0  stubs.o ABSOLUTE
    _printf_int_dec                          0x00000000   Number         0  stubs.o ABSOLUTE
    _printf_l                                0x00000000   Number         0  stubs.o ABSOLUTE
    _printf_lc                               0x00000000   Number         0  stubs.o ABSOLUTE
    _printf_ll                               0x00000000   Number         0  stubs.o ABSOLUTE
    _printf_lld                              0x00000000   Number         0  stubs.o ABSOLUTE
    _printf_lli                              0x00000000   Number         0  stubs.o ABSOLUTE
    _printf_llo                              0x00000000   Number         0  stubs.o ABSOLUTE
    _printf_llu                              0x00000000   Number         0  stubs.o ABSOLUTE
    _printf_llx                              0x00000000   Number         0  stubs.o ABSOLUTE
    _printf_longlong_dec                     0x00000000   Number         0  stubs.o ABSOLUTE
    _printf_longlong_hex                     0x00000000   Number         0  stubs.o ABSOLUTE
    _printf_longlong_oct                     0x00000000   Number         0  stubs.o ABSOLUTE
    _printf_ls                               0x00000000   Number         0  stubs.o ABSOLUTE
    _printf_mbtowc                           0x00000000   Number         0  stubs.o ABSOLUTE
    _printf_n                                0x00000000   Number         0  stubs.o ABSOLUTE
    _printf_o                                0x00000000   Number         0  stubs.o ABSOLUTE
    _printf_p                                0x00000000   Number         0  stubs.o ABSOLUTE
    _printf_percent                          0x00000000   Number         0  stubs.o ABSOLUTE
    _printf_pre_padding                      0x00000000   Number         0  stubs.o ABSOLUTE
    _printf_return_value                     0x00000000   Number         0  stubs.o ABSOLUTE
    _printf_s                                0x00000000   Number         0  stubs.o ABSOLUTE
    _printf_sizespec                         0x00000000   Number         0  stubs.o ABSOLUTE
    _printf_str                              0x00000000   Number         0  stubs.o ABSOLUTE
    _printf_truncate_signed                  0x00000000   Number         0  stubs.o ABSOLUTE
    _printf_truncate_unsigned                0x00000000   Number         0  stubs.o ABSOLUTE
    _printf_u                                0x00000000   Number         0  stubs.o ABSOLUTE
    _printf_wc                               0x00000000   Number         0  stubs.o ABSOLUTE
    _printf_wctomb                           0x00000000   Number         0  stubs.o ABSOLUTE
    _printf_widthprec                        0x00000000   Number         0  stubs.o ABSOLUTE
    _printf_x                                0x00000000   Number         0  stubs.o ABSOLUTE
    __arm_fini_                               - Undefined Weak Reference
    __cpp_initialize__aeabi_                  - Undefined Weak Reference
    __cxa_finalize                            - Undefined Weak Reference
    __decompress                              - Undefined Weak Reference
    _clock_init                               - Undefined Weak Reference
    _microlib_exit                            - Undefined Weak Reference
    __Vectors_Size                           0x00000188   Number         0  startup_stm32f407xx.o ABSOLUTE
    __Vectors                                0x08000000   Data           4  startup_stm32f407xx.o(RESET)
    __Vectors_End                            0x08000188   Data           0  startup_stm32f407xx.o(RESET)
    __main                                   0x08000189   Thumb Code     0  entry.o(.ARM.Collect$$$$00000000)
    _main_stk                                0x08000189   Thumb Code     0  entry2.o(.ARM.Collect$$$$00000001)
    _main_scatterload                        0x0800018d   Thumb Code     0  entry5.o(.ARM.Collect$$$$00000004)
    __main_after_scatterload                 0x08000191   Thumb Code     0  entry5.o(.ARM.Collect$$$$00000004)
    _main_clock                              0x08000191   Thumb Code     0  entry7b.o(.ARM.Collect$$$$00000008)
    _main_cpp_init                           0x08000191   Thumb Code     0  entry8b.o(.ARM.Collect$$$$0000000A)
    _main_init                               0x08000191   Thumb Code     0  entry9a.o(.ARM.Collect$$$$0000000B)
    __rt_lib_shutdown_fini                   0x08000199   Thumb Code     0  entry12b.o(.ARM.Collect$$$$0000000E)
    __rt_final_cpp                           0x0800019d   Thumb Code     0  entry10a.o(.ARM.Collect$$$$0000000F)
    __rt_final_exit                          0x0800019d   Thumb Code     0  entry11a.o(.ARM.Collect$$$$00000011)
    Reset_Handler                            0x080001a1   Thumb Code     8  startup_stm32f407xx.o(.text)
    ADC_IRQHandler                           0x080001bb   Thumb Code     0  startup_stm32f407xx.o(.text)
    CAN1_RX0_IRQHandler                      0x080001bb   Thumb Code     0  startup_stm32f407xx.o(.text)
    CAN1_RX1_IRQHandler                      0x080001bb   Thumb Code     0  startup_stm32f407xx.o(.text)
    CAN1_SCE_IRQHandler                      0x080001bb   Thumb Code     0  startup_stm32f407xx.o(.text)
    CAN1_TX_IRQHandler                       0x080001bb   Thumb Code     0  startup_stm32f407xx.o(.text)
    CAN2_RX0_IRQHandler                      0x080001bb   Thumb Code     0  startup_stm32f407xx.o(.text)
    CAN2_RX1_IRQHandler                      0x080001bb   Thumb Code     0  startup_stm32f407xx.o(.text)
    CAN2_SCE_IRQHandler                      0x080001bb   Thumb Code     0  startup_stm32f407xx.o(.text)
    CAN2_TX_IRQHandler                       0x080001bb   Thumb Code     0  startup_stm32f407xx.o(.text)
    DCMI_IRQHandler                          0x080001bb   Thumb Code     0  startup_stm32f407xx.o(.text)
    DMA1_Stream0_IRQHandler                  0x080001bb   Thumb Code     0  startup_stm32f407xx.o(.text)
    DMA1_Stream2_IRQHandler                  0x080001bb   Thumb Code     0  startup_stm32f407xx.o(.text)
    DMA1_Stream3_IRQHandler                  0x080001bb   Thumb Code     0  startup_stm32f407xx.o(.text)
    DMA1_Stream4_IRQHandler                  0x080001bb   Thumb Code     0  startup_stm32f407xx.o(.text)
    DMA1_Stream6_IRQHandler                  0x080001bb   Thumb Code     0  startup_stm32f407xx.o(.text)
    DMA1_Stream7_IRQHandler                  0x080001bb   Thumb Code     0  startup_stm32f407xx.o(.text)
    DMA2_Stream0_IRQHandler                  0x080001bb   Thumb Code     0  startup_stm32f407xx.o(.text)
    DMA2_Stream1_IRQHandler                  0x080001bb   Thumb Code     0  startup_stm32f407xx.o(.text)
    DMA2_Stream3_IRQHandler                  0x080001bb   Thumb Code     0  startup_stm32f407xx.o(.text)
    DMA2_Stream4_IRQHandler                  0x080001bb   Thumb Code     0  startup_stm32f407xx.o(.text)
    DMA2_Stream5_IRQHandler                  0x080001bb   Thumb Code     0  startup_stm32f407xx.o(.text)
    DMA2_Stream6_IRQHandler                  0x080001bb   Thumb Code     0  startup_stm32f407xx.o(.text)
    DMA2_Stream7_IRQHandler                  0x080001bb   Thumb Code     0  startup_stm32f407xx.o(.text)
    ETH_IRQHandler                           0x080001bb   Thumb Code     0  startup_stm32f407xx.o(.text)
    ETH_WKUP_IRQHandler                      0x080001bb   Thumb Code     0  startup_stm32f407xx.o(.text)
    EXTI0_IRQHandler                         0x080001bb   Thumb Code     0  startup_stm32f407xx.o(.text)
    EXTI15_10_IRQHandler                     0x080001bb   Thumb Code     0  startup_stm32f407xx.o(.text)
    EXTI1_IRQHandler                         0x080001bb   Thumb Code     0  startup_stm32f407xx.o(.text)
    EXTI2_IRQHandler                         0x080001bb   Thumb Code     0  startup_stm32f407xx.o(.text)
    EXTI3_IRQHandler                         0x080001bb   Thumb Code     0  startup_stm32f407xx.o(.text)
    EXTI4_IRQHandler                         0x080001bb   Thumb Code     0  startup_stm32f407xx.o(.text)
    EXTI9_5_IRQHandler                       0x080001bb   Thumb Code     0  startup_stm32f407xx.o(.text)
    FLASH_IRQHandler                         0x080001bb   Thumb Code     0  startup_stm32f407xx.o(.text)
    FMC_IRQHandler                           0x080001bb   Thumb Code     0  startup_stm32f407xx.o(.text)
    FPU_IRQHandler                           0x080001bb   Thumb Code     0  startup_stm32f407xx.o(.text)
    HASH_RNG_IRQHandler                      0x080001bb   Thumb Code     0  startup_stm32f407xx.o(.text)
    I2C1_ER_IRQHandler                       0x080001bb   Thumb Code     0  startup_stm32f407xx.o(.text)
    I2C1_EV_IRQHandler                       0x080001bb   Thumb Code     0  startup_stm32f407xx.o(.text)
    I2C2_ER_IRQHandler                       0x080001bb   Thumb Code     0  startup_stm32f407xx.o(.text)
    I2C2_EV_IRQHandler                       0x080001bb   Thumb Code     0  startup_stm32f407xx.o(.text)
    I2C3_ER_IRQHandler                       0x080001bb   Thumb Code     0  startup_stm32f407xx.o(.text)
    I2C3_EV_IRQHandler                       0x080001bb   Thumb Code     0  startup_stm32f407xx.o(.text)
    OTG_FS_IRQHandler                        0x080001bb   Thumb Code     0  startup_stm32f407xx.o(.text)
    OTG_FS_WKUP_IRQHandler                   0x080001bb   Thumb Code     0  startup_stm32f407xx.o(.text)
    OTG_HS_EP1_IN_IRQHandler                 0x080001bb   Thumb Code     0  startup_stm32f407xx.o(.text)
    OTG_HS_EP1_OUT_IRQHandler                0x080001bb   Thumb Code     0  startup_stm32f407xx.o(.text)
    OTG_HS_IRQHandler                        0x080001bb   Thumb Code     0  startup_stm32f407xx.o(.text)
    OTG_HS_WKUP_IRQHandler                   0x080001bb   Thumb Code     0  startup_stm32f407xx.o(.text)
    PVD_IRQHandler                           0x080001bb   Thumb Code     0  startup_stm32f407xx.o(.text)
    RCC_IRQHandler                           0x080001bb   Thumb Code     0  startup_stm32f407xx.o(.text)
    RTC_Alarm_IRQHandler                     0x080001bb   Thumb Code     0  startup_stm32f407xx.o(.text)
    RTC_WKUP_IRQHandler                      0x080001bb   Thumb Code     0  startup_stm32f407xx.o(.text)
    SDIO_IRQHandler                          0x080001bb   Thumb Code     0  startup_stm32f407xx.o(.text)
    SPI1_IRQHandler                          0x080001bb   Thumb Code     0  startup_stm32f407xx.o(.text)
    SPI2_IRQHandler                          0x080001bb   Thumb Code     0  startup_stm32f407xx.o(.text)
    SPI3_IRQHandler                          0x080001bb   Thumb Code     0  startup_stm32f407xx.o(.text)
    TAMP_STAMP_IRQHandler                    0x080001bb   Thumb Code     0  startup_stm32f407xx.o(.text)
    TIM1_BRK_TIM9_IRQHandler                 0x080001bb   Thumb Code     0  startup_stm32f407xx.o(.text)
    TIM1_CC_IRQHandler                       0x080001bb   Thumb Code     0  startup_stm32f407xx.o(.text)
    TIM1_TRG_COM_TIM11_IRQHandler            0x080001bb   Thumb Code     0  startup_stm32f407xx.o(.text)
    TIM2_IRQHandler                          0x080001bb   Thumb Code     0  startup_stm32f407xx.o(.text)
    TIM3_IRQHandler                          0x080001bb   Thumb Code     0  startup_stm32f407xx.o(.text)
    TIM4_IRQHandler                          0x080001bb   Thumb Code     0  startup_stm32f407xx.o(.text)
    TIM5_IRQHandler                          0x080001bb   Thumb Code     0  startup_stm32f407xx.o(.text)
    TIM6_DAC_IRQHandler                      0x080001bb   Thumb Code     0  startup_stm32f407xx.o(.text)
    TIM7_IRQHandler                          0x080001bb   Thumb Code     0  startup_stm32f407xx.o(.text)
    TIM8_BRK_TIM12_IRQHandler                0x080001bb   Thumb Code     0  startup_stm32f407xx.o(.text)
    TIM8_CC_IRQHandler                       0x080001bb   Thumb Code     0  startup_stm32f407xx.o(.text)
    TIM8_TRG_COM_TIM14_IRQHandler            0x080001bb   Thumb Code     0  startup_stm32f407xx.o(.text)
    TIM8_UP_TIM13_IRQHandler                 0x080001bb   Thumb Code     0  startup_stm32f407xx.o(.text)
    UART4_IRQHandler                         0x080001bb   Thumb Code     0  startup_stm32f407xx.o(.text)
    UART5_IRQHandler                         0x080001bb   Thumb Code     0  startup_stm32f407xx.o(.text)
    USART6_IRQHandler                        0x080001bb   Thumb Code     0  startup_stm32f407xx.o(.text)
    WWDG_IRQHandler                          0x080001bb   Thumb Code     0  startup_stm32f407xx.o(.text)
    __aeabi_uldivmod                         0x080001c5   Thumb Code    98  uldiv.o(.text)
    __aeabi_memcpy                           0x08000227   Thumb Code    36  memcpya.o(.text)
    __aeabi_memcpy4                          0x08000227   Thumb Code     0  memcpya.o(.text)
    __aeabi_memcpy8                          0x08000227   Thumb Code     0  memcpya.o(.text)
    __aeabi_memset                           0x0800024b   Thumb Code    14  memseta.o(.text)
    __aeabi_memset4                          0x0800024b   Thumb Code     0  memseta.o(.text)
    __aeabi_memset8                          0x0800024b   Thumb Code     0  memseta.o(.text)
    __aeabi_memclr                           0x08000259   Thumb Code     4  memseta.o(.text)
    __aeabi_memclr4                          0x08000259   Thumb Code     0  memseta.o(.text)
    __aeabi_memclr8                          0x08000259   Thumb Code     0  memseta.o(.text)
    _memset$wrapper                          0x0800025d   Thumb Code    18  memseta.o(.text)
    __aeabi_f2d                              0x0800026f   Thumb Code    38  f2d.o(.text)
    __aeabi_d2f                              0x08000295   Thumb Code    56  d2f.o(.text)
    __aeabi_uidiv                            0x080002cd   Thumb Code     0  uidiv.o(.text)
    __aeabi_uidivmod                         0x080002cd   Thumb Code    44  uidiv.o(.text)
    __aeabi_llsl                             0x080002f9   Thumb Code    30  llshl.o(.text)
    _ll_shift_l                              0x080002f9   Thumb Code     0  llshl.o(.text)
    __aeabi_llsr                             0x08000317   Thumb Code    32  llushr.o(.text)
    _ll_ushift_r                             0x08000317   Thumb Code     0  llushr.o(.text)
    __I$use$fp                               0x08000337   Thumb Code     0  iusefp.o(.text)
    _float_round                             0x08000337   Thumb Code    18  fepilogue.o(.text)
    _float_epilogue                          0x08000349   Thumb Code    92  fepilogue.o(.text)
    __aeabi_dadd                             0x080003a5   Thumb Code   322  dadd.o(.text)
    __aeabi_dsub                             0x080004e7   Thumb Code     6  dadd.o(.text)
    __aeabi_drsub                            0x080004ed   Thumb Code     6  dadd.o(.text)
    __aeabi_dmul                             0x080004f3   Thumb Code   228  dmul.o(.text)
    __aeabi_ddiv                             0x080005d7   Thumb Code   222  ddiv.o(.text)
    _dsqrt                                   0x080006b5   Thumb Code   162  dsqrt.o(.text)
    __aeabi_d2ulz                            0x08000757   Thumb Code    48  dfixul.o(.text)
    __aeabi_cdrcmple                         0x08000789   Thumb Code    48  cdrcmple.o(.text)
    __scatterload                            0x080007b9   Thumb Code    28  init.o(.text)
    __scatterload_rt2                        0x080007b9   Thumb Code     0  init.o(.text)
    __aeabi_lasr                             0x080007dd   Thumb Code    36  llsshr.o(.text)
    _ll_sshift_r                             0x080007dd   Thumb Code     0  llsshr.o(.text)
    _double_round                            0x08000801   Thumb Code    30  depilogue.o(.text)
    _double_epilogue                         0x0800081f   Thumb Code   156  depilogue.o(.text)
    BusFault_Handler                         0x080008bb   Thumb Code     2  stm32f4xx_it.o(i.BusFault_Handler)
    DMA1_Stream1_IRQHandler                  0x080008bd   Thumb Code     6  stm32f4xx_it.o(i.DMA1_Stream1_IRQHandler)
    DMA1_Stream5_IRQHandler                  0x080008c9   Thumb Code     6  stm32f4xx_it.o(i.DMA1_Stream5_IRQHandler)
    DMA2_Stream2_IRQHandler                  0x080008d5   Thumb Code     6  stm32f4xx_it.o(i.DMA2_Stream2_IRQHandler)
    DebugMon_Handler                         0x08000985   Thumb Code     2  stm32f4xx_it.o(i.DebugMon_Handler)
    Error_Handler                            0x08000987   Thumb Code     4  main.o(i.Error_Handler)
    HAL_DMA_Abort                            0x0800098b   Thumb Code   146  stm32f4xx_hal_dma.o(i.HAL_DMA_Abort)
    HAL_DMA_Abort_IT                         0x08000a1d   Thumb Code    36  stm32f4xx_hal_dma.o(i.HAL_DMA_Abort_IT)
    HAL_DMA_IRQHandler                       0x08000a41   Thumb Code   412  stm32f4xx_hal_dma.o(i.HAL_DMA_IRQHandler)
    HAL_DMA_Init                             0x08000be1   Thumb Code   206  stm32f4xx_hal_dma.o(i.HAL_DMA_Init)
    HAL_DMA_Start_IT                         0x08000cb5   Thumb Code   110  stm32f4xx_hal_dma.o(i.HAL_DMA_Start_IT)
    HAL_GPIO_Init                            0x08000d25   Thumb Code   450  stm32f4xx_hal_gpio.o(i.HAL_GPIO_Init)
    HAL_GPIO_ReadPin                         0x08000f15   Thumb Code    10  stm32f4xx_hal_gpio.o(i.HAL_GPIO_ReadPin)
    HAL_GetTick                              0x08000f21   Thumb Code     6  stm32f4xx_hal.o(i.HAL_GetTick)
    HAL_IncTick                              0x08000f2d   Thumb Code    12  stm32f4xx_hal.o(i.HAL_IncTick)
    HAL_Init                                 0x08000f3d   Thumb Code    48  stm32f4xx_hal.o(i.HAL_Init)
    HAL_InitTick                             0x08000f71   Thumb Code    54  stm32f4xx_hal.o(i.HAL_InitTick)
    HAL_MspInit                              0x08000fb1   Thumb Code    42  stm32f4xx_hal_msp.o(i.HAL_MspInit)
    HAL_NVIC_EnableIRQ                       0x08000fe1   Thumb Code    26  stm32f4xx_hal_cortex.o(i.HAL_NVIC_EnableIRQ)
    HAL_NVIC_SetPriority                     0x08000ffd   Thumb Code    60  stm32f4xx_hal_cortex.o(i.HAL_NVIC_SetPriority)
    HAL_NVIC_SetPriorityGrouping             0x0800103d   Thumb Code    26  stm32f4xx_hal_cortex.o(i.HAL_NVIC_SetPriorityGrouping)
    HAL_RCC_ClockConfig                      0x08001061   Thumb Code   288  stm32f4xx_hal_rcc.o(i.HAL_RCC_ClockConfig)
    HAL_RCC_GetPCLK1Freq                     0x08001195   Thumb Code    20  stm32f4xx_hal_rcc.o(i.HAL_RCC_GetPCLK1Freq)
    HAL_RCC_GetPCLK2Freq                     0x080011b5   Thumb Code    20  stm32f4xx_hal_rcc.o(i.HAL_RCC_GetPCLK2Freq)
    HAL_RCC_GetSysClockFreq                  0x080011d5   Thumb Code    88  stm32f4xx_hal_rcc.o(i.HAL_RCC_GetSysClockFreq)
    HAL_RCC_OscConfig                        0x08001235   Thumb Code   856  stm32f4xx_hal_rcc.o(i.HAL_RCC_OscConfig)
    HAL_SYSTICK_Config                       0x080015a1   Thumb Code    40  stm32f4xx_hal_cortex.o(i.HAL_SYSTICK_Config)
    HAL_TIMEx_BreakCallback                  0x080015c9   Thumb Code     2  stm32f4xx_hal_tim_ex.o(i.HAL_TIMEx_BreakCallback)
    HAL_TIMEx_CommutCallback                 0x080015cb   Thumb Code     2  stm32f4xx_hal_tim_ex.o(i.HAL_TIMEx_CommutCallback)
    HAL_TIMEx_MasterConfigSynchronization    0x080015cd   Thumb Code   116  stm32f4xx_hal_tim_ex.o(i.HAL_TIMEx_MasterConfigSynchronization)
    HAL_TIM_Base_Init                        0x0800165d   Thumb Code    90  stm32f4xx_hal_tim.o(i.HAL_TIM_Base_Init)
    HAL_TIM_Base_MspInit                     0x080016b9   Thumb Code    98  tim.o(i.HAL_TIM_Base_MspInit)
    HAL_TIM_Base_Start                       0x08001729   Thumb Code    90  stm32f4xx_hal_tim.o(i.HAL_TIM_Base_Start)
    HAL_TIM_Base_Start_IT                    0x080017a1   Thumb Code   100  stm32f4xx_hal_tim.o(i.HAL_TIM_Base_Start_IT)
    HAL_TIM_ConfigClockSource                0x08001821   Thumb Code   220  stm32f4xx_hal_tim.o(i.HAL_TIM_ConfigClockSource)
    HAL_TIM_IC_CaptureCallback               0x080018fd   Thumb Code     2  stm32f4xx_hal_tim.o(i.HAL_TIM_IC_CaptureCallback)
    HAL_TIM_IRQHandler                       0x080018ff   Thumb Code   358  stm32f4xx_hal_tim.o(i.HAL_TIM_IRQHandler)
    HAL_TIM_OC_DelayElapsedCallback          0x08001a65   Thumb Code     2  stm32f4xx_hal_tim.o(i.HAL_TIM_OC_DelayElapsedCallback)
    HAL_TIM_PWM_PulseFinishedCallback        0x08001a67   Thumb Code     2  stm32f4xx_hal_tim.o(i.HAL_TIM_PWM_PulseFinishedCallback)
    HAL_TIM_PeriodElapsedCallback            0x08001a69   Thumb Code   104  stm32f4xx_it.o(i.HAL_TIM_PeriodElapsedCallback)
    HAL_TIM_TriggerCallback                  0x08001ae1   Thumb Code     2  stm32f4xx_hal_tim.o(i.HAL_TIM_TriggerCallback)
    HAL_UARTEx_RxEventCallback               0x08001ae3   Thumb Code     2  stm32f4xx_hal_uart.o(i.HAL_UARTEx_RxEventCallback)
    HAL_UART_DMAStop                         0x08001ae5   Thumb Code   112  stm32f4xx_hal_uart.o(i.HAL_UART_DMAStop)
    HAL_UART_ErrorCallback                   0x08001b55   Thumb Code     2  stm32f4xx_hal_uart.o(i.HAL_UART_ErrorCallback)
    HAL_UART_IRQHandler                      0x08001b59   Thumb Code   610  stm32f4xx_hal_uart.o(i.HAL_UART_IRQHandler)
    HAL_UART_Init                            0x08001dc1   Thumb Code    98  stm32f4xx_hal_uart.o(i.HAL_UART_Init)
    HAL_UART_MspInit                         0x08001e25   Thumb Code   500  usart.o(i.HAL_UART_MspInit)
    HAL_UART_Receive_DMA                     0x0800203d   Thumb Code    42  stm32f4xx_hal_uart.o(i.HAL_UART_Receive_DMA)
    HAL_UART_RxCpltCallback                  0x08002067   Thumb Code     2  stm32f4xx_hal_uart.o(i.HAL_UART_RxCpltCallback)
    HAL_UART_RxHalfCpltCallback              0x08002069   Thumb Code     2  stm32f4xx_hal_uart.o(i.HAL_UART_RxHalfCpltCallback)
    HAL_UART_Transmit                        0x0800206d   Thumb Code   178  stm32f4xx_hal_uart.o(i.HAL_UART_Transmit)
    HAL_UART_TxCpltCallback                  0x0800211f   Thumb Code     2  stm32f4xx_hal_uart.o(i.HAL_UART_TxCpltCallback)
    HardFault_Handler                        0x08002121   Thumb Code     2  stm32f4xx_it.o(i.HardFault_Handler)
    MX_DMA_Init                              0x08002125   Thumb Code    88  dma.o(i.MX_DMA_Init)
    MX_GPIO_Init                             0x08002181   Thumb Code   116  gpio.o(i.MX_GPIO_Init)
    MX_TIM10_Init                            0x080021fd   Thumb Code    46  tim.o(i.MX_TIM10_Init)
    MX_TIM1_Init                             0x08002235   Thumb Code    94  tim.o(i.MX_TIM1_Init)
    MX_TIM2_Init                             0x0800229d   Thumb Code    94  tim.o(i.MX_TIM2_Init)
    MX_USART1_UART_Init                      0x08002301   Thumb Code    48  usart.o(i.MX_USART1_UART_Init)
    MX_USART2_UART_Init                      0x08002339   Thumb Code    48  usart.o(i.MX_USART2_UART_Init)
    MX_USART3_UART_Init                      0x08002371   Thumb Code    66  usart.o(i.MX_USART3_UART_Init)
    MemManage_Handler                        0x080023c1   Thumb Code     2  stm32f4xx_it.o(i.MemManage_Handler)
    NMI_Handler                              0x080023c3   Thumb Code     2  stm32f4xx_it.o(i.NMI_Handler)
    PendSV_Handler                           0x080023c5   Thumb Code     2  stm32f4xx_it.o(i.PendSV_Handler)
    SVC_Handler                              0x080023c7   Thumb Code     2  stm32f4xx_it.o(i.SVC_Handler)
    SysTick_Handler                          0x080023c9   Thumb Code     4  stm32f4xx_it.o(i.SysTick_Handler)
    SystemClock_Config                       0x080023cd   Thumb Code   138  main.o(i.SystemClock_Config)
    SystemInit                               0x08002461   Thumb Code    12  system_stm32f4xx.o(i.SystemInit)
    TIM1_UP_TIM10_IRQHandler                 0x08002471   Thumb Code    18  stm32f4xx_it.o(i.TIM1_UP_TIM10_IRQHandler)
    TIM_Base_SetConfig                       0x0800248d   Thumb Code   156  stm32f4xx_hal_tim.o(i.TIM_Base_SetConfig)
    TIM_ETR_SetConfig                        0x08002555   Thumb Code    20  stm32f4xx_hal_tim.o(i.TIM_ETR_SetConfig)
    UART_Start_Receive_DMA                   0x080028ed   Thumb Code   130  stm32f4xx_hal_uart.o(i.UART_Start_Receive_DMA)
    USART1_IRQHandler                        0x080029f5   Thumb Code     6  stm32f4xx_it.o(i.USART1_IRQHandler)
    USART2_IRQHandler                        0x08002a01   Thumb Code     6  stm32f4xx_it.o(i.USART2_IRQHandler)
    USART3_IRQHandler                        0x08002a0d   Thumb Code    30  stm32f4xx_it.o(i.USART3_IRQHandler)
    USER_UART_IDLECallback                   0x08002a31   Thumb Code   264  usart.o(i.USER_UART_IDLECallback)
    UsageFault_Handler                       0x08002b81   Thumb Code     2  stm32f4xx_it.o(i.UsageFault_Handler)
    __0printf                                0x08002b85   Thumb Code    22  printfa.o(i.__0printf)
    __1printf                                0x08002b85   Thumb Code     0  printfa.o(i.__0printf)
    __2printf                                0x08002b85   Thumb Code     0  printfa.o(i.__0printf)
    __c89printf                              0x08002b85   Thumb Code     0  printfa.o(i.__0printf)
    printf                                   0x08002b85   Thumb Code     0  printfa.o(i.__0printf)
    __hardfp_sqrt                            0x08002bc5   Thumb Code   122  sqrt.o(i.__hardfp_sqrt)
    __scatterload_copy                       0x08002c3f   Thumb Code    14  handlers.o(i.__scatterload_copy)
    __scatterload_null                       0x08002c4d   Thumb Code     2  handlers.o(i.__scatterload_null)
    __scatterload_zeroinit                   0x08002c4f   Thumb Code    14  handlers.o(i.__scatterload_zeroinit)
    __set_errno                              0x08002c5d   Thumb Code     6  errno.o(i.__set_errno)
    arg_prase                                0x080034f3   Thumb Code     2  main.o(i.arg_prase)
    calculate_chans_distance                 0x080034f5   Thumb Code   192  main.o(i.calculate_chans_distance)
    calculate_sound_source                   0x080035cd   Thumb Code   270  main.o(i.calculate_sound_source)
    chans_meth                               0x080036f1   Thumb Code     4  dtoa.o(i.chans_meth)
    fputc                                    0x080036f5   Thumb Code    20  usart.o(i.fputc)
    free                                     0x0800370d   Thumb Code    76  malloc.o(i.free)
    genfunc                                  0x0800375d   Thumb Code   344  dtoa.o(i.genfunc)
    get_det_d                                0x080038b5   Thumb Code    38  main.o(i.get_det_d)
    main                                     0x080038e5   Thumb Code   216  main.o(i.main)
    malloc                                   0x080039ed   Thumb Code    92  malloc.o(i.malloc)
    microphone_init                          0x08003a59   Thumb Code    52  main.o(i.microphone_init)
    pop                                      0x08003a95   Thumb Code    48  main.o(i.pop)
    print_tick                               0x08003ac5   Thumb Code    76  stm32f4xx_it.o(i.print_tick)
    print_vector                             0x08003b51   Thumb Code    58  dtoa.o(i.print_vector)
    push                                     0x08003b91   Thumb Code    34  main.o(i.push)
    size                                     0x08003bb3   Thumb Code    30  main.o(i.size)
    time_init                                0x08003bd1   Thumb Code    42  main.o(i.time_init)
    update_timestamp                         0x08003c05   Thumb Code    80  stm32f4xx_it.o(i.update_timestamp)
    vector2_add_vector2                      0x08003c65   Thumb Code    10  dtoa.o(i.vector2_add_vector2)
    vector2_plus                             0x08003c6f   Thumb Code    10  dtoa.o(i.vector2_plus)
    window_process                           0x08003c79   Thumb Code   138  stm32f4xx_it.o(i.window_process)
    AHBPrescTable                            0x08003d14   Data          16  system_stm32f4xx.o(.constdata)
    APBPrescTable                            0x08003d24   Data           8  system_stm32f4xx.o(.constdata)
    Region$$Table$$Base                      0x08003d3c   Number         0  anon$$obj.o(Region$$Table)
    Region$$Table$$Limit                     0x08003d5c   Number         0  anon$$obj.o(Region$$Table)
    sample_flag                              0x20000000   Data           1  main.o(.data)
    mic_order_cpy                            0x20000001   Data           4  main.o(.data)
    order                                    0x20000008   Data           1  stm32f4xx_it.o(.data)
    log_tick                                 0x2000000c   Data           4  stm32f4xx_it.o(.data)
    mic_bit                                  0x20000010   Data           4  stm32f4xx_it.o(.data)
    mic_cur                                  0x20000014   Data           4  stm32f4xx_it.o(.data)
    mic_lst                                  0x20000018   Data           4  stm32f4xx_it.o(.data)
    mic_order                                0x2000001c   Data           4  stm32f4xx_it.o(.data)
    uwTickFreq                               0x20000020   Data           1  stm32f4xx_hal.o(.data)
    uwTickPrio                               0x20000024   Data           4  stm32f4xx_hal.o(.data)
    uwTick                                   0x20000028   Data           4  stm32f4xx_hal.o(.data)
    SystemCoreClock                          0x2000002c   Data           4  system_stm32f4xx.o(.data)
    __stdout                                 0x20000030   Data           4  stdout.o(.data)
    __microlib_freelist                      0x20000034   Data           4  mvars.o(.data)
    __microlib_freelist_initialised          0x20000038   Data           4  mvars.o(.data)
    mp_timestamp                             0x20000040   Data          16  main.o(.bss)
    mp_ts_cpy                                0x20000050   Data          16  main.o(.bss)
    delta_distance                           0x20000060   Data          24  main.o(.bss)
    chans_distance                           0x20000078   Data          24  main.o(.bss)
    mp_pos                                   0x20000090   Data          32  main.o(.bss)
    htim1                                    0x200000b0   Data          72  tim.o(.bss)
    htim2                                    0x200000f8   Data          72  tim.o(.bss)
    htim10                                   0x20000140   Data          72  tim.o(.bss)
    usart1_buffer                            0x20000188   Data         128  usart.o(.bss)
    usart2_buffer                            0x20000208   Data         128  usart.o(.bss)
    usart3_buffer                            0x20000288   Data         128  usart.o(.bss)
    huart1                                   0x20000308   Data          68  usart.o(.bss)
    huart2                                   0x2000034c   Data          68  usart.o(.bss)
    huart3                                   0x20000390   Data          68  usart.o(.bss)
    hdma_usart1_rx                           0x200003d4   Data          96  usart.o(.bss)
    hdma_usart2_rx                           0x20000434   Data          96  usart.o(.bss)
    hdma_usart3_rx                           0x20000494   Data          96  usart.o(.bss)
    mic_que                                  0x200004f4   Data        4008  stm32f4xx_it.o(.bss)
    __heap_base                              0x200014a0   Data           0  startup_stm32f407xx.o(HEAP)
    __heap_limit                             0x200016a0   Data           0  startup_stm32f407xx.o(HEAP)
    __initial_sp                             0x20001aa0   Data           0  startup_stm32f407xx.o(STACK)



==============================================================================

Memory Map of the image

  Image Entry point : 0x08000189

  Load Region LR_IROM1 (Base: 0x08000000, Size: 0x00003d9c, Max: 0x00080000, ABSOLUTE)

    Execution Region ER_IROM1 (Exec base: 0x08000000, Load base: 0x08000000, Size: 0x00003d5c, Max: 0x00080000, ABSOLUTE)

    Exec Addr    Load Addr    Size         Type   Attr      Idx    E Section Name        Object

    0x08000000   0x08000000   0x00000188   Data   RO            3    RESET               startup_stm32f407xx.o
    0x08000188   0x08000188   0x00000000   Code   RO         3218  * .ARM.Collect$$$$00000000  mc_w.l(entry.o)
    0x08000188   0x08000188   0x00000004   Code   RO         3522    .ARM.Collect$$$$00000001  mc_w.l(entry2.o)
    0x0800018c   0x0800018c   0x00000004   Code   RO         3525    .ARM.Collect$$$$00000004  mc_w.l(entry5.o)
    0x08000190   0x08000190   0x00000000   Code   RO         3527    .ARM.Collect$$$$00000008  mc_w.l(entry7b.o)
    0x08000190   0x08000190   0x00000000   Code   RO         3529    .ARM.Collect$$$$0000000A  mc_w.l(entry8b.o)
    0x08000190   0x08000190   0x00000008   Code   RO         3530    .ARM.Collect$$$$0000000B  mc_w.l(entry9a.o)
    0x08000198   0x08000198   0x00000004   Code   RO         3537    .ARM.Collect$$$$0000000E  mc_w.l(entry12b.o)
    0x0800019c   0x0800019c   0x00000000   Code   RO         3532    .ARM.Collect$$$$0000000F  mc_w.l(entry10a.o)
    0x0800019c   0x0800019c   0x00000000   Code   RO         3534    .ARM.Collect$$$$00000011  mc_w.l(entry11a.o)
    0x0800019c   0x0800019c   0x00000004   Code   RO         3523    .ARM.Collect$$$$00002712  mc_w.l(entry2.o)
    0x080001a0   0x080001a0   0x00000024   Code   RO            4    .text               startup_stm32f407xx.o
    0x080001c4   0x080001c4   0x00000062   Code   RO         3221    .text               mc_w.l(uldiv.o)
    0x08000226   0x08000226   0x00000024   Code   RO         3223    .text               mc_w.l(memcpya.o)
    0x0800024a   0x0800024a   0x00000024   Code   RO         3225    .text               mc_w.l(memseta.o)
    0x0800026e   0x0800026e   0x00000026   Code   RO         3518    .text               mf_w.l(f2d.o)
    0x08000294   0x08000294   0x00000038   Code   RO         3520    .text               mf_w.l(d2f.o)
    0x080002cc   0x080002cc   0x0000002c   Code   RO         3539    .text               mc_w.l(uidiv.o)
    0x080002f8   0x080002f8   0x0000001e   Code   RO         3541    .text               mc_w.l(llshl.o)
    0x08000316   0x08000316   0x00000020   Code   RO         3543    .text               mc_w.l(llushr.o)
    0x08000336   0x08000336   0x00000000   Code   RO         3554    .text               mc_w.l(iusefp.o)
    0x08000336   0x08000336   0x0000006e   Code   RO         3555    .text               mf_w.l(fepilogue.o)
    0x080003a4   0x080003a4   0x0000014e   Code   RO         3557    .text               mf_w.l(dadd.o)
    0x080004f2   0x080004f2   0x000000e4   Code   RO         3559    .text               mf_w.l(dmul.o)
    0x080005d6   0x080005d6   0x000000de   Code   RO         3561    .text               mf_w.l(ddiv.o)
    0x080006b4   0x080006b4   0x000000a2   Code   RO         3563    .text               mf_w.l(dsqrt.o)
    0x08000756   0x08000756   0x00000030   Code   RO         3565    .text               mf_w.l(dfixul.o)
    0x08000786   0x08000786   0x00000002   PAD
    0x08000788   0x08000788   0x00000030   Code   RO         3569    .text               mf_w.l(cdrcmple.o)
    0x080007b8   0x080007b8   0x00000024   Code   RO         3571    .text               mc_w.l(init.o)
    0x080007dc   0x080007dc   0x00000024   Code   RO         3573    .text               mc_w.l(llsshr.o)
    0x08000800   0x08000800   0x000000ba   Code   RO         3575    .text               mf_w.l(depilogue.o)
    0x080008ba   0x080008ba   0x00000002   Code   RO          526    i.BusFault_Handler  stm32f4xx_it.o
    0x080008bc   0x080008bc   0x0000000c   Code   RO          527    i.DMA1_Stream1_IRQHandler  stm32f4xx_it.o
    0x080008c8   0x080008c8   0x0000000c   Code   RO          528    i.DMA1_Stream5_IRQHandler  stm32f4xx_it.o
    0x080008d4   0x080008d4   0x0000000c   Code   RO          529    i.DMA2_Stream2_IRQHandler  stm32f4xx_it.o
    0x080008e0   0x080008e0   0x00000028   Code   RO         2129    i.DMA_CalcBaseAndBitshift  stm32f4xx_hal_dma.o
    0x08000908   0x08000908   0x00000054   Code   RO         2130    i.DMA_CheckFifoParam  stm32f4xx_hal_dma.o
    0x0800095c   0x0800095c   0x00000028   Code   RO         2131    i.DMA_SetConfig     stm32f4xx_hal_dma.o
    0x08000984   0x08000984   0x00000002   Code   RO          530    i.DebugMon_Handler  stm32f4xx_it.o
    0x08000986   0x08000986   0x00000004   Code   RO          126    i.Error_Handler     main.o
    0x0800098a   0x0800098a   0x00000092   Code   RO         2132    i.HAL_DMA_Abort     stm32f4xx_hal_dma.o
    0x08000a1c   0x08000a1c   0x00000024   Code   RO         2133    i.HAL_DMA_Abort_IT  stm32f4xx_hal_dma.o
    0x08000a40   0x08000a40   0x000001a0   Code   RO         2137    i.HAL_DMA_IRQHandler  stm32f4xx_hal_dma.o
    0x08000be0   0x08000be0   0x000000d4   Code   RO         2138    i.HAL_DMA_Init      stm32f4xx_hal_dma.o
    0x08000cb4   0x08000cb4   0x0000006e   Code   RO         2142    i.HAL_DMA_Start_IT  stm32f4xx_hal_dma.o
    0x08000d22   0x08000d22   0x00000002   PAD
    0x08000d24   0x08000d24   0x000001f0   Code   RO         2025    i.HAL_GPIO_Init     stm32f4xx_hal_gpio.o
    0x08000f14   0x08000f14   0x0000000a   Code   RO         2027    i.HAL_GPIO_ReadPin  stm32f4xx_hal_gpio.o
    0x08000f1e   0x08000f1e   0x00000002   PAD
    0x08000f20   0x08000f20   0x0000000c   Code   RO         2557    i.HAL_GetTick       stm32f4xx_hal.o
    0x08000f2c   0x08000f2c   0x00000010   Code   RO         2563    i.HAL_IncTick       stm32f4xx_hal.o
    0x08000f3c   0x08000f3c   0x00000034   Code   RO         2564    i.HAL_Init          stm32f4xx_hal.o
    0x08000f70   0x08000f70   0x00000040   Code   RO         2565    i.HAL_InitTick      stm32f4xx_hal.o
    0x08000fb0   0x08000fb0   0x00000030   Code   RO          673    i.HAL_MspInit       stm32f4xx_hal_msp.o
    0x08000fe0   0x08000fe0   0x0000001a   Code   RO         2414    i.HAL_NVIC_EnableIRQ  stm32f4xx_hal_cortex.o
    0x08000ffa   0x08000ffa   0x00000002   PAD
    0x08000ffc   0x08000ffc   0x00000040   Code   RO         2420    i.HAL_NVIC_SetPriority  stm32f4xx_hal_cortex.o
    0x0800103c   0x0800103c   0x00000024   Code   RO         2421    i.HAL_NVIC_SetPriorityGrouping  stm32f4xx_hal_cortex.o
    0x08001060   0x08001060   0x00000134   Code   RO         1671    i.HAL_RCC_ClockConfig  stm32f4xx_hal_rcc.o
    0x08001194   0x08001194   0x00000020   Code   RO         1678    i.HAL_RCC_GetPCLK1Freq  stm32f4xx_hal_rcc.o
    0x080011b4   0x080011b4   0x00000020   Code   RO         1679    i.HAL_RCC_GetPCLK2Freq  stm32f4xx_hal_rcc.o
    0x080011d4   0x080011d4   0x00000060   Code   RO         1680    i.HAL_RCC_GetSysClockFreq  stm32f4xx_hal_rcc.o
    0x08001234   0x08001234   0x0000036c   Code   RO         1683    i.HAL_RCC_OscConfig  stm32f4xx_hal_rcc.o
    0x080015a0   0x080015a0   0x00000028   Code   RO         2425    i.HAL_SYSTICK_Config  stm32f4xx_hal_cortex.o
    0x080015c8   0x080015c8   0x00000002   Code   RO         1403    i.HAL_TIMEx_BreakCallback  stm32f4xx_hal_tim_ex.o
    0x080015ca   0x080015ca   0x00000002   Code   RO         1404    i.HAL_TIMEx_CommutCallback  stm32f4xx_hal_tim_ex.o
    0x080015cc   0x080015cc   0x00000090   Code   RO         1422    i.HAL_TIMEx_MasterConfigSynchronization  stm32f4xx_hal_tim_ex.o
    0x0800165c   0x0800165c   0x0000005a   Code   RO          699    i.HAL_TIM_Base_Init  stm32f4xx_hal_tim.o
    0x080016b6   0x080016b6   0x00000002   PAD
    0x080016b8   0x080016b8   0x00000070   Code   RO          407    i.HAL_TIM_Base_MspInit  tim.o
    0x08001728   0x08001728   0x00000078   Code   RO          702    i.HAL_TIM_Base_Start  stm32f4xx_hal_tim.o
    0x080017a0   0x080017a0   0x00000080   Code   RO          704    i.HAL_TIM_Base_Start_IT  stm32f4xx_hal_tim.o
    0x08001820   0x08001820   0x000000dc   Code   RO          708    i.HAL_TIM_ConfigClockSource  stm32f4xx_hal_tim.o
    0x080018fc   0x080018fc   0x00000002   Code   RO          733    i.HAL_TIM_IC_CaptureCallback  stm32f4xx_hal_tim.o
    0x080018fe   0x080018fe   0x00000166   Code   RO          747    i.HAL_TIM_IRQHandler  stm32f4xx_hal_tim.o
    0x08001a64   0x08001a64   0x00000002   Code   RO          750    i.HAL_TIM_OC_DelayElapsedCallback  stm32f4xx_hal_tim.o
    0x08001a66   0x08001a66   0x00000002   Code   RO          777    i.HAL_TIM_PWM_PulseFinishedCallback  stm32f4xx_hal_tim.o
    0x08001a68   0x08001a68   0x00000078   Code   RO          531    i.HAL_TIM_PeriodElapsedCallback  stm32f4xx_it.o
    0x08001ae0   0x08001ae0   0x00000002   Code   RO          790    i.HAL_TIM_TriggerCallback  stm32f4xx_hal_tim.o
    0x08001ae2   0x08001ae2   0x00000002   Code   RO         2813    i.HAL_UARTEx_RxEventCallback  stm32f4xx_hal_uart.o
    0x08001ae4   0x08001ae4   0x00000070   Code   RO         2825    i.HAL_UART_DMAStop  stm32f4xx_hal_uart.o
    0x08001b54   0x08001b54   0x00000002   Code   RO         2827    i.HAL_UART_ErrorCallback  stm32f4xx_hal_uart.o
    0x08001b56   0x08001b56   0x00000002   PAD
    0x08001b58   0x08001b58   0x00000268   Code   RO         2830    i.HAL_UART_IRQHandler  stm32f4xx_hal_uart.o
    0x08001dc0   0x08001dc0   0x00000062   Code   RO         2831    i.HAL_UART_Init     stm32f4xx_hal_uart.o
    0x08001e22   0x08001e22   0x00000002   PAD
    0x08001e24   0x08001e24   0x00000218   Code   RO          461    i.HAL_UART_MspInit  usart.o
    0x0800203c   0x0800203c   0x0000002a   Code   RO         2835    i.HAL_UART_Receive_DMA  stm32f4xx_hal_uart.o
    0x08002066   0x08002066   0x00000002   Code   RO         2837    i.HAL_UART_RxCpltCallback  stm32f4xx_hal_uart.o
    0x08002068   0x08002068   0x00000002   Code   RO         2838    i.HAL_UART_RxHalfCpltCallback  stm32f4xx_hal_uart.o
    0x0800206a   0x0800206a   0x00000002   PAD
    0x0800206c   0x0800206c   0x000000b2   Code   RO         2839    i.HAL_UART_Transmit  stm32f4xx_hal_uart.o
    0x0800211e   0x0800211e   0x00000002   Code   RO         2842    i.HAL_UART_TxCpltCallback  stm32f4xx_hal_uart.o
    0x08002120   0x08002120   0x00000002   Code   RO          532    i.HardFault_Handler  stm32f4xx_it.o
    0x08002122   0x08002122   0x00000002   PAD
    0x08002124   0x08002124   0x0000005c   Code   RO          382    i.MX_DMA_Init       dma.o
    0x08002180   0x08002180   0x0000007c   Code   RO          354    i.MX_GPIO_Init      gpio.o
    0x080021fc   0x080021fc   0x00000038   Code   RO          408    i.MX_TIM10_Init     tim.o
    0x08002234   0x08002234   0x00000068   Code   RO          409    i.MX_TIM1_Init      tim.o
    0x0800229c   0x0800229c   0x00000064   Code   RO          410    i.MX_TIM2_Init      tim.o
    0x08002300   0x08002300   0x00000038   Code   RO          462    i.MX_USART1_UART_Init  usart.o
    0x08002338   0x08002338   0x00000038   Code   RO          463    i.MX_USART2_UART_Init  usart.o
    0x08002370   0x08002370   0x00000050   Code   RO          464    i.MX_USART3_UART_Init  usart.o
    0x080023c0   0x080023c0   0x00000002   Code   RO          533    i.MemManage_Handler  stm32f4xx_it.o
    0x080023c2   0x080023c2   0x00000002   Code   RO          534    i.NMI_Handler       stm32f4xx_it.o
    0x080023c4   0x080023c4   0x00000002   Code   RO          535    i.PendSV_Handler    stm32f4xx_it.o
    0x080023c6   0x080023c6   0x00000002   Code   RO          536    i.SVC_Handler       stm32f4xx_it.o
    0x080023c8   0x080023c8   0x00000004   Code   RO          537    i.SysTick_Handler   stm32f4xx_it.o
    0x080023cc   0x080023cc   0x00000094   Code   RO          127    i.SystemClock_Config  main.o
    0x08002460   0x08002460   0x00000010   Code   RO         3160    i.SystemInit        system_stm32f4xx.o
    0x08002470   0x08002470   0x0000001c   Code   RO          538    i.TIM1_UP_TIM10_IRQHandler  stm32f4xx_it.o
    0x0800248c   0x0800248c   0x000000c8   Code   RO          792    i.TIM_Base_SetConfig  stm32f4xx_hal_tim.o
    0x08002554   0x08002554   0x00000014   Code   RO          803    i.TIM_ETR_SetConfig  stm32f4xx_hal_tim.o
    0x08002568   0x08002568   0x00000010   Code   RO          804    i.TIM_ITRx_SetConfig  stm32f4xx_hal_tim.o
    0x08002578   0x08002578   0x00000022   Code   RO          810    i.TIM_TI1_ConfigInputStage  stm32f4xx_hal_tim.o
    0x0800259a   0x0800259a   0x00000024   Code   RO          812    i.TIM_TI2_ConfigInputStage  stm32f4xx_hal_tim.o
    0x080025be   0x080025be   0x00000010   Code   RO         2844    i.UART_DMAAbortOnError  stm32f4xx_hal_uart.o
    0x080025ce   0x080025ce   0x0000004a   Code   RO         2845    i.UART_DMAError     stm32f4xx_hal_uart.o
    0x08002618   0x08002618   0x00000082   Code   RO         2846    i.UART_DMAReceiveCplt  stm32f4xx_hal_uart.o
    0x0800269a   0x0800269a   0x0000001a   Code   RO         2848    i.UART_DMARxHalfCplt  stm32f4xx_hal_uart.o
    0x080026b4   0x080026b4   0x0000004e   Code   RO         2854    i.UART_EndRxTransfer  stm32f4xx_hal_uart.o
    0x08002702   0x08002702   0x0000001c   Code   RO         2855    i.UART_EndTxTransfer  stm32f4xx_hal_uart.o
    0x0800271e   0x0800271e   0x000000c0   Code   RO         2856    i.UART_Receive_IT   stm32f4xx_hal_uart.o
    0x080027de   0x080027de   0x00000002   PAD
    0x080027e0   0x080027e0   0x0000010c   Code   RO         2857    i.UART_SetConfig    stm32f4xx_hal_uart.o
    0x080028ec   0x080028ec   0x00000090   Code   RO         2858    i.UART_Start_Receive_DMA  stm32f4xx_hal_uart.o
    0x0800297c   0x0800297c   0x00000078   Code   RO         2860    i.UART_WaitOnFlagUntilTimeout  stm32f4xx_hal_uart.o
    0x080029f4   0x080029f4   0x0000000c   Code   RO          539    i.USART1_IRQHandler  stm32f4xx_it.o
    0x08002a00   0x08002a00   0x0000000c   Code   RO          540    i.USART2_IRQHandler  stm32f4xx_it.o
    0x08002a0c   0x08002a0c   0x00000024   Code   RO          541    i.USART3_IRQHandler  stm32f4xx_it.o
    0x08002a30   0x08002a30   0x00000150   Code   RO          465    i.USER_UART_IDLECallback  usart.o
    0x08002b80   0x08002b80   0x00000002   Code   RO          542    i.UsageFault_Handler  stm32f4xx_it.o
    0x08002b82   0x08002b82   0x00000002   PAD
    0x08002b84   0x08002b84   0x00000020   Code   RO         3462    i.__0printf         mc_w.l(printfa.o)
    0x08002ba4   0x08002ba4   0x00000020   Code   RO         2427    i.__NVIC_SetPriority  stm32f4xx_hal_cortex.o
    0x08002bc4   0x08002bc4   0x0000007a   Code   RO         3194    i.__hardfp_sqrt     m_wm.l(sqrt.o)
    0x08002c3e   0x08002c3e   0x0000000e   Code   RO         3579    i.__scatterload_copy  mc_w.l(handlers.o)
    0x08002c4c   0x08002c4c   0x00000002   Code   RO         3580    i.__scatterload_null  mc_w.l(handlers.o)
    0x08002c4e   0x08002c4e   0x0000000e   Code   RO         3581    i.__scatterload_zeroinit  mc_w.l(handlers.o)
    0x08002c5c   0x08002c5c   0x0000000c   Code   RO         3549    i.__set_errno       mc_w.l(errno.o)
    0x08002c68   0x08002c68   0x00000184   Code   RO         3469    i._fp_digits        mc_w.l(printfa.o)
    0x08002dec   0x08002dec   0x000006b4   Code   RO         3470    i._printf_core      mc_w.l(printfa.o)
    0x080034a0   0x080034a0   0x00000024   Code   RO         3471    i._printf_post_padding  mc_w.l(printfa.o)
    0x080034c4   0x080034c4   0x0000002e   Code   RO         3472    i._printf_pre_padding  mc_w.l(printfa.o)
    0x080034f2   0x080034f2   0x00000002   Code   RO          128    i.arg_prase         main.o
    0x080034f4   0x080034f4   0x000000d8   Code   RO          129    i.calculate_chans_distance  main.o
    0x080035cc   0x080035cc   0x00000124   Code   RO          131    i.calculate_sound_source  main.o
    0x080036f0   0x080036f0   0x00000004   Code   RO           78    i.chans_meth        dtoa.o
    0x080036f4   0x080036f4   0x00000018   Code   RO          466    i.fputc             usart.o
    0x0800370c   0x0800370c   0x00000050   Code   RO         3490    i.free              mc_w.l(malloc.o)
    0x0800375c   0x0800375c   0x00000158   Code   RO           11    i.genfunc           dtoa.o
    0x080038b4   0x080038b4   0x00000030   Code   RO          202    i.get_det_d         main.o
    0x080038e4   0x080038e4   0x00000108   Code   RO          132    i.main              main.o
    0x080039ec   0x080039ec   0x0000006c   Code   RO         3491    i.malloc            mc_w.l(malloc.o)
    0x08003a58   0x08003a58   0x0000003c   Code   RO          207    i.microphone_init   main.o
    0x08003a94   0x08003a94   0x00000030   Code   RO          133    i.pop               main.o
    0x08003ac4   0x08003ac4   0x0000008c   Code   RO          543    i.print_tick        stm32f4xx_it.o
    0x08003b50   0x08003b50   0x00000040   Code   RO           84    i.print_vector      dtoa.o
    0x08003b90   0x08003b90   0x00000022   Code   RO          134    i.push              main.o
    0x08003bb2   0x08003bb2   0x0000001e   Code   RO          135    i.size              main.o
    0x08003bd0   0x08003bd0   0x00000034   Code   RO          213    i.time_init         main.o
    0x08003c04   0x08003c04   0x00000060   Code   RO          544    i.update_timestamp  stm32f4xx_it.o
    0x08003c64   0x08003c64   0x0000000a   Code   RO           73    i.vector2_add_vector2  dtoa.o
    0x08003c6e   0x08003c6e   0x0000000a   Code   RO           52    i.vector2_plus      dtoa.o
    0x08003c78   0x08003c78   0x00000094   Code   RO          545    i.window_process    stm32f4xx_it.o
    0x08003d0c   0x08003d0c   0x00000008   Data   RO         2144    .constdata          stm32f4xx_hal_dma.o
    0x08003d14   0x08003d14   0x00000010   Data   RO         3161    .constdata          system_stm32f4xx.o
    0x08003d24   0x08003d24   0x00000008   Data   RO         3162    .constdata          system_stm32f4xx.o
    0x08003d2c   0x08003d2c   0x0000000f   Data   RO           12    .conststring        dtoa.o
    0x08003d3b   0x08003d3b   0x00000001   PAD
    0x08003d3c   0x08003d3c   0x00000020   Data   RO         3577    Region$$Table       anon$$obj.o


    Execution Region RW_IRAM2 (Exec base: 0x10000000, Load base: 0x08003d9c, Size: 0x00000000, Max: 0x00010000, ABSOLUTE)

    **** No section assigned to this execution region ****


    Execution Region RW_IRAM1 (Exec base: 0x20000000, Load base: 0x08003d5c, Size: 0x00001aa0, Max: 0x00020000, ABSOLUTE)

    Exec Addr    Load Addr    Size         Type   Attr      Idx    E Section Name        Object

    0x20000000   0x08003d5c   0x00000005   Data   RW          137    .data               main.o
    0x20000005   0x08003d61   0x00000003   PAD
    0x20000008   0x08003d64   0x00000018   Data   RW          548    .data               stm32f4xx_it.o
    0x20000020   0x08003d7c   0x0000000c   Data   RW         2571    .data               stm32f4xx_hal.o
    0x2000002c   0x08003d88   0x00000004   Data   RW         3163    .data               system_stm32f4xx.o
    0x20000030   0x08003d8c   0x00000004   Data   RW         3538    .data               mc_w.l(stdout.o)
    0x20000034   0x08003d90   0x00000004   Data   RW         3545    .data               mc_w.l(mvars.o)
    0x20000038   0x08003d94   0x00000004   Data   RW         3546    .data               mc_w.l(mvars.o)
    0x2000003c   0x08003d98   0x00000004   Data   RW         3550    .data               mc_w.l(errno.o)
    0x20000040        -       0x00000070   Zero   RW          136    .bss                main.o
    0x200000b0        -       0x000000d8   Zero   RW          411    .bss                tim.o
    0x20000188        -       0x0000036c   Zero   RW          467    .bss                usart.o
    0x200004f4        -       0x00000fa8   Zero   RW          546    .bss                stm32f4xx_it.o
    0x2000149c   0x08003d9c   0x00000004   PAD
    0x200014a0        -       0x00000200   Zero   RW            2    HEAP                startup_stm32f407xx.o
    0x200016a0        -       0x00000400   Zero   RW            1    STACK               startup_stm32f407xx.o


==============================================================================

Image component sizes


      Code (inc. data)   RO Data    RW Data    ZI Data      Debug   Object Name

        92          4          0          0          0        870   dma.o
       432          6         15          0          0       6547   dtoa.o
       124          8          0          0          0       2078   gpio.o
      1198        132          0          5        112     699568   main.o
        36          8        392          0       1536        856   startup_stm32f407xx.o
       144         24          0         12          0       8921   stm32f4xx_hal.o
       198         14          0          0          0      34083   stm32f4xx_hal_cortex.o
      1084         16          8          0          0       7546   stm32f4xx_hal_dma.o
       506         46          0          0          0       2263   stm32f4xx_hal_gpio.o
        48          6          0          0          0        898   stm32f4xx_hal_msp.o
      1344         72          0          0          0       5372   stm32f4xx_hal_rcc.o
      1230        102          0          0          0      11198   stm32f4xx_hal_tim.o
       148         28          0          0          0       2545   stm32f4xx_hal_tim_ex.o
      2132         30          0          0          0      16425   stm32f4xx_hal_uart.o
       648        152          0         24       4008      12085   stm32f4xx_it.o
        16          4         24          4          0       1195   system_stm32f4xx.o
       372         40          0          0        216       3150   tim.o
      1088        142          0          0        876       5404   usart.o

    ----------------------------------------------------------------------
     10860        834        472         48       6752     821004   Object Totals
         0          0         32          0          0          0   (incl. Generated)
        20          0          1          3          4          0   (incl. Padding)

    ----------------------------------------------------------------------

      Code (inc. data)   RO Data    RW Data    ZI Data      Debug   Library Member Name

       122          0          0          0          0        148   sqrt.o
         0          0          0          0          0          0   entry.o
         0          0          0          0          0          0   entry10a.o
         0          0          0          0          0          0   entry11a.o
         4          0          0          0          0          0   entry12b.o
         8          4          0          0          0          0   entry2.o
         4          0          0          0          0          0   entry5.o
         0          0          0          0          0          0   entry7b.o
         0          0          0          0          0          0   entry8b.o
         8          4          0          0          0          0   entry9a.o
        12          6          0          4          0         68   errno.o
        30          0          0          0          0          0   handlers.o
        36          8          0          0          0         68   init.o
         0          0          0          0          0          0   iusefp.o
        30          0          0          0          0         68   llshl.o
        36          0          0          0          0         68   llsshr.o
        32          0          0          0          0         68   llushr.o
       188         20          0          0          0        160   malloc.o
        36          0          0          0          0         68   memcpya.o
        36          0          0          0          0        108   memseta.o
         0          0          0          8          0          0   mvars.o
      2218         90          0          0          0        464   printfa.o
         0          0          0          4          0          0   stdout.o
        44          0          0          0          0         80   uidiv.o
        98          0          0          0          0         92   uldiv.o
        48          0          0          0          0         68   cdrcmple.o
        56          0          0          0          0         88   d2f.o
       334          0          0          0          0        148   dadd.o
       222          0          0          0          0        100   ddiv.o
       186          0          0          0          0        176   depilogue.o
        48          0          0          0          0         68   dfixul.o
       228          0          0          0          0         96   dmul.o
       162          0          0          0          0        100   dsqrt.o
        38          0          0          0          0         68   f2d.o
       110          0          0          0          0        168   fepilogue.o

    ----------------------------------------------------------------------
      4376        132          0         16          0       2540   Library Totals
         2          0          0          0          0          0   (incl. Padding)

    ----------------------------------------------------------------------

      Code (inc. data)   RO Data    RW Data    ZI Data      Debug   Library Name

       122          0          0          0          0        148   m_wm.l
      2820        132          0         16          0       1312   mc_w.l
      1432          0          0          0          0       1080   mf_w.l

    ----------------------------------------------------------------------
      4376        132          0         16          0       2540   Library Totals

    ----------------------------------------------------------------------

==============================================================================


      Code (inc. data)   RO Data    RW Data    ZI Data      Debug   

     15236        966        472         64       6752     811952   Grand Totals
     15236        966        472         64       6752     811952   ELF Image Totals
     15236        966        472         64          0          0   ROM Totals

==============================================================================

    Total RO  Size (Code + RO Data)                15708 (  15.34kB)
    Total RW  Size (RW Data + ZI Data)              6816 (   6.66kB)
    Total ROM Size (Code + RO Data + RW Data)      15772 (  15.40kB)

==============================================================================

