<html>
<body>
<pre>
<h1>µVision Build Log</h1>
<h2>Tool Versions:</h2>
IDE-Version: ¦ÌVision V5.36.0.0
Copyright (C) 2021 ARM Ltd and ARM Germany GmbH. All rights reserved.
License Information: aa mua~mua~, aa, LIC=QF82M-XK5D0-JJ46S-LPR8T-2KWD0-EBBN5
 
Tool Versions:
Toolchain:       MDK-ARM Plus  Version: 5.36.0.0
Toolchain Path:  C:\MyDate\Keil\ARM\ARMCC\Bin
C Compiler:      Armcc.exe V5.06 update 7 (build 960)
Assembler:       Armasm.exe V5.06 update 7 (build 960)
Linker/Locator:  ArmLink.exe V5.06 update 7 (build 960)
Library Manager: ArmAr.exe V5.06 update 7 (build 960)
Hex Converter:   FromElf.exe V5.06 update 7 (build 960)
CPU DLL:         SARMCM3.DLL V5.36.0.0
Dialog DLL:      DCM.DLL V1.17.3.0
Target DLL:      STLink\ST-LINKIII-KEIL_SWO.dll V3.0.9.0
Dialog DLL:      TCM.DLL V1.53.0.0
 
<h2>Project:</h2>
C:\MyDate\ElectronicContest\Province\Microphone\microphone\MDK-ARM\microphone.uvprojx
Project File Date:  07/30/2022

<h2>Output:</h2>
*** Using Compiler 'V5.06 update 7 (build 960)', folder: 'C:\MyDate\Keil\ARM\ARMCC\Bin'
Build target 'microphone'
compiling dma.c...
../Core/Inc/dtoa.h(34): warning:  #1-D: last line of file ends without a newline
  #endif
../Core/Inc/main.h(73): warning:  #1295-D: Deprecated declaration microphone_init - give arg types
      void microphone_init();
../Core/Inc/main.h(74): warning:  #1295-D: Deprecated declaration time_init - give arg types
      void time_init();
../Core/Inc/main.h(75): warning:  #1295-D: Deprecated declaration calculate_delta_distance - give arg types
      void calculate_delta_distance();
../Core/Inc/main.h(76): warning:  #1295-D: Deprecated declaration calculate_chans_distance - give arg types
      void calculate_chans_distance();
../Core/Inc/main.h(77): warning:  #1295-D: Deprecated declaration calculate_sound_source - give arg types
      vector2 calculate_sound_source();
../Core/Inc/main.h(79): warning:  #1295-D: Deprecated declaration print_tick - give arg types
      void print_tick();
../Core/Inc/main.h(81): warning:  #1295-D: Deprecated declaration calculate_order - give arg types
      void calculate_order();
../Core/Inc/main.h(83): warning:  #1295-D: Deprecated declaration calculate_angle - give arg types
      void calculate_angle();
../Core/Inc/main.h(84): warning:  #1295-D: Deprecated declaration print_to_stm32 - give arg types
  		void print_to_stm32();
../Core/Src/dma.c: 10 warnings, 0 errors
compiling stm32f4xx_hal_msp.c...
../Core/Inc/dtoa.h(34): warning:  #1-D: last line of file ends without a newline
  #endif
../Core/Inc/main.h(73): warning:  #1295-D: Deprecated declaration microphone_init - give arg types
      void microphone_init();
../Core/Inc/main.h(74): warning:  #1295-D: Deprecated declaration time_init - give arg types
      void time_init();
../Core/Inc/main.h(75): warning:  #1295-D: Deprecated declaration calculate_delta_distance - give arg types
      void calculate_delta_distance();
../Core/Inc/main.h(76): warning:  #1295-D: Deprecated declaration calculate_chans_distance - give arg types
      void calculate_chans_distance();
../Core/Inc/main.h(77): warning:  #1295-D: Deprecated declaration calculate_sound_source - give arg types
      vector2 calculate_sound_source();
../Core/Inc/main.h(79): warning:  #1295-D: Deprecated declaration print_tick - give arg types
      void print_tick();
../Core/Inc/main.h(81): warning:  #1295-D: Deprecated declaration calculate_order - give arg types
      void calculate_order();
../Core/Inc/main.h(83): warning:  #1295-D: Deprecated declaration calculate_angle - give arg types
      void calculate_angle();
../Core/Inc/main.h(84): warning:  #1295-D: Deprecated declaration print_to_stm32 - give arg types
  		void print_to_stm32();
../Core/Src/stm32f4xx_hal_msp.c: 10 warnings, 0 errors
compiling gpio.c...
../Core/Inc/dtoa.h(34): warning:  #1-D: last line of file ends without a newline
  #endif
../Core/Inc/main.h(73): warning:  #1295-D: Deprecated declaration microphone_init - give arg types
      void microphone_init();
../Core/Inc/main.h(74): warning:  #1295-D: Deprecated declaration time_init - give arg types
      void time_init();
../Core/Inc/main.h(75): warning:  #1295-D: Deprecated declaration calculate_delta_distance - give arg types
      void calculate_delta_distance();
../Core/Inc/main.h(76): warning:  #1295-D: Deprecated declaration calculate_chans_distance - give arg types
      void calculate_chans_distance();
../Core/Inc/main.h(77): warning:  #1295-D: Deprecated declaration calculate_sound_source - give arg types
      vector2 calculate_sound_source();
../Core/Inc/main.h(79): warning:  #1295-D: Deprecated declaration print_tick - give arg types
      void print_tick();
../Core/Inc/main.h(81): warning:  #1295-D: Deprecated declaration calculate_order - give arg types
      void calculate_order();
../Core/Inc/main.h(83): warning:  #1295-D: Deprecated declaration calculate_angle - give arg types
      void calculate_angle();
../Core/Inc/main.h(84): warning:  #1295-D: Deprecated declaration print_to_stm32 - give arg types
  		void print_to_stm32();
../Core/Src/gpio.c: 10 warnings, 0 errors
compiling stm32f4xx_it.c...
../Core/Inc/dtoa.h(34): warning:  #1-D: last line of file ends without a newline
  #endif
../Core/Inc/main.h(73): warning:  #1295-D: Deprecated declaration microphone_init - give arg types
      void microphone_init();
../Core/Inc/main.h(74): warning:  #1295-D: Deprecated declaration time_init - give arg types
      void time_init();
../Core/Inc/main.h(75): warning:  #1295-D: Deprecated declaration calculate_delta_distance - give arg types
      void calculate_delta_distance();
../Core/Inc/main.h(76): warning:  #1295-D: Deprecated declaration calculate_chans_distance - give arg types
      void calculate_chans_distance();
../Core/Inc/main.h(77): warning:  #1295-D: Deprecated declaration calculate_sound_source - give arg types
      vector2 calculate_sound_source();
../Core/Inc/main.h(79): warning:  #1295-D: Deprecated declaration print_tick - give arg types
      void print_tick();
../Core/Inc/main.h(81): warning:  #1295-D: Deprecated declaration calculate_order - give arg types
      void calculate_order();
../Core/Inc/main.h(83): warning:  #1295-D: Deprecated declaration calculate_angle - give arg types
      void calculate_angle();
../Core/Inc/main.h(84): warning:  #1295-D: Deprecated declaration print_to_stm32 - give arg types
  		void print_to_stm32();
../Core/Inc/stm32f4xx_it.h(71): warning:  #1295-D: Deprecated declaration time_begin - give arg types
      void time_begin();
../Core/Inc/stm32f4xx_it.h(72): warning:  #1295-D: Deprecated declaration print_tick - give arg types
      void print_tick();
../Core/Src/stm32f4xx_it.c(388): warning:  #223-D: function "USER_UART_IDLECallback" declared implicitly
          USER_UART_IDLECallback(&huart3);
../Core/Src/stm32f4xx_it.c: 13 warnings, 0 errors
compiling usart.c...
../Core/Inc/dtoa.h(34): warning:  #1-D: last line of file ends without a newline
  #endif
../Core/Inc/main.h(73): warning:  #1295-D: Deprecated declaration microphone_init - give arg types
      void microphone_init();
../Core/Inc/main.h(74): warning:  #1295-D: Deprecated declaration time_init - give arg types
      void time_init();
../Core/Inc/main.h(75): warning:  #1295-D: Deprecated declaration calculate_delta_distance - give arg types
      void calculate_delta_distance();
../Core/Inc/main.h(76): warning:  #1295-D: Deprecated declaration calculate_chans_distance - give arg types
      void calculate_chans_distance();
../Core/Inc/main.h(77): warning:  #1295-D: Deprecated declaration calculate_sound_source - give arg types
      vector2 calculate_sound_source();
../Core/Inc/main.h(79): warning:  #1295-D: Deprecated declaration print_tick - give arg types
      void print_tick();
../Core/Inc/main.h(81): warning:  #1295-D: Deprecated declaration calculate_order - give arg types
      void calculate_order();
../Core/Inc/main.h(83): warning:  #1295-D: Deprecated declaration calculate_angle - give arg types
      void calculate_angle();
../Core/Inc/main.h(84): warning:  #1295-D: Deprecated declaration print_to_stm32 - give arg types
  		void print_to_stm32();
../Core/Src/usart.c(121): warning:  #167-D: argument of type "char *" is incompatible with parameter of type "uint8_t *"
      HAL_UART_Receive_DMA(&huart3, usart3_buffer, STR_MAX_SIZE);
../Core/Src/usart.c(405): warning:  #167-D: argument of type "char *" is incompatible with parameter of type "uint8_t *"
      HAL_UART_Receive_DMA(huart, buffer, STR_MAX_SIZE);
../Core/Src/usart.c: 12 warnings, 0 errors
compiling main.c...
../Core/Inc/dtoa.h(34): warning:  #1-D: last line of file ends without a newline
  #endif
../Core/Inc/main.h(73): warning:  #1295-D: Deprecated declaration microphone_init - give arg types
      void microphone_init();
../Core/Inc/main.h(74): warning:  #1295-D: Deprecated declaration time_init - give arg types
      void time_init();
../Core/Inc/main.h(75): warning:  #1295-D: Deprecated declaration calculate_delta_distance - give arg types
      void calculate_delta_distance();
../Core/Inc/main.h(76): warning:  #1295-D: Deprecated declaration calculate_chans_distance - give arg types
      void calculate_chans_distance();
../Core/Inc/main.h(77): warning:  #1295-D: Deprecated declaration calculate_sound_source - give arg types
      vector2 calculate_sound_source();
../Core/Inc/main.h(79): warning:  #1295-D: Deprecated declaration print_tick - give arg types
      void print_tick();
../Core/Inc/main.h(81): warning:  #1295-D: Deprecated declaration calculate_order - give arg types
      void calculate_order();
../Core/Inc/main.h(83): warning:  #1295-D: Deprecated declaration calculate_angle - give arg types
      void calculate_angle();
../Core/Inc/main.h(84): warning:  #1295-D: Deprecated declaration print_to_stm32 - give arg types
  		void print_to_stm32();
../Core/Src/main.c(95): warning:  #68-D: integer conversion resulted in a change of sign
          return -1;
../Core/Src/main.c(147): warning:  #550-D: variable "sound_source"  was set but never used
      vector2 sound_source;
../Core/Src/main.c: 12 warnings, 0 errors
compiling tim.c...
../Core/Inc/dtoa.h(34): warning:  #1-D: last line of file ends without a newline
  #endif
../Core/Inc/main.h(73): warning:  #1295-D: Deprecated declaration microphone_init - give arg types
      void microphone_init();
../Core/Inc/main.h(74): warning:  #1295-D: Deprecated declaration time_init - give arg types
      void time_init();
../Core/Inc/main.h(75): warning:  #1295-D: Deprecated declaration calculate_delta_distance - give arg types
      void calculate_delta_distance();
../Core/Inc/main.h(76): warning:  #1295-D: Deprecated declaration calculate_chans_distance - give arg types
      void calculate_chans_distance();
../Core/Inc/main.h(77): warning:  #1295-D: Deprecated declaration calculate_sound_source - give arg types
      vector2 calculate_sound_source();
../Core/Inc/main.h(79): warning:  #1295-D: Deprecated declaration print_tick - give arg types
      void print_tick();
../Core/Inc/main.h(81): warning:  #1295-D: Deprecated declaration calculate_order - give arg types
      void calculate_order();
../Core/Inc/main.h(83): warning:  #1295-D: Deprecated declaration calculate_angle - give arg types
      void calculate_angle();
../Core/Inc/main.h(84): warning:  #1295-D: Deprecated declaration print_to_stm32 - give arg types
  		void print_to_stm32();
../Core/Src/tim.c: 10 warnings, 0 errors
linking...
Program Size: Code=17940 RO-data=592 RW-data=96 ZI-data=2792  
FromELF: creating hex file...
"microphone\microphone.axf" - 0 Error(s), 77 Warning(s).

<h2>Software Packages used:</h2>

Package Vendor: ARM
                http://www.keil.com/pack/ARM.CMSIS.5.8.0.pack
                ARM.CMSIS.5.8.0
                CMSIS (Common Microcontroller Software Interface Standard)
   * Component: CORE Version: 5.5.0

Package Vendor: Keil
                http://www.keil.com/pack/Keil.STM32F4xx_DFP.2.15.0.pack
                Keil.STM32F4xx_DFP.2.15.0
                STMicroelectronics STM32F4 Series Device Support, Drivers and Examples

<h2>Collection of Component include folders:</h2>
  .\RTE\_microphone
  C:\Users\mua~mua~\AppData\Local\Arm\Packs\ARM\CMSIS\5.8.0\CMSIS\Core\Include
  C:\Users\mua~mua~\AppData\Local\Arm\Packs\Keil\STM32F4xx_DFP\2.15.0\Drivers\CMSIS\Device\ST\STM32F4xx\Include

<h2>Collection of Component Files used:</h2>

   * Component: ARM::CMSIS:CORE:5.5.0
      Include file:  CMSIS\Core\Include\tz_context.h
Build Time Elapsed:  00:00:03
</pre>
</body>
</html>
