Component: ARM Compiler 5.06 update 6 (build 750) Tool: armlink [4d35ed]

==============================================================================

Section Cross References

    startup_stm32f103xe.o(STACK) refers (Special) to heapauxi.o(.text) for __use_two_region_memory
    startup_stm32f103xe.o(HEAP) refers (Special) to heapauxi.o(.text) for __use_two_region_memory
    startup_stm32f103xe.o(RESET) refers (Special) to heapauxi.o(.text) for __use_two_region_memory
    startup_stm32f103xe.o(RESET) refers to startup_stm32f103xe.o(STACK) for __initial_sp
    startup_stm32f103xe.o(RESET) refers to startup_stm32f103xe.o(.text) for Reset_Handler
    startup_stm32f103xe.o(RESET) refers to stm32f1xx_it.o(i.NMI_Handler) for NMI_Handler
    startup_stm32f103xe.o(RESET) refers to stm32f1xx_it.o(i.HardFault_Handler) for HardFault_Handler
    startup_stm32f103xe.o(RESET) refers to stm32f1xx_it.o(i.MemManage_Handler) for MemManage_Handler
    startup_stm32f103xe.o(RESET) refers to stm32f1xx_it.o(i.BusFault_Handler) for BusFault_Handler
    startup_stm32f103xe.o(RESET) refers to stm32f1xx_it.o(i.UsageFault_Handler) for UsageFault_Handler
    startup_stm32f103xe.o(RESET) refers to stm32f1xx_it.o(i.SVC_Handler) for SVC_Handler
    startup_stm32f103xe.o(RESET) refers to stm32f1xx_it.o(i.DebugMon_Handler) for DebugMon_Handler
    startup_stm32f103xe.o(RESET) refers to stm32f1xx_it.o(i.PendSV_Handler) for PendSV_Handler
    startup_stm32f103xe.o(RESET) refers to stm32f1xx_it.o(i.SysTick_Handler) for SysTick_Handler
    startup_stm32f103xe.o(RESET) refers to stm32f1xx_it.o(i.DMA1_Channel5_IRQHandler) for DMA1_Channel5_IRQHandler
    startup_stm32f103xe.o(RESET) refers to stm32f1xx_it.o(i.TIM1_BRK_IRQHandler) for TIM1_BRK_IRQHandler
    startup_stm32f103xe.o(RESET) refers to stm32f1xx_it.o(i.USART1_IRQHandler) for USART1_IRQHandler
    startup_stm32f103xe.o(RESET) refers to stm32f1xx_it.o(i.USART2_IRQHandler) for USART2_IRQHandler
    startup_stm32f103xe.o(.text) refers (Special) to heapauxi.o(.text) for __use_two_region_memory
    startup_stm32f103xe.o(.text) refers to system_stm32f1xx.o(i.SystemInit) for SystemInit
    startup_stm32f103xe.o(.text) refers to __main.o(!!!main) for __main
    startup_stm32f103xe.o(.text) refers to startup_stm32f103xe.o(HEAP) for Heap_Mem
    startup_stm32f103xe.o(.text) refers to startup_stm32f103xe.o(STACK) for Stack_Mem
    pan.o(i.send_H_angle) refers to _printf_percent.o(.ARM.Collect$$_printf_percent$$00000000) for _printf_percent
    pan.o(i.send_H_angle) refers to _printf_d.o(.ARM.Collect$$_printf_percent$$00000009) for _printf_d
    pan.o(i.send_H_angle) refers to _printf_dec.o(.text) for _printf_int_dec
    pan.o(i.send_H_angle) refers to noretval__2printf.o(.text) for __2printf
    pan.o(i.send_H_angle) refers to tim.o(.bss) for htim1
    pan.o(i.send_L_angle) refers to _printf_percent.o(.ARM.Collect$$_printf_percent$$00000000) for _printf_percent
    pan.o(i.send_L_angle) refers to _printf_d.o(.ARM.Collect$$_printf_percent$$00000009) for _printf_d
    pan.o(i.send_L_angle) refers to _printf_dec.o(.text) for _printf_int_dec
    pan.o(i.send_L_angle) refers to _printf_f.o(.ARM.Collect$$_printf_percent$$00000003) for _printf_f
    pan.o(i.send_L_angle) refers to printf1.o(x$fpl$printf1) for _printf_fp_dec
    pan.o(i.send_L_angle) refers to noretval__2printf.o(.text) for __2printf
    pan.o(i.send_L_angle) refers to dflt_clz.o(x$fpl$dflt) for __aeabi_i2d
    pan.o(i.send_L_angle) refers to dmul.o(x$fpl$dmul) for __aeabi_dmul
    pan.o(i.send_L_angle) refers to ddiv.o(x$fpl$ddiv) for __aeabi_ddiv
    pan.o(i.send_L_angle) refers to tim.o(.bss) for htim1
    pan.o(i.trans_anglea) refers to _printf_percent.o(.ARM.Collect$$_printf_percent$$00000000) for _printf_percent
    pan.o(i.trans_anglea) refers to _printf_f.o(.ARM.Collect$$_printf_percent$$00000003) for _printf_f
    pan.o(i.trans_anglea) refers to printf1.o(x$fpl$printf1) for _printf_fp_dec
    pan.o(i.trans_anglea) refers to dflt_clz.o(x$fpl$dflt) for __aeabi_i2d
    pan.o(i.trans_anglea) refers to daddsub_clz.o(x$fpl$dsub) for __aeabi_dsub
    pan.o(i.trans_anglea) refers to d2f.o(x$fpl$d2f) for __aeabi_d2f
    pan.o(i.trans_anglea) refers to fflt_clz.o(x$fpl$fflt) for __aeabi_i2f
    pan.o(i.trans_anglea) refers to fdiv.o(x$fpl$fdiv) for __aeabi_fdiv
    pan.o(i.trans_anglea) refers to f2d.o(x$fpl$f2d) for __aeabi_f2d
    pan.o(i.trans_anglea) refers to atan.o(i.atan) for atan
    pan.o(i.trans_anglea) refers to ddiv.o(x$fpl$ddiv) for __aeabi_ddiv
    pan.o(i.trans_anglea) refers to dmul.o(x$fpl$dmul) for __aeabi_dmul
    pan.o(i.trans_anglea) refers to noretval__2printf.o(.text) for __2printf
    pan.o(i.trans_angleb) refers to _printf_percent.o(.ARM.Collect$$_printf_percent$$00000000) for _printf_percent
    pan.o(i.trans_angleb) refers to _printf_f.o(.ARM.Collect$$_printf_percent$$00000003) for _printf_f
    pan.o(i.trans_angleb) refers to printf1.o(x$fpl$printf1) for _printf_fp_dec
[...]
    x$fpl$dflt                               0x08005098   Section       46  dflt_clz.o(x$fpl$dflt)
    x$fpl$dmul                               0x080050c8   Section      340  dmul.o(x$fpl$dmul)
    x$fpl$dnaninf                            0x0800521c   Section      156  dnaninf.o(x$fpl$dnaninf)
    x$fpl$dretinf                            0x080052b8   Section       12  dretinf.o(x$fpl$dretinf)
    x$fpl$drsb                               0x080052c4   Section       22  daddsub_clz.o(x$fpl$drsb)
    x$fpl$dsqrt                              0x080052dc   Section      460  dsqrt_noumaal.o(x$fpl$dsqrt)
    x$fpl$dsub                               0x080054a8   Section      468  daddsub_clz.o(x$fpl$dsub)
    _dsub1                                   0x080054b9   Thumb Code     0  daddsub_clz.o(x$fpl$dsub)
    x$fpl$f2d                                0x0800567c   Section       86  f2d.o(x$fpl$f2d)
    x$fpl$fdiv                               0x080056d4   Section      388  fdiv.o(x$fpl$fdiv)
    _fdiv1                                   0x080056d5   Thumb Code     0  fdiv.o(x$fpl$fdiv)
    x$fpl$fflt                               0x08005858   Section       48  fflt_clz.o(x$fpl$fflt)
    x$fpl$fnaninf                            0x08005888   Section      140  fnaninf.o(x$fpl$fnaninf)
    x$fpl$fretinf                            0x08005914   Section       10  fretinf.o(x$fpl$fretinf)
    x$fpl$printf1                            0x0800591e   Section        4  printf1.o(x$fpl$printf1)
    x$fpl$retnan                             0x08005922   Section      100  retnan.o(x$fpl$retnan)
    x$fpl$scalbn                             0x08005986   Section       92  scalbn.o(x$fpl$scalbn)
    x$fpl$trapveneer                         0x080059e2   Section       48  trapv.o(x$fpl$trapveneer)
    .constdata                               0x08005a12   Section       16  system_stm32f1xx.o(.constdata)
    x$fpl$usenofp                            0x08005a12   Section        0  usenofp.o(x$fpl$usenofp)
    .constdata                               0x08005a22   Section        8  system_stm32f1xx.o(.constdata)
    .constdata                               0x08005a30   Section      152  atan.o(.constdata)
    atanhi                                   0x08005a30   Data          32  atan.o(.constdata)
    atanlo                                   0x08005a50   Data          32  atan.o(.constdata)
    aTodd                                    0x08005a70   Data          40  atan.o(.constdata)
    aTeven                                   0x08005a98   Data          48  atan.o(.constdata)
    .constdata                               0x08005ac8   Section      148  bigflt0.o(.constdata)
    tenpwrs_x                                0x08005ac8   Data          60  bigflt0.o(.constdata)
    tenpwrs_i                                0x08005b04   Data          64  bigflt0.o(.constdata)
    .constdata                               0x08005b5c   Section        4  sys_io.o(.constdata)
    .constdata                               0x08005b60   Section        4  sys_io.o(.constdata)
    .constdata                               0x08005b64   Section        4  sys_io.o(.constdata)
    locale$$data                             0x08005b88   Section       28  lc_numeric_c.o(locale$$data)
    __lcnum_c_name                           0x08005b8c   Data           2  lc_numeric_c.o(locale$$data)
    __lcnum_c_start                          0x08005b94   Data           0  lc_numeric_c.o(locale$$data)
    __lcnum_c_point                          0x08005ba0   Data           0  lc_numeric_c.o(locale$$data)
    __lcnum_c_thousands                      0x08005ba2   Data           0  lc_numeric_c.o(locale$$data)
    __lcnum_c_grouping                       0x08005ba3   Data           0  lc_numeric_c.o(locale$$data)
    locale$$data                             0x08005ba4   Section      272  lc_ctype_c.o(locale$$data)
    __lcnum_c_end                            0x08005ba4   Data           0  lc_numeric_c.o(locale$$data)
    __lcctype_c_name                         0x08005ba8   Data           2  lc_ctype_c.o(locale$$data)
    __lcctype_c_start                        0x08005bb0   Data           0  lc_ctype_c.o(locale$$data)
    __lcctype_c_end                          0x08005cb4   Data           0  lc_ctype_c.o(locale$$data)
    .data                                    0x20000000   Section        1  main.o(.data)
    .data                                    0x20000004   Section        4  usart.o(.data)
    .data                                    0x20000008   Section       16  usart.o(.data)
    state                                    0x20000014   Data           4  usart.o(.data)
    .data                                    0x20000018   Section       12  stm32f1xx_hal.o(.data)
    .data                                    0x20000024   Section        4  system_stm32f1xx.o(.data)
    .data                                    0x20000028   Section        4  stdio_streams.o(.data)
    .data                                    0x2000002c   Section        4  stdio_streams.o(.data)
    .data                                    0x20000030   Section        4  stdio_streams.o(.data)
    .bss                                     0x20000034   Section       72  tim.o(.bss)
    .bss                                     0x2000007c   Section      480  usart.o(.bss)
    .bss                                     0x2000025c   Section       84  stdio_streams.o(.bss)
    .bss                                     0x200002b0   Section       84  stdio_streams.o(.bss)
    .bss                                     0x20000304   Section       84  stdio_streams.o(.bss)
    .bss                                     0x20000358   Section       96  libspace.o(.bss)
    HEAP                                     0x200003b8   Section      512  startup_stm32f103xe.o(HEAP)
    Heap_Mem                                 0x200003b8   Data         512  startup_stm32f103xe.o(HEAP)
    STACK                                    0x200005b8   Section     1024  startup_stm32f103xe.o(STACK)
    Stack_Mem                                0x200005b8   Data        1024  startup_stm32f103xe.o(STACK)
    __initial_sp                             0x200009b8   Data           0  startup_stm32f103xe.o(STACK)

    Global Symbols

    Symbol Name                              Value     Ov Type        Size  Object(Section)

    BuildAttributes$$THM_ISAv4$P$D$K$B$S$PE$A:L22UL41UL21$X:L11$S22US41US21$IEEE1$IW$USESV6$~STKCKD$USESV7$~SHL$OTIME$ROPI$IEEEX$EBA8$UX$STANDARDLIB$REQ8$PRES8$EABIv2 0x00000000   Number         0  anon$$obj.o ABSOLUTE
    __ARM_use_no_argv                        0x00000000   Number         0  main.o ABSOLUTE
    __ARM_exceptions_init                     - Undefined Weak Reference
    __alloca_initialize                       - Undefined Weak Reference
    __arm_preinit_                            - Undefined Weak Reference
    __cpp_initialize__aeabi_                  - Undefined Weak Reference
    __cxa_finalize                            - Undefined Weak Reference
    __sigvec_lookup                           - Undefined Weak Reference
    __user_heap_extent                        - Undefined Weak Reference
    _atexit_init                              - Undefined Weak Reference
    _call_atexit_fns                          - Undefined Weak Reference
    _clock_init                               - Undefined Weak Reference
    _fp_trap_init                             - Undefined Weak Reference
    _fp_trap_shutdown                         - Undefined Weak Reference
    _get_lc_collate                           - Undefined Weak Reference
    _get_lc_monetary                          - Undefined Weak Reference
    _get_lc_time                              - Undefined Weak Reference
    _getenv_init                              - Undefined Weak Reference
    _handle_redirection                       - Undefined Weak Reference
    _mutex_acquire                            - Undefined Weak Reference
    _mutex_free                               - Undefined Weak Reference
    _mutex_release                            - Undefined Weak Reference
    _printf_mbtowc                            - Undefined Weak Reference
    _printf_post_padding                      - Undefined Weak Reference
    _printf_pre_padding                       - Undefined Weak Reference
    _printf_truncate_signed                   - Undefined Weak Reference
    _printf_truncate_unsigned                 - Undefined Weak Reference
    _rand_init                                - Undefined Weak Reference
    _scanf_longlong                           - Undefined Weak Reference
    _scanf_mbtowc                             - Undefined Weak Reference
    _scanf_real                               - Undefined Weak Reference
    _scanf_string                             - Undefined Weak Reference
    _scanf_wctomb                             - Undefined Weak Reference
    _scanf_wstring                            - Undefined Weak Reference
    _signal_finish                            - Undefined Weak Reference
    _signal_init                              - Undefined Weak Reference
    __Vectors_Size                           0x00000130   Number         0  startup_stm32f103xe.o ABSOLUTE
    __Vectors                                0x08000000   Data           4  startup_stm32f103xe.o(RESET)
    __Vectors_End                            0x08000130   Data           0  startup_stm32f103xe.o(RESET)
    __main                                   0x08000131   Thumb Code     8  __main.o(!!!main)
    __scatterload                            0x08000139   Thumb Code     0  __scatter.o(!!!scatter)
    __scatterload_rt2                        0x08000139   Thumb Code    44  __scatter.o(!!!scatter)
    __scatterload_rt2_thumb_only             0x08000139   Thumb Code     0  __scatter.o(!!!scatter)
    __scatterload_null                       0x08000147   Thumb Code     0  __scatter.o(!!!scatter)
    __scatterload_copy                       0x0800016d   Thumb Code    26  __scatter_copy.o(!!handler_copy)
    __scatterload_zeroinit                   0x08000189   Thumb Code    28  __scatter_zi.o(!!handler_zi)
    _printf_f                                0x080001a5   Thumb Code     0  _printf_f.o(.ARM.Collect$$_printf_percent$$00000003)
    _printf_percent                          0x080001a5   Thumb Code     0  _printf_percent.o(.ARM.Collect$$_printf_percent$$00000000)
    _printf_d                                0x080001ab   Thumb Code     0  _printf_d.o(.ARM.Collect$$_printf_percent$$00000009)
    _printf_s                                0x080001b1   Thumb Code     0  _printf_s.o(.ARM.Collect$$_printf_percent$$00000014)
    _printf_percent_end                      0x080001b7   Thumb Code     0  _printf_percent_end.o(.ARM.Collect$$_printf_percent$$00000017)
    __rt_lib_init                            0x080001bb   Thumb Code     0  libinit.o(.ARM.Collect$$libinit$$00000000)
    __rt_lib_init_fp_1                       0x080001bd   Thumb Code     0  libinit2.o(.ARM.Collect$$libinit$$00000002)
    __rt_lib_init_heap_2                     0x080001bd   Thumb Code     0  libinit2.o(.ARM.Collect$$libinit$$00000005)
    __rt_lib_init_preinit_1                  0x080001bd   Thumb Code     0  libinit2.o(.ARM.Collect$$libinit$$00000004)
    __rt_lib_init_heap_1                     0x080001c5   Thumb Code     0  libinit2.o(.ARM.Collect$$libinit$$0000000A)
    __rt_lib_init_lc_common                  0x080001c5   Thumb Code     0  libinit2.o(.ARM.Collect$$libinit$$0000000F)
    __rt_lib_init_rand_1                     0x080001c5   Thumb Code     0  libinit2.o(.ARM.Collect$$libinit$$0000000E)
    __rt_lib_init_user_alloc_1               0x080001c5   Thumb Code     0  libinit2.o(.ARM.Collect$$libinit$$0000000C)
    __rt_lib_init_lc_collate_1               0x080001cb   Thumb Code     0  libinit2.o(.ARM.Collect$$libinit$$00000011)
    __rt_lib_init_lc_ctype_2                 0x080001cb   Thumb Code     0  libinit2.o(.ARM.Collect$$libinit$$00000012)
    __rt_lib_init_lc_ctype_1                 0x080001d7   Thumb Code     0  libinit2.o(.ARM.Collect$$libinit$$00000013)
    __rt_lib_init_lc_monetary_1              0x080001d7   Thumb Code     0  libinit2.o(.ARM.Collect$$libinit$$00000015)
    __rt_lib_init_lc_numeric_2               0x080001d7   Thumb Code     0  libinit2.o(.ARM.Collect$$libinit$$00000016)
    __rt_lib_init_atexit_1                   0x080001e1   Thumb Code     0  libinit2.o(.ARM.Collect$$libinit$$0000001B)
    __rt_lib_init_clock_1                    0x080001e1   Thumb Code     0  libinit2.o(.ARM.Collect$$libinit$$00000021)
    __rt_lib_init_fp_trap_1                  0x080001e1   Thumb Code     0  libinit2.o(.ARM.Collect$$libinit$$0000001F)
    __rt_lib_init_getenv_1                   0x080001e1   Thumb Code     0  libinit2.o(.ARM.Collect$$libinit$$00000023)
    __rt_lib_init_lc_numeric_1               0x080001e1   Thumb Code     0  libinit2.o(.ARM.Collect$$libinit$$00000017)
    __rt_lib_init_lc_time_1                  0x080001e1   Thumb Code     0  libinit2.o(.ARM.Collect$$libinit$$00000019)
    __rt_lib_init_signal_1                   0x080001e1   Thumb Code     0  libinit2.o(.ARM.Collect$$libinit$$0000001D)
    __rt_lib_init_stdio_2                    0x080001e1   Thumb Code     0  libinit2.o(.ARM.Collect$$libinit$$00000024)
    __rt_lib_init_alloca_1                   0x080001e5   Thumb Code     0  libinit2.o(.ARM.Collect$$libinit$$0000002E)
    __rt_lib_init_argv_1                     0x080001e5   Thumb Code     0  libinit2.o(.ARM.Collect$$libinit$$0000002C)
    __rt_lib_init_cpp_1                      0x080001e5   Thumb Code     0  libinit2.o(.ARM.Collect$$libinit$$00000032)
    __rt_lib_init_exceptions_1               0x080001e5   Thumb Code     0  libinit2.o(.ARM.Collect$$libinit$$00000030)
    __rt_lib_init_return                     0x080001e5   Thumb Code     0  libinit2.o(.ARM.Collect$$libinit$$00000033)
    __rt_lib_init_stdio_1                    0x080001e5   Thumb Code     0  libinit2.o(.ARM.Collect$$libinit$$00000025)
    __rt_lib_shutdown                        0x080001e7   Thumb Code     0  libshutdown.o(.ARM.Collect$$libshutdown$$00000000)
    __rt_lib_shutdown_cpp_1                  0x080001e9   Thumb Code     0  libshutdown2.o(.ARM.Collect$$libshutdown$$00000002)
    __rt_lib_shutdown_stdio_2                0x080001e9   Thumb Code     0  libshutdown2.o(.ARM.Collect$$libshutdown$$00000003)
    __rt_lib_shutdown_fp_trap_1              0x080001ed   Thumb Code     0  libshutdown2.o(.ARM.Collect$$libshutdown$$00000007)
    __rt_lib_shutdown_heap_1                 0x080001ed   Thumb Code     0  libshutdown2.o(.ARM.Collect$$libshutdown$$0000000F)
    __rt_lib_shutdown_return                 0x080001ed   Thumb Code     0  libshutdown2.o(.ARM.Collect$$libshutdown$$00000010)
    __rt_lib_shutdown_signal_1               0x080001ed   Thumb Code     0  libshutdown2.o(.ARM.Collect$$libshutdown$$0000000A)
    __rt_lib_shutdown_stdio_1                0x080001ed   Thumb Code     0  libshutdown2.o(.ARM.Collect$$libshutdown$$00000004)
    __rt_lib_shutdown_user_alloc_1           0x080001ed   Thumb Code     0  libshutdown2.o(.ARM.Collect$$libshutdown$$0000000C)
    __rt_entry                               0x080001ef   Thumb Code     0  __rtentry.o(.ARM.Collect$$rtentry$$00000000)
    __rt_entry_presh_1                       0x080001ef   Thumb Code     0  __rtentry2.o(.ARM.Collect$$rtentry$$00000002)
    __rt_entry_sh                            0x080001ef   Thumb Code     0  __rtentry4.o(.ARM.Collect$$rtentry$$00000004)
    __rt_entry_li                            0x080001f5   Thumb Code     0  __rtentry2.o(.ARM.Collect$$rtentry$$0000000A)
    __rt_entry_postsh_1                      0x080001f5   Thumb Code     0  __rtentry2.o(.ARM.Collect$$rtentry$$00000009)
    __rt_entry_main                          0x080001f9   Thumb Code     0  __rtentry2.o(.ARM.Collect$$rtentry$$0000000D)
    __rt_entry_postli_1                      0x080001f9   Thumb Code     0  __rtentry2.o(.ARM.Collect$$rtentry$$0000000C)
    __rt_exit                                0x08000201   Thumb Code     0  rtexit.o(.ARM.Collect$$rtexit$$00000000)
    __rt_exit_ls                             0x08000203   Thumb Code     0  rtexit2.o(.ARM.Collect$$rtexit$$00000003)
    __rt_exit_prels_1                        0x08000203   Thumb Code     0  rtexit2.o(.ARM.Collect$$rtexit$$00000002)
    __rt_exit_exit                           0x08000207   Thumb Code     0  rtexit2.o(.ARM.Collect$$rtexit$$00000004)
    Reset_Handler                            0x0800020d   Thumb Code     8  startup_stm32f103xe.o(.text)
    _maybe_terminate_alloc                   0x0800020d   Thumb Code     0  maybetermalloc1.o(.emb_text)
    ADC1_2_IRQHandler                        0x08000227   Thumb Code     0  startup_stm32f103xe.o(.text)
    ADC3_IRQHandler                          0x08000227   Thumb Code     0  startup_stm32f103xe.o(.text)
    CAN1_RX1_IRQHandler                      0x08000227   Thumb Code     0  startup_stm32f103xe.o(.text)
    CAN1_SCE_IRQHandler                      0x08000227   Thumb Code     0  startup_stm32f103xe.o(.text)
    DMA1_Channel1_IRQHandler                 0x08000227   Thumb Code     0  startup_stm32f103xe.o(.text)
    DMA1_Channel2_IRQHandler                 0x08000227   Thumb Code     0  startup_stm32f103xe.o(.text)
    DMA1_Channel3_IRQHandler                 0x08000227   Thumb Code     0  startup_stm32f103xe.o(.text)
    DMA1_Channel4_IRQHandler                 0x08000227   Thumb Code     0  startup_stm32f103xe.o(.text)
    DMA1_Channel6_IRQHandler                 0x08000227   Thumb Code     0  startup_stm32f103xe.o(.text)
    DMA1_Channel7_IRQHandler                 0x08000227   Thumb Code     0  startup_stm32f103xe.o(.text)
    DMA2_Channel1_IRQHandler                 0x08000227   Thumb Code     0  startup_stm32f103xe.o(.text)
    DMA2_Channel2_IRQHandler                 0x08000227   Thumb Code     0  startup_stm32f103xe.o(.text)
    DMA2_Channel3_IRQHandler                 0x08000227   Thumb Code     0  startup_stm32f103xe.o(.text)
    DMA2_Channel4_5_IRQHandler               0x08000227   Thumb Code     0  startup_stm32f103xe.o(.text)
    EXTI0_IRQHandler                         0x08000227   Thumb Code     0  startup_stm32f103xe.o(.text)
    EXTI15_10_IRQHandler                     0x08000227   Thumb Code     0  startup_stm32f103xe.o(.text)
    EXTI1_IRQHandler                         0x08000227   Thumb Code     0  startup_stm32f103xe.o(.text)
    EXTI2_IRQHandler                         0x08000227   Thumb Code     0  startup_stm32f103xe.o(.text)
    EXTI3_IRQHandler                         0x08000227   Thumb Code     0  startup_stm32f103xe.o(.text)
    EXTI4_IRQHandler                         0x08000227   Thumb Code     0  startup_stm32f103xe.o(.text)
    EXTI9_5_IRQHandler                       0x08000227   Thumb Code     0  startup_stm32f103xe.o(.text)
    FLASH_IRQHandler                         0x08000227   Thumb Code     0  startup_stm32f103xe.o(.text)
    FSMC_IRQHandler                          0x08000227   Thumb Code     0  startup_stm32f103xe.o(.text)
    I2C1_ER_IRQHandler                       0x08000227   Thumb Code     0  startup_stm32f103xe.o(.text)
    I2C1_EV_IRQHandler                       0x08000227   Thumb Code     0  startup_stm32f103xe.o(.text)
    I2C2_ER_IRQHandler                       0x08000227   Thumb Code     0  startup_stm32f103xe.o(.text)
    I2C2_EV_IRQHandler                       0x08000227   Thumb Code     0  startup_stm32f103xe.o(.text)
    PVD_IRQHandler                           0x08000227   Thumb Code     0  startup_stm32f103xe.o(.text)
    RCC_IRQHandler                           0x08000227   Thumb Code     0  startup_stm32f103xe.o(.text)
    RTC_Alarm_IRQHandler                     0x08000227   Thumb Code     0  startup_stm32f103xe.o(.text)
    RTC_IRQHandler                           0x08000227   Thumb Code     0  startup_stm32f103xe.o(.text)
    SDIO_IRQHandler                          0x08000227   Thumb Code     0  startup_stm32f103xe.o(.text)
    SPI1_IRQHandler                          0x08000227   Thumb Code     0  startup_stm32f103xe.o(.text)
    SPI2_IRQHandler                          0x08000227   Thumb Code     0  startup_stm32f103xe.o(.text)
    SPI3_IRQHandler                          0x08000227   Thumb Code     0  startup_stm32f103xe.o(.text)
    TAMPER_IRQHandler                        0x08000227   Thumb Code     0  startup_stm32f103xe.o(.text)
    TIM1_CC_IRQHandler                       0x08000227   Thumb Code     0  startup_stm32f103xe.o(.text)
    TIM1_TRG_COM_IRQHandler                  0x08000227   Thumb Code     0  startup_stm32f103xe.o(.text)
    TIM1_UP_IRQHandler                       0x08000227   Thumb Code     0  startup_stm32f103xe.o(.text)
    TIM2_IRQHandler                          0x08000227   Thumb Code     0  startup_stm32f103xe.o(.text)
    TIM3_IRQHandler                          0x08000227   Thumb Code     0  startup_stm32f103xe.o(.text)
    TIM4_IRQHandler                          0x08000227   Thumb Code     0  startup_stm32f103xe.o(.text)
    TIM5_IRQHandler                          0x08000227   Thumb Code     0  startup_stm32f103xe.o(.text)
    TIM6_IRQHandler                          0x08000227   Thumb Code     0  startup_stm32f103xe.o(.text)
    TIM7_IRQHandler                          0x08000227   Thumb Code     0  startup_stm32f103xe.o(.text)
    TIM8_BRK_IRQHandler                      0x08000227   Thumb Code     0  startup_stm32f103xe.o(.text)
    TIM8_CC_IRQHandler                       0x08000227   Thumb Code     0  startup_stm32f103xe.o(.text)
    TIM8_TRG_COM_IRQHandler                  0x08000227   Thumb Code     0  startup_stm32f103xe.o(.text)
    TIM8_UP_IRQHandler                       0x08000227   Thumb Code     0  startup_stm32f103xe.o(.text)
    UART4_IRQHandler                         0x08000227   Thumb Code     0  startup_stm32f103xe.o(.text)
    UART5_IRQHandler                         0x08000227   Thumb Code     0  startup_stm32f103xe.o(.text)
    USART3_IRQHandler                        0x08000227   Thumb Code     0  startup_stm32f103xe.o(.text)
    USBWakeUp_IRQHandler                     0x08000227   Thumb Code     0  startup_stm32f103xe.o(.text)
    USB_HP_CAN1_TX_IRQHandler                0x08000227   Thumb Code     0  startup_stm32f103xe.o(.text)
    USB_LP_CAN1_RX0_IRQHandler               0x08000227   Thumb Code     0  startup_stm32f103xe.o(.text)
    WWDG_IRQHandler                          0x08000227   Thumb Code     0  startup_stm32f103xe.o(.text)
    __user_initial_stackheap                 0x08000229   Thumb Code     0  startup_stm32f103xe.o(.text)
    __2printf                                0x0800024d   Thumb Code    20  noretval__2printf.o(.text)
    __printf                                 0x08000265   Thumb Code   104  __printf.o(.text)
    _printf_str                              0x080002cd   Thumb Code    82  _printf_str.o(.text)
    _printf_int_dec                          0x08000321   Thumb Code   104  _printf_dec.o(.text)
    __0sscanf                                0x08000399   Thumb Code    52  __0sscanf.o(.text)
    _scanf_int                               0x080003d5   Thumb Code   332  _scanf_int.o(.text)
    __aeabi_memclr4                          0x08000521   Thumb Code     0  rt_memclr_w.o(.text)
    __aeabi_memclr8                          0x08000521   Thumb Code     0  rt_memclr_w.o(.text)
    __rt_memclr_w                            0x08000521   Thumb Code    78  rt_memclr_w.o(.text)
    _memset_w                                0x08000525   Thumb Code     0  rt_memclr_w.o(.text)
    __use_two_region_memory                  0x0800056f   Thumb Code     2  heapauxi.o(.text)
    __rt_heap_escrow                         0x08000571   Thumb Code     2  heapauxi.o(.text)
    __rt_heap_expand                         0x08000573   Thumb Code     2  heapauxi.o(.text)
    __read_errno                             0x08000575   Thumb Code    10  _rserrno.o(.text)
    __set_errno                              0x0800057f   Thumb Code    12  _rserrno.o(.text)
    _printf_int_common                       0x0800058b   Thumb Code   178  _printf_intcommon.o(.text)
    __lib_sel_fp_printf                      0x0800063d   Thumb Code     2  _printf_fp_dec.o(.text)
    _printf_fp_dec_real                      0x080007ef   Thumb Code   620  _printf_fp_dec.o(.text)
    _printf_cs_common                        0x08000a5b   Thumb Code    20  _printf_char.o(.text)
    _printf_char                             0x08000a6f   Thumb Code    16  _printf_char.o(.text)
    _printf_string                           0x08000a7f   Thumb Code     8  _printf_char.o(.text)
    _printf_char_file                        0x08000a89   Thumb Code    32  _printf_char_file.o(.text)
    _chval                                   0x08000aad   Thumb Code    28  _chval.o(.text)
    __vfscanf_char                           0x08000ad5   Thumb Code    24  scanf_char.o(.text)
    _sgetc                                   0x08000af5   Thumb Code    30  _sgetc.o(.text)
    _sbackspace                              0x08000b13   Thumb Code    34  _sgetc.o(.text)
    __rt_locale                              0x08000b35   Thumb Code     8  rt_locale_intlibspace.o(.text)
    __aeabi_errno_addr                       0x08000b3d   Thumb Code     8  rt_errno_addr_intlibspace.o(.text)
    __errno$intlibspace                      0x08000b3d   Thumb Code     0  rt_errno_addr_intlibspace.o(.text)
    __rt_errno_addr$intlibspace              0x08000b3d   Thumb Code     0  rt_errno_addr_intlibspace.o(.text)
    _ll_udiv10                               0x08000b45   Thumb Code   138  lludiv10.o(.text)
    isspace                                  0x08000bcf   Thumb Code    18  isspace.o(.text)
    _printf_char_common                      0x08000beb   Thumb Code    32  _printf_char_common.o(.text)
    _printf_fp_infnan                        0x08000c11   Thumb Code   112  _printf_fp_infnan.o(.text)
    __vfscanf                                0x08000c91   Thumb Code   878  _scanf.o(.text)
    _btod_etento                             0x08001005   Thumb Code   224  bigflt0.o(.text)
    ferror                                   0x080010e9   Thumb Code     8  ferror.o(.text)
    _initio                                  0x080010f1   Thumb Code   210  initio.o(.text)
    _terminateio                             0x080011c3   Thumb Code    56  initio.o(.text)
    _sys_open                                0x08001229   Thumb Code    20  sys_io.o(.text)
    _sys_close                               0x0800123d   Thumb Code    12  sys_io.o(.text)
    _sys_write                               0x08001249   Thumb Code    16  sys_io.o(.text)
    _sys_read                                0x08001259   Thumb Code    14  sys_io.o(.text)
    _sys_istty                               0x08001267   Thumb Code    12  sys_io.o(.text)
    _sys_seek                                0x08001273   Thumb Code    14  sys_io.o(.text)
    _sys_ensure                              0x08001281   Thumb Code     2  sys_io.o(.text)
    _sys_flen                                0x08001283   Thumb Code    12  sys_io.o(.text)
    __user_libspace                          0x08001291   Thumb Code     8  libspace.o(.text)
    __user_perproc_libspace                  0x08001291   Thumb Code     0  libspace.o(.text)
    __user_perthread_libspace                0x08001291   Thumb Code     0  libspace.o(.text)
    __user_setup_stackheap                   0x08001299   Thumb Code    74  sys_stackheap_outer.o(.text)
    __rt_ctype_table                         0x080012e5   Thumb Code    16  rt_ctype_table.o(.text)
    free                                     0x080012f5   Thumb Code    78  h1_free.o(.text)
    setvbuf                                  0x08001343   Thumb Code    70  setvbuf.o(.text)
    freopen                                  0x08001389   Thumb Code   158  fopen.o(.text)
    fopen                                    0x08001427   Thumb Code    74  fopen.o(.text)
    _fclose_internal                         0x08001475   Thumb Code    76  fclose.o(.text)
    fclose                                   0x08001475   Thumb Code     0  fclose.o(.text)
    exit                                     0x080014c1   Thumb Code    18  exit.o(.text)
    __rt_SIGRTRED                            0x080014d3   Thumb Code    14  defsig_rtred_outer.o(.text)
    strcmp                                   0x080014e1   Thumb Code   128  strcmpv7m.o(.text)
    __I$use$semihosting                      0x08001561   Thumb Code     0  use_no_semi.o(.text)
    __use_no_semihosting_swi                 0x08001561   Thumb Code     2  use_no_semi.o(.text)
    __semihosting_library_function           0x08001563   Thumb Code     0  indicate_semi.o(.text)
    __rt_heap_descriptor                     0x08001565   Thumb Code     8  rt_heap_descriptor_intlibspace.o(.text)
    __use_no_heap                            0x0800156d   Thumb Code     2  hguard.o(.text)
    __heap$guard                             0x0800156f   Thumb Code     2  hguard.o(.text)
    _terminate_user_alloc                    0x08001571   Thumb Code     2  init_alloc.o(.text)
    _init_user_alloc                         0x08001573   Thumb Code     2  init_alloc.o(.text)
    __Heap_Full                              0x08001575   Thumb Code    34  init_alloc.o(.text)
    __Heap_Broken                            0x08001597   Thumb Code     6  init_alloc.o(.text)
    _init_alloc                              0x0800159d   Thumb Code    94  init_alloc.o(.text)
    malloc                                   0x080015fb   Thumb Code    94  h1_alloc.o(.text)
    _fseek                                   0x08001659   Thumb Code   242  fseek.o(.text)
    fseek                                    0x08001659   Thumb Code     0  fseek.o(.text)
    _seterr                                  0x08001751   Thumb Code    20  stdio.o(.text)
    _writebuf                                0x08001765   Thumb Code    84  stdio.o(.text)
    _fflush                                  0x080017b9   Thumb Code    70  stdio.o(.text)
    _deferredlazyseek                        0x080017ff   Thumb Code    60  stdio.o(.text)
    __sig_exit                               0x08001841   Thumb Code    10  defsig_exit.o(.text)
    __rt_SIGRTRED_inner                      0x0800184d   Thumb Code    14  defsig_rtred_inner.o(.text)
    strlen                                   0x08001881   Thumb Code    62  strlen.o(.text)
    _sys_exit                                0x080018c1   Thumb Code     8  sys_exit.o(.text)
    __Heap_Initialize                        0x080018cd   Thumb Code    10  h1_init.o(.text)
    __Heap_DescSize                          0x080018d7   Thumb Code     4  h1_init.o(.text)
    __Heap_ProvideMemory                     0x080018db   Thumb Code    52  h1_extend.o(.text)
    _ftell_internal                          0x0800190f   Thumb Code    66  ftell.o(.text)
    ftell                                    0x0800190f   Thumb Code     0  ftell.o(.text)
    __default_signal_display                 0x08001951   Thumb Code    50  defsig_general.o(.text)
    __rt_SIGRTMEM                            0x08001983   Thumb Code    14  defsig_rtmem_outer.o(.text)
    _ttywrch                                 0x08001991   Thumb Code    14  sys_wrch.o(.text)
    __rt_SIGRTMEM_inner                      0x080019a1   Thumb Code    22  defsig_rtmem_inner.o(.text)
    _btod_d2e                                0x080019f1   Thumb Code    62  btod.o(CL$$btod_d2e)
    _d2e_denorm_low                          0x08001a2f   Thumb Code    70  btod.o(CL$$btod_d2e_denorm_low)
    _d2e_norm_op1                            0x08001a75   Thumb Code    96  btod.o(CL$$btod_d2e_norm_op1)
    __btod_div_common                        0x08001ad5   Thumb Code   696  btod.o(CL$$btod_div_common)
    _e2e                                     0x08001e0d   Thumb Code   220  btod.o(CL$$btod_e2e)
    _btod_ediv                               0x08001ee9   Thumb Code    42  btod.o(CL$$btod_ediv)
    _btod_emul                               0x08001f13   Thumb Code    42  btod.o(CL$$btod_emul)
    __btod_mult_common                       0x08001f3d   Thumb Code   580  btod.o(CL$$btod_mult_common)
    BusFault_Handler                         0x08002181   Thumb Code     2  stm32f1xx_it.o(i.BusFault_Handler)
    DMA1_Channel5_IRQHandler                 0x08002185   Thumb Code     6  stm32f1xx_it.o(i.DMA1_Channel5_IRQHandler)
    DebugMon_Handler                         0x08002191   Thumb Code     2  stm32f1xx_it.o(i.DebugMon_Handler)
    Error_Handler                            0x08002193   Thumb Code     4  main.o(i.Error_Handler)
    HAL_DMA_Abort                            0x08002197   Thumb Code    70  stm32f1xx_hal_dma.o(i.HAL_DMA_Abort)
    HAL_DMA_Abort_IT                         0x080021dd   Thumb Code   296  stm32f1xx_hal_dma.o(i.HAL_DMA_Abort_IT)
    HAL_DMA_IRQHandler                       0x0800230d   Thumb Code   552  stm32f1xx_hal_dma.o(i.HAL_DMA_IRQHandler)
    HAL_DMA_Init                             0x08002555   Thumb Code   112  stm32f1xx_hal_dma.o(i.HAL_DMA_Init)
    HAL_Delay                                0x080025d1   Thumb Code    32  stm32f1xx_hal.o(i.HAL_Delay)
    HAL_GPIO_Init                            0x080025f5   Thumb Code   462  stm32f1xx_hal_gpio.o(i.HAL_GPIO_Init)
    HAL_GPIO_WritePin                        0x080027ed   Thumb Code    10  stm32f1xx_hal_gpio.o(i.HAL_GPIO_WritePin)
    HAL_GetTick                              0x080027f9   Thumb Code     6  stm32f1xx_hal.o(i.HAL_GetTick)
    HAL_IncTick                              0x08002805   Thumb Code    12  stm32f1xx_hal.o(i.HAL_IncTick)
    HAL_Init                                 0x08002815   Thumb Code    32  stm32f1xx_hal.o(i.HAL_Init)
    HAL_InitTick                             0x08002839   Thumb Code    54  stm32f1xx_hal.o(i.HAL_InitTick)
    HAL_MspInit                              0x08002879   Thumb Code    52  stm32f1xx_hal_msp.o(i.HAL_MspInit)
    HAL_NVIC_EnableIRQ                       0x080028b5   Thumb Code    26  stm32f1xx_hal_cortex.o(i.HAL_NVIC_EnableIRQ)
    HAL_NVIC_SetPriority                     0x080028d1   Thumb Code    60  stm32f1xx_hal_cortex.o(i.HAL_NVIC_SetPriority)
    HAL_NVIC_SetPriorityGrouping             0x08002911   Thumb Code    26  stm32f1xx_hal_cortex.o(i.HAL_NVIC_SetPriorityGrouping)
    HAL_RCC_ClockConfig                      0x08002935   Thumb Code   280  stm32f1xx_hal_rcc.o(i.HAL_RCC_ClockConfig)
    HAL_RCC_GetPCLK1Freq                     0x08002a61   Thumb Code    20  stm32f1xx_hal_rcc.o(i.HAL_RCC_GetPCLK1Freq)
    HAL_RCC_GetPCLK2Freq                     0x08002a81   Thumb Code    20  stm32f1xx_hal_rcc.o(i.HAL_RCC_GetPCLK2Freq)
    HAL_RCC_GetSysClockFreq                  0x08002aa1   Thumb Code    74  stm32f1xx_hal_rcc.o(i.HAL_RCC_GetSysClockFreq)
    HAL_RCC_OscConfig                        0x08002b0d   Thumb Code   778  stm32f1xx_hal_rcc.o(i.HAL_RCC_OscConfig)
    HAL_SYSTICK_Config                       0x08002e2d   Thumb Code    40  stm32f1xx_hal_cortex.o(i.HAL_SYSTICK_Config)
    HAL_TIMEx_BreakCallback                  0x08002e55   Thumb Code     2  stm32f1xx_hal_tim_ex.o(i.HAL_TIMEx_BreakCallback)
    HAL_TIMEx_CommutCallback                 0x08002e57   Thumb Code     2  stm32f1xx_hal_tim_ex.o(i.HAL_TIMEx_CommutCallback)
    HAL_TIMEx_ConfigBreakDeadTime            0x08002e59   Thumb Code    84  stm32f1xx_hal_tim_ex.o(i.HAL_TIMEx_ConfigBreakDeadTime)
    HAL_TIMEx_MasterConfigSynchronization    0x08002ead   Thumb Code   104  stm32f1xx_hal_tim_ex.o(i.HAL_TIMEx_MasterConfigSynchronization)
    HAL_TIM_Base_Init                        0x08002f29   Thumb Code    90  stm32f1xx_hal_tim.o(i.HAL_TIM_Base_Init)
    HAL_TIM_Base_MspInit                     0x08002f85   Thumb Code    50  tim.o(i.HAL_TIM_Base_MspInit)
    HAL_TIM_ConfigClockSource                0x08002fc1   Thumb Code   214  stm32f1xx_hal_tim.o(i.HAL_TIM_ConfigClockSource)
    HAL_TIM_IC_CaptureCallback               0x08003097   Thumb Code     2  stm32f1xx_hal_tim.o(i.HAL_TIM_IC_CaptureCallback)
    HAL_TIM_IRQHandler                       0x08003099   Thumb Code   358  stm32f1xx_hal_tim.o(i.HAL_TIM_IRQHandler)
    HAL_TIM_MspPostInit                      0x08003201   Thumb Code    64  tim.o(i.HAL_TIM_MspPostInit)
    HAL_TIM_OC_DelayElapsedCallback          0x0800324d   Thumb Code     2  stm32f1xx_hal_tim.o(i.HAL_TIM_OC_DelayElapsedCallback)
    HAL_TIM_PWM_ConfigChannel                0x0800324f   Thumb Code   198  stm32f1xx_hal_tim.o(i.HAL_TIM_PWM_ConfigChannel)
    HAL_TIM_PWM_Init                         0x08003315   Thumb Code    90  stm32f1xx_hal_tim.o(i.HAL_TIM_PWM_Init)
    HAL_TIM_PWM_MspInit                      0x0800336f   Thumb Code     2  stm32f1xx_hal_tim.o(i.HAL_TIM_PWM_MspInit)
    HAL_TIM_PWM_PulseFinishedCallback        0x08003371   Thumb Code     2  stm32f1xx_hal_tim.o(i.HAL_TIM_PWM_PulseFinishedCallback)
    HAL_TIM_PWM_Start                        0x08003375   Thumb Code   160  stm32f1xx_hal_tim.o(i.HAL_TIM_PWM_Start)
    HAL_TIM_PeriodElapsedCallback            0x08003429   Thumb Code     2  stm32f1xx_hal_tim.o(i.HAL_TIM_PeriodElapsedCallback)
    HAL_TIM_TriggerCallback                  0x0800342b   Thumb Code     2  stm32f1xx_hal_tim.o(i.HAL_TIM_TriggerCallback)
    HAL_UARTEx_RxEventCallback               0x0800342d   Thumb Code     2  stm32f1xx_hal_uart.o(i.HAL_UARTEx_RxEventCallback)
    HAL_UART_ErrorCallback                   0x0800342f   Thumb Code     2  stm32f1xx_hal_uart.o(i.HAL_UART_ErrorCallback)
    HAL_UART_IRQHandler                      0x08003431   Thumb Code   520  stm32f1xx_hal_uart.o(i.HAL_UART_IRQHandler)
    HAL_UART_Init                            0x0800363d   Thumb Code    98  stm32f1xx_hal_uart.o(i.HAL_UART_Init)
    HAL_UART_MspInit                         0x080036a1   Thumb Code   166  usart.o(i.HAL_UART_MspInit)
    HAL_UART_Receive_IT                      0x08003761   Thumb Code    42  stm32f1xx_hal_uart.o(i.HAL_UART_Receive_IT)
    HAL_UART_RxCpltCallback                  0x0800378d   Thumb Code   142  usart.o(i.HAL_UART_RxCpltCallback)
    HAL_UART_Transmit                        0x08003849   Thumb Code   178  stm32f1xx_hal_uart.o(i.HAL_UART_Transmit)
    HAL_UART_TxCpltCallback                  0x080038fb   Thumb Code     2  stm32f1xx_hal_uart.o(i.HAL_UART_TxCpltCallback)
    HAL_USART_ErrorCallback                  0x080038fd   Thumb Code     2  stm32f1xx_hal_usart.o(i.HAL_USART_ErrorCallback)
    HAL_USART_IRQHandler                     0x08003901   Thumb Code   394  stm32f1xx_hal_usart.o(i.HAL_USART_IRQHandler)
    HAL_USART_Init                           0x08003a91   Thumb Code    84  stm32f1xx_hal_usart.o(i.HAL_USART_Init)
    HAL_USART_MspInit                        0x08003ae5   Thumb Code   114  usart.o(i.HAL_USART_MspInit)
    HAL_USART_RxCpltCallback                 0x08003b65   Thumb Code     2  stm32f1xx_hal_usart.o(i.HAL_USART_RxCpltCallback)
    HAL_USART_TxCpltCallback                 0x08003b67   Thumb Code     2  stm32f1xx_hal_usart.o(i.HAL_USART_TxCpltCallback)
    HAL_USART_TxRxCpltCallback               0x08003b69   Thumb Code     2  stm32f1xx_hal_usart.o(i.HAL_USART_TxRxCpltCallback)
    HardFault_Handler                        0x08003b6b   Thumb Code     2  stm32f1xx_it.o(i.HardFault_Handler)
    MX_DMA_Init                              0x08003b6d   Thumb Code    40  dma.o(i.MX_DMA_Init)
    MX_GPIO_Init                             0x08003b99   Thumb Code   118  gpio.o(i.MX_GPIO_Init)
    MX_TIM1_Init                             0x08003c19   Thumb Code   214  tim.o(i.MX_TIM1_Init)
    MX_USART1_UART_Init                      0x08003cf9   Thumb Code    64  usart.o(i.MX_USART1_UART_Init)
    MX_USART2_Init                           0x08003d45   Thumb Code    50  usart.o(i.MX_USART2_Init)
    MemManage_Handler                        0x08003d81   Thumb Code     2  stm32f1xx_it.o(i.MemManage_Handler)
    NMI_Handler                              0x08003d83   Thumb Code     2  stm32f1xx_it.o(i.NMI_Handler)
    PendSV_Handler                           0x08003d85   Thumb Code     2  stm32f1xx_it.o(i.PendSV_Handler)
    SVC_Handler                              0x08003d87   Thumb Code     2  stm32f1xx_it.o(i.SVC_Handler)
    SysTick_Handler                          0x08003d89   Thumb Code     4  stm32f1xx_it.o(i.SysTick_Handler)
    SystemClock_Config                       0x08003d8d   Thumb Code    92  main.o(i.SystemClock_Config)
    SystemInit                               0x08003de9   Thumb Code     2  system_stm32f1xx.o(i.SystemInit)
    TIM1_BRK_IRQHandler                      0x08003ded   Thumb Code     6  stm32f1xx_it.o(i.TIM1_BRK_IRQHandler)
    TIM_Base_SetConfig                       0x08003df9   Thumb Code   120  stm32f1xx_hal_tim.o(i.TIM_Base_SetConfig)
    TIM_CCxChannelCmd                        0x08003e85   Thumb Code    26  stm32f1xx_hal_tim.o(i.TIM_CCxChannelCmd)
    TIM_ETR_SetConfig                        0x08003e9f   Thumb Code    20  stm32f1xx_hal_tim.o(i.TIM_ETR_SetConfig)
    TIM_OC2_SetConfig                        0x08003f25   Thumb Code    98  stm32f1xx_hal_tim.o(i.TIM_OC2_SetConfig)
    UART_Start_Receive_IT                    0x0800423d   Thumb Code    54  stm32f1xx_hal_uart.o(i.UART_Start_Receive_IT)
    USART1_IRQHandler                        0x080042d9   Thumb Code     6  stm32f1xx_it.o(i.USART1_IRQHandler)
    USART2_IRQHandler                        0x080042e5   Thumb Code     6  stm32f1xx_it.o(i.USART2_IRQHandler)
    UsageFault_Handler                       0x0800455d   Thumb Code     2  stm32f1xx_it.o(i.UsageFault_Handler)
    __ARM_fpclassify                         0x0800455f   Thumb Code    40  fpclassify.o(i.__ARM_fpclassify)
    __kernel_poly                            0x080045a7   Thumb Code   170  poly.o(i.__kernel_poly)
    __mathlib_dbl_infnan                     0x08004651   Thumb Code     6  dunder.o(i.__mathlib_dbl_infnan)
    __mathlib_dbl_underflow                  0x08004659   Thumb Code    10  dunder.o(i.__mathlib_dbl_underflow)
    atan                                     0x08004669   Thumb Code   474  atan.o(i.atan)
    fputc                                    0x08004889   Thumb Code    24  main.o(i.fputc)
    main                                     0x080048a5   Thumb Code   156  main.o(i.main)
    send_H_angle                             0x080049a1   Thumb Code    46  pan.o(i.send_H_angle)
    send_L_angle                             0x080049f9   Thumb Code    76  pan.o(i.send_L_angle)
    sqrt                                     0x08004a89   Thumb Code    76  sqrt.o(i.sqrt)
    trans_anglea                             0x08004ad5   Thumb Code   100  pan.o(i.trans_anglea)
    trans_angleb                             0x08004b65   Thumb Code    72  pan.o(i.trans_angleb)
    _get_lc_numeric                          0x08004bcd   Thumb Code    44  lc_numeric_c.o(locale$$code)
    _get_lc_ctype                            0x08004bf9   Thumb Code    44  lc_ctype_c.o(locale$$code)
    __aeabi_d2f                              0x08004c25   Thumb Code     0  d2f.o(x$fpl$d2f)
    _d2f                                     0x08004c25   Thumb Code    98  d2f.o(x$fpl$d2f)
    __aeabi_dadd                             0x08004c89   Thumb Code     0  daddsub_clz.o(x$fpl$dadd)
    _dadd                                    0x08004c89   Thumb Code   332  daddsub_clz.o(x$fpl$dadd)
    __fpl_dcheck_NaN1                        0x08004dd9   Thumb Code    10  dcheck1.o(x$fpl$dcheck1)
    __aeabi_ddiv                             0x08004de9   Thumb Code     0  ddiv.o(x$fpl$ddiv)
    _ddiv                                    0x08004de9   Thumb Code   552  ddiv.o(x$fpl$ddiv)
    __aeabi_i2d                              0x08005099   Thumb Code     0  dflt_clz.o(x$fpl$dflt)
    _dflt                                    0x08005099   Thumb Code    46  dflt_clz.o(x$fpl$dflt)
    __aeabi_dmul                             0x080050c9   Thumb Code     0  dmul.o(x$fpl$dmul)
    _dmul                                    0x080050c9   Thumb Code   332  dmul.o(x$fpl$dmul)
    __fpl_dnaninf                            0x0800521d   Thumb Code   156  dnaninf.o(x$fpl$dnaninf)
    __fpl_dretinf                            0x080052b9   Thumb Code    12  dretinf.o(x$fpl$dretinf)
    __aeabi_drsub                            0x080052c5   Thumb Code     0  daddsub_clz.o(x$fpl$drsb)
    _drsb                                    0x080052c5   Thumb Code    22  daddsub_clz.o(x$fpl$drsb)
    _dsqrt                                   0x080052dd   Thumb Code   456  dsqrt_noumaal.o(x$fpl$dsqrt)
    __aeabi_dsub                             0x080054a9   Thumb Code     0  daddsub_clz.o(x$fpl$dsub)
    _dsub                                    0x080054a9   Thumb Code   464  daddsub_clz.o(x$fpl$dsub)
    __aeabi_f2d                              0x0800567d   Thumb Code     0  f2d.o(x$fpl$f2d)
    _f2d                                     0x0800567d   Thumb Code    86  f2d.o(x$fpl$f2d)
    __aeabi_fdiv                             0x080056d5   Thumb Code     0  fdiv.o(x$fpl$fdiv)
    _fdiv                                    0x080056d5   Thumb Code   384  fdiv.o(x$fpl$fdiv)
    __aeabi_i2f                              0x08005859   Thumb Code     0  fflt_clz.o(x$fpl$fflt)
    _fflt                                    0x08005859   Thumb Code    48  fflt_clz.o(x$fpl$fflt)
    __fpl_fnaninf                            0x08005889   Thumb Code   140  fnaninf.o(x$fpl$fnaninf)
    __fpl_fretinf                            0x08005915   Thumb Code    10  fretinf.o(x$fpl$fretinf)
    _printf_fp_dec                           0x0800591f   Thumb Code     4  printf1.o(x$fpl$printf1)
    __fpl_return_NaN                         0x08005923   Thumb Code   100  retnan.o(x$fpl$retnan)
    __ARM_scalbn                             0x08005987   Thumb Code    92  scalbn.o(x$fpl$scalbn)
    __fpl_cmpreturn                          0x080059e3   Thumb Code    48  trapv.o(x$fpl$trapveneer)
    AHBPrescTable                            0x08005a12   Data          16  system_stm32f1xx.o(.constdata)
    __I$use$fp                               0x08005a12   Number         0  usenofp.o(x$fpl$usenofp)
    APBPrescTable                            0x08005a22   Data           8  system_stm32f1xx.o(.constdata)
    __stdin_name                             0x08005b5c   Data           4  sys_io.o(.constdata)
    __stdout_name                            0x08005b60   Data           4  sys_io.o(.constdata)
    __stderr_name                            0x08005b64   Data           4  sys_io.o(.constdata)
    Region$$Table$$Base                      0x08005b68   Number         0  anon$$obj.o(Region$$Table)
    Region$$Table$$Limit                     0x08005b88   Number         0  anon$$obj.o(Region$$Table)
    __ctype                                  0x08005bb1   Data           0  lc_ctype_c.o(locale$$data)
    tmp                                      0x20000000   Data           1  main.o(.data)
    usart1_RxBufferLen                       0x20000004   Data           4  usart.o(.data)
    usart1_RxBufferIndex                     0x20000008   Data           4  usart.o(.data)
    receive_x                                0x2000000c   Data           4  usart.o(.data)
    receive_y                                0x20000010   Data           4  usart.o(.data)
    uwTickFreq                               0x20000018   Data           1  stm32f1xx_hal.o(.data)
    uwTickPrio                               0x2000001c   Data           4  stm32f1xx_hal.o(.data)
    uwTick                                   0x20000020   Data           4  stm32f1xx_hal.o(.data)
    SystemCoreClock                          0x20000024   Data           4  system_stm32f1xx.o(.data)
    __aeabi_stdin                            0x20000028   Data           4  stdio_streams.o(.data)
    __aeabi_stdout                           0x2000002c   Data           4  stdio_streams.o(.data)
    __aeabi_stderr                           0x20000030   Data           4  stdio_streams.o(.data)
    htim1                                    0x20000034   Data          72  tim.o(.bss)
    usart1_RxBuffer                          0x2000007c   Data          20  usart.o(.bss)
    usart1_UART_RxBuffer                     0x20000090   Data         256  usart.o(.bss)
    huart1                                   0x20000190   Data          68  usart.o(.bss)
    husart2                                  0x200001d4   Data          68  usart.o(.bss)
    hdma_usart1_rx                           0x20000218   Data          68  usart.o(.bss)
    __stdin                                  0x2000025c   Data          84  stdio_streams.o(.bss)
    __stdout                                 0x200002b0   Data          84  stdio_streams.o(.bss)
    __stderr                                 0x20000304   Data          84  stdio_streams.o(.bss)
    __libspace_start                         0x20000358   Data          96  libspace.o(.bss)
    __temporary_stack_top$libspace           0x200003b8   Data           0  libspace.o(.bss)



==============================================================================

Memory Map of the image

  Image Entry point : 0x08000131

  Load Region LR_IROM1 (Base: 0x08000000, Size: 0x00005ce8, Max: 0x00040000, ABSOLUTE)

    Execution Region ER_IROM1 (Exec base: 0x08000000, Load base: 0x08000000, Size: 0x00005cb4, Max: 0x00040000, ABSOLUTE)

    Exec Addr    Load Addr    Size         Type   Attr      Idx    E Section Name        Object

    0x08000000   0x08000000   0x00000130   Data   RO            3    RESET               startup_stm32f103xe.o
    0x08000130   0x08000130   0x00000008   Code   RO         3194  * !!!main             c_w.l(__main.o)
    0x08000138   0x08000138   0x00000034   Code   RO         3670    !!!scatter          c_w.l(__scatter.o)
    0x0800016c   0x0800016c   0x0000001a   Code   RO         3672    !!handler_copy      c_w.l(__scatter_copy.o)
    0x08000186   0x08000186   0x00000002   PAD
    0x08000188   0x08000188   0x0000001c   Code   RO         3674    !!handler_zi        c_w.l(__scatter_zi.o)
    0x080001a4   0x080001a4   0x00000000   Code   RO         3185    .ARM.Collect$$_printf_percent$$00000000  c_w.l(_printf_percent.o)
    0x080001a4   0x080001a4   0x00000006   Code   RO         3184    .ARM.Collect$$_printf_percent$$00000003  c_w.l(_printf_f.o)
    0x080001aa   0x080001aa   0x00000006   Code   RO         3183    .ARM.Collect$$_printf_percent$$00000009  c_w.l(_printf_d.o)
    0x080001b0   0x080001b0   0x00000006   Code   RO         3182    .ARM.Collect$$_printf_percent$$00000014  c_w.l(_printf_s.o)
    0x080001b6   0x080001b6   0x00000004   Code   RO         3259    .ARM.Collect$$_printf_percent$$00000017  c_w.l(_printf_percent_end.o)
    0x080001ba   0x080001ba   0x00000002   Code   RO         3478    .ARM.Collect$$libinit$$00000000  c_w.l(libinit.o)
    0x080001bc   0x080001bc   0x00000000   Code   RO         3480    .ARM.Collect$$libinit$$00000002  c_w.l(libinit2.o)
    0x080001bc   0x080001bc   0x00000000   Code   RO         3482    .ARM.Collect$$libinit$$00000004  c_w.l(libinit2.o)
    0x080001bc   0x080001bc   0x00000008   Code   RO         3483    .ARM.Collect$$libinit$$00000005  c_w.l(libinit2.o)
    0x080001c4   0x080001c4   0x00000000   Code   RO         3485    .ARM.Collect$$libinit$$0000000A  c_w.l(libinit2.o)
    0x080001c4   0x080001c4   0x00000000   Code   RO         3487    .ARM.Collect$$libinit$$0000000C  c_w.l(libinit2.o)
    0x080001c4   0x080001c4   0x00000000   Code   RO         3489    .ARM.Collect$$libinit$$0000000E  c_w.l(libinit2.o)
    0x080001c4   0x080001c4   0x00000006   Code   RO         3490    .ARM.Collect$$libinit$$0000000F  c_w.l(libinit2.o)
    0x080001ca   0x080001ca   0x00000000   Code   RO         3492    .ARM.Collect$$libinit$$00000011  c_w.l(libinit2.o)
    0x080001ca   0x080001ca   0x0000000c   Code   RO         3493    .ARM.Collect$$libinit$$00000012  c_w.l(libinit2.o)
    0x080001d6   0x080001d6   0x00000000   Code   RO         3494    .ARM.Collect$$libinit$$00000013  c_w.l(libinit2.o)
    0x080001d6   0x080001d6   0x00000000   Code   RO         3496    .ARM.Collect$$libinit$$00000015  c_w.l(libinit2.o)
    0x080001d6   0x080001d6   0x0000000a   Code   RO         3497    .ARM.Collect$$libinit$$00000016  c_w.l(libinit2.o)
    0x080001e0   0x080001e0   0x00000000   Code   RO         3498    .ARM.Collect$$libinit$$00000017  c_w.l(libinit2.o)
    0x080001e0   0x080001e0   0x00000000   Code   RO         3500    .ARM.Collect$$libinit$$00000019  c_w.l(libinit2.o)
    0x080001e0   0x080001e0   0x00000000   Code   RO         3502    .ARM.Collect$$libinit$$0000001B  c_w.l(libinit2.o)
    0x080001e0   0x080001e0   0x00000000   Code   RO         3504    .ARM.Collect$$libinit$$0000001D  c_w.l(libinit2.o)
    0x080001e0   0x080001e0   0x00000000   Code   RO         3506    .ARM.Collect$$libinit$$0000001F  c_w.l(libinit2.o)
    0x080001e0   0x080001e0   0x00000000   Code   RO         3508    .ARM.Collect$$libinit$$00000021  c_w.l(libinit2.o)
    0x080001e0   0x080001e0   0x00000000   Code   RO         3510    .ARM.Collect$$libinit$$00000023  c_w.l(libinit2.o)
    0x080001e0   0x080001e0   0x00000004   Code   RO         3511    .ARM.Collect$$libinit$$00000024  c_w.l(libinit2.o)
    0x080001e4   0x080001e4   0x00000000   Code   RO         3512    .ARM.Collect$$libinit$$00000025  c_w.l(libinit2.o)
    0x080001e4   0x080001e4   0x00000000   Code   RO         3516    .ARM.Collect$$libinit$$0000002C  c_w.l(libinit2.o)
    0x080001e4   0x080001e4   0x00000000   Code   RO         3518    .ARM.Collect$$libinit$$0000002E  c_w.l(libinit2.o)
    0x080001e4   0x080001e4   0x00000000   Code   RO         3520    .ARM.Collect$$libinit$$00000030  c_w.l(libinit2.o)
    0x080001e4   0x080001e4   0x00000000   Code   RO         3522    .ARM.Collect$$libinit$$00000032  c_w.l(libinit2.o)
    0x080001e4   0x080001e4   0x00000002   Code   RO         3523    .ARM.Collect$$libinit$$00000033  c_w.l(libinit2.o)
    0x080001e6   0x080001e6   0x00000002   Code   RO         3649    .ARM.Collect$$libshutdown$$00000000  c_w.l(libshutdown.o)
    0x080001e8   0x080001e8   0x00000000   Code   RO         3525    .ARM.Collect$$libshutdown$$00000002  c_w.l(libshutdown2.o)
    0x080001e8   0x080001e8   0x00000004   Code   RO         3526    .ARM.Collect$$libshutdown$$00000003  c_w.l(libshutdown2.o)
    0x080001ec   0x080001ec   0x00000000   Code   RO         3527    .ARM.Collect$$libshutdown$$00000004  c_w.l(libshutdown2.o)
    0x080001ec   0x080001ec   0x00000000   Code   RO         3530    .ARM.Collect$$libshutdown$$00000007  c_w.l(libshutdown2.o)
    0x080001ec   0x080001ec   0x00000000   Code   RO         3533    .ARM.Collect$$libshutdown$$0000000A  c_w.l(libshutdown2.o)
    0x080001ec   0x080001ec   0x00000000   Code   RO         3535    .ARM.Collect$$libshutdown$$0000000C  c_w.l(libshutdown2.o)
    0x080001ec   0x080001ec   0x00000000   Code   RO         3538    .ARM.Collect$$libshutdown$$0000000F  c_w.l(libshutdown2.o)
    0x080001ec   0x080001ec   0x00000002   Code   RO         3539    .ARM.Collect$$libshutdown$$00000010  c_w.l(libshutdown2.o)
    0x080001ee   0x080001ee   0x00000000   Code   RO         3248    .ARM.Collect$$rtentry$$00000000  c_w.l(__rtentry.o)
    0x080001ee   0x080001ee   0x00000000   Code   RO         3306    .ARM.Collect$$rtentry$$00000002  c_w.l(__rtentry2.o)
    0x080001ee   0x080001ee   0x00000006   Code   RO         3318    .ARM.Collect$$rtentry$$00000004  c_w.l(__rtentry4.o)
    0x080001f4   0x080001f4   0x00000000   Code   RO         3308    .ARM.Collect$$rtentry$$00000009  c_w.l(__rtentry2.o)
    0x080001f4   0x080001f4   0x00000004   Code   RO         3309    .ARM.Collect$$rtentry$$0000000A  c_w.l(__rtentry2.o)
    0x080001f8   0x080001f8   0x00000000   Code   RO         3311    .ARM.Collect$$rtentry$$0000000C  c_w.l(__rtentry2.o)
    0x080001f8   0x080001f8   0x00000008   Code   RO         3312    .ARM.Collect$$rtentry$$0000000D  c_w.l(__rtentry2.o)
    0x08000200   0x08000200   0x00000002   Code   RO         3545    .ARM.Collect$$rtexit$$00000000  c_w.l(rtexit.o)
    0x08000202   0x08000202   0x00000000   Code   RO         3600    .ARM.Collect$$rtexit$$00000002  c_w.l(rtexit2.o)
    0x08000202   0x08000202   0x00000004   Code   RO         3601    .ARM.Collect$$rtexit$$00000003  c_w.l(rtexit2.o)
    0x08000206   0x08000206   0x00000006   Code   RO         3602    .ARM.Collect$$rtexit$$00000004  c_w.l(rtexit2.o)
    0x0800020c   0x0800020c   0x00000000   Code   RO         3606    .emb_text           c_w.l(maybetermalloc1.o)
    0x0800020c   0x0800020c   0x00000040   Code   RO            4    .text               startup_stm32f103xe.o
    0x0800024c   0x0800024c   0x00000018   Code   RO         3154    .text               c_w.l(noretval__2printf.o)
    0x08000264   0x08000264   0x00000068   Code   RO         3156    .text               c_w.l(__printf.o)
    0x080002cc   0x080002cc   0x00000052   Code   RO         3158    .text               c_w.l(_printf_str.o)
    0x0800031e   0x0800031e   0x00000002   PAD
    0x08000320   0x08000320   0x00000078   Code   RO         3160    .text               c_w.l(_printf_dec.o)
    0x08000398   0x08000398   0x0000003c   Code   RO         3186    .text               c_w.l(__0sscanf.o)
    0x080003d4   0x080003d4   0x0000014c   Code   RO         3188    .text               c_w.l(_scanf_int.o)
    0x08000520   0x08000520   0x0000004e   Code   RO         3190    .text               c_w.l(rt_memclr_w.o)
    0x0800056e   0x0800056e   0x00000006   Code   RO         3192    .text               c_w.l(heapauxi.o)
    0x08000574   0x08000574   0x00000016   Code   RO         3249    .text               c_w.l(_rserrno.o)
    0x0800058a   0x0800058a   0x000000b2   Code   RO         3251    .text               c_w.l(_printf_intcommon.o)
    0x0800063c   0x0800063c   0x0000041e   Code   RO         3253    .text               c_w.l(_printf_fp_dec.o)
    0x08000a5a   0x08000a5a   0x0000002c   Code   RO         3255    .text               c_w.l(_printf_char.o)
    0x08000a86   0x08000a86   0x00000002   PAD
    0x08000a88   0x08000a88   0x00000024   Code   RO         3257    .text               c_w.l(_printf_char_file.o)
    0x08000aac   0x08000aac   0x0000001c   Code   RO         3260    .text               c_w.l(_chval.o)
    0x08000ac8   0x08000ac8   0x0000002c   Code   RO         3262    .text               c_w.l(scanf_char.o)
    0x08000af4   0x08000af4   0x00000040   Code   RO         3264    .text               c_w.l(_sgetc.o)
    0x08000b34   0x08000b34   0x00000008   Code   RO         3323    .text               c_w.l(rt_locale_intlibspace.o)
    0x08000b3c   0x08000b3c   0x00000008   Code   RO         3328    .text               c_w.l(rt_errno_addr_intlibspace.o)
    0x08000b44   0x08000b44   0x0000008a   Code   RO         3330    .text               c_w.l(lludiv10.o)
    0x08000bce   0x08000bce   0x00000012   Code   RO         3332    .text               c_w.l(isspace.o)
    0x08000be0   0x08000be0   0x00000030   Code   RO         3334    .text               c_w.l(_printf_char_common.o)
    0x08000c10   0x08000c10   0x00000080   Code   RO         3336    .text               c_w.l(_printf_fp_infnan.o)
    0x08000c90   0x08000c90   0x00000374   Code   RO         3338    .text               c_w.l(_scanf.o)
    0x08001004   0x08001004   0x000000e4   Code   RO         3340    .text               c_w.l(bigflt0.o)
    0x080010e8   0x080010e8   0x00000008   Code   RO         3365    .text               c_w.l(ferror.o)
    0x080010f0   0x080010f0   0x00000138   Code   RO         3367    .text               c_w.l(initio.o)
    0x08001228   0x08001228   0x00000066   Code   RO         3382    .text               c_w.l(sys_io.o)
    0x0800128e   0x0800128e   0x00000002   PAD
    0x08001290   0x08001290   0x00000008   Code   RO         3387    .text               c_w.l(libspace.o)
    0x08001298   0x08001298   0x0000004a   Code   RO         3392    .text               c_w.l(sys_stackheap_outer.o)
    0x080012e2   0x080012e2   0x00000002   PAD
    0x080012e4   0x080012e4   0x00000010   Code   RO         3394    .text               c_w.l(rt_ctype_table.o)
    0x080012f4   0x080012f4   0x0000004e   Code   RO         3398    .text               c_w.l(h1_free.o)
    0x08001342   0x08001342   0x00000046   Code   RO         3454    .text               c_w.l(setvbuf.o)
    0x08001388   0x08001388   0x000000ec   Code   RO         3457    .text               c_w.l(fopen.o)
    0x08001474   0x08001474   0x0000004c   Code   RO         3459    .text               c_w.l(fclose.o)
    0x080014c0   0x080014c0   0x00000012   Code   RO         3465    .text               c_w.l(exit.o)
    0x080014d2   0x080014d2   0x0000000e   Code   RO         3467    .text               c_w.l(defsig_rtred_outer.o)
    0x080014e0   0x080014e0   0x00000080   Code   RO         3471    .text               c_w.l(strcmpv7m.o)
    0x08001560   0x08001560   0x00000002   Code   RO         3542    .text               c_w.l(use_no_semi.o)
    0x08001562   0x08001562   0x00000000   Code   RO         3544    .text               c_w.l(indicate_semi.o)
    0x08001562   0x08001562   0x00000002   PAD
    0x08001564   0x08001564   0x00000008   Code   RO         3552    .text               c_w.l(rt_heap_descriptor_intlibspace.o)
    0x0800156c   0x0800156c   0x00000004   Code   RO         3554    .text               c_w.l(hguard.o)
    0x08001570   0x08001570   0x0000008a   Code   RO         3556    .text               c_w.l(init_alloc.o)
    0x080015fa   0x080015fa   0x0000005e   Code   RO         3562    .text               c_w.l(h1_alloc.o)
    0x08001658   0x08001658   0x000000f8   Code   RO         3576    .text               c_w.l(fseek.o)
    0x08001750   0x08001750   0x000000f0   Code   RO         3578    .text               c_w.l(stdio.o)
    0x08001840   0x08001840   0x0000000a   Code   RO         3583    .text               c_w.l(defsig_exit.o)
    0x0800184a   0x0800184a   0x00000002   PAD
    0x0800184c   0x0800184c   0x00000034   Code   RO         3585    .text               c_w.l(defsig_rtred_inner.o)
    0x08001880   0x08001880   0x0000003e   Code   RO         3587    .text               c_w.l(strlen.o)
    0x080018be   0x080018be   0x00000002   PAD
    0x080018c0   0x080018c0   0x0000000c   Code   RO         3597    .text               c_w.l(sys_exit.o)
    0x080018cc   0x080018cc   0x0000000e   Code   RO         3608    .text               c_w.l(h1_init.o)
    0x080018da   0x080018da   0x00000034   Code   RO         3610    .text               c_w.l(h1_extend.o)
    0x0800190e   0x0800190e   0x00000042   Code   RO         3616    .text               c_w.l(ftell.o)
    0x08001950   0x08001950   0x00000032   Code   RO         3620    .text               c_w.l(defsig_general.o)
    0x08001982   0x08001982   0x0000000e   Code   RO         3622    .text               c_w.l(defsig_rtmem_outer.o)
    0x08001990   0x08001990   0x0000000e   Code   RO         3635    .text               c_w.l(sys_wrch.o)
    0x0800199e   0x0800199e   0x00000002   PAD
    0x080019a0   0x080019a0   0x00000050   Code   RO         3643    .text               c_w.l(defsig_rtmem_inner.o)
    0x080019f0   0x080019f0   0x0000003e   Code   RO         3343    CL$$btod_d2e        c_w.l(btod.o)
    0x08001a2e   0x08001a2e   0x00000046   Code   RO         3345    CL$$btod_d2e_denorm_low  c_w.l(btod.o)
    0x08001a74   0x08001a74   0x00000060   Code   RO         3344    CL$$btod_d2e_norm_op1  c_w.l(btod.o)
    0x08001ad4   0x08001ad4   0x00000338   Code   RO         3353    CL$$btod_div_common  c_w.l(btod.o)
    0x08001e0c   0x08001e0c   0x000000dc   Code   RO         3350    CL$$btod_e2e        c_w.l(btod.o)
    0x08001ee8   0x08001ee8   0x0000002a   Code   RO         3347    CL$$btod_ediv       c_w.l(btod.o)
    0x08001f12   0x08001f12   0x0000002a   Code   RO         3346    CL$$btod_emul       c_w.l(btod.o)
    0x08001f3c   0x08001f3c   0x00000244   Code   RO         3352    CL$$btod_mult_common  c_w.l(btod.o)
    0x08002180   0x08002180   0x00000002   Code   RO          392    i.BusFault_Handler  stm32f1xx_it.o
    0x08002182   0x08002182   0x00000002   PAD
    0x08002184   0x08002184   0x0000000c   Code   RO          393    i.DMA1_Channel5_IRQHandler  stm32f1xx_it.o
    0x08002190   0x08002190   0x00000002   Code   RO          394    i.DebugMon_Handler  stm32f1xx_it.o
    0x08002192   0x08002192   0x00000004   Code   RO          174    i.Error_Handler     main.o
    0x08002196   0x08002196   0x00000046   Code   RO         1904    i.HAL_DMA_Abort     stm32f1xx_hal_dma.o
    0x080021dc   0x080021dc   0x00000130   Code   RO         1905    i.HAL_DMA_Abort_IT  stm32f1xx_hal_dma.o
    0x0800230c   0x0800230c   0x00000248   Code   RO         1909    i.HAL_DMA_IRQHandler  stm32f1xx_hal_dma.o
    0x08002554   0x08002554   0x0000007c   Code   RO         1910    i.HAL_DMA_Init      stm32f1xx_hal_dma.o
    0x080025d0   0x080025d0   0x00000024   Code   RO         1532    i.HAL_Delay         stm32f1xx_hal.o
    0x080025f4   0x080025f4   0x000001f8   Code   RO         1840    i.HAL_GPIO_Init     stm32f1xx_hal_gpio.o
    0x080027ec   0x080027ec   0x0000000a   Code   RO         1844    i.HAL_GPIO_WritePin  stm32f1xx_hal_gpio.o
    0x080027f6   0x080027f6   0x00000002   PAD
    0x080027f8   0x080027f8   0x0000000c   Code   RO         1536    i.HAL_GetTick       stm32f1xx_hal.o
    0x08002804   0x08002804   0x00000010   Code   RO         1542    i.HAL_IncTick       stm32f1xx_hal.o
    0x08002814   0x08002814   0x00000024   Code   RO         1543    i.HAL_Init          stm32f1xx_hal.o
    0x08002838   0x08002838   0x00000040   Code   RO         1544    i.HAL_InitTick      stm32f1xx_hal.o
    0x08002878   0x08002878   0x0000003c   Code   RO          492    i.HAL_MspInit       stm32f1xx_hal_msp.o
    0x080028b4   0x080028b4   0x0000001a   Code   RO         2000    i.HAL_NVIC_EnableIRQ  stm32f1xx_hal_cortex.o
    0x080028ce   0x080028ce   0x00000002   PAD
    0x080028d0   0x080028d0   0x00000040   Code   RO         2006    i.HAL_NVIC_SetPriority  stm32f1xx_hal_cortex.o
    0x08002910   0x08002910   0x00000024   Code   RO         2007    i.HAL_NVIC_SetPriorityGrouping  stm32f1xx_hal_cortex.o
    0x08002934   0x08002934   0x0000012c   Code   RO         1700    i.HAL_RCC_ClockConfig  stm32f1xx_hal_rcc.o
    0x08002a60   0x08002a60   0x00000020   Code   RO         1707    i.HAL_RCC_GetPCLK1Freq  stm32f1xx_hal_rcc.o
    0x08002a80   0x08002a80   0x00000020   Code   RO         1708    i.HAL_RCC_GetPCLK2Freq  stm32f1xx_hal_rcc.o
    0x08002aa0   0x08002aa0   0x0000006c   Code   RO         1709    i.HAL_RCC_GetSysClockFreq  stm32f1xx_hal_rcc.o
    0x08002b0c   0x08002b0c   0x00000320   Code   RO         1712    i.HAL_RCC_OscConfig  stm32f1xx_hal_rcc.o
    0x08002e2c   0x08002e2c   0x00000028   Code   RO         2011    i.HAL_SYSTICK_Config  stm32f1xx_hal_cortex.o
    0x08002e54   0x08002e54   0x00000002   Code   RO         1258    i.HAL_TIMEx_BreakCallback  stm32f1xx_hal_tim_ex.o
    0x08002e56   0x08002e56   0x00000002   Code   RO         1259    i.HAL_TIMEx_CommutCallback  stm32f1xx_hal_tim_ex.o
    0x08002e58   0x08002e58   0x00000054   Code   RO         1261    i.HAL_TIMEx_ConfigBreakDeadTime  stm32f1xx_hal_tim_ex.o
    0x08002eac   0x08002eac   0x0000007c   Code   RO         1277    i.HAL_TIMEx_MasterConfigSynchronization  stm32f1xx_hal_tim_ex.o
    0x08002f28   0x08002f28   0x0000005a   Code   RO          554    i.HAL_TIM_Base_Init  stm32f1xx_hal_tim.o
    0x08002f82   0x08002f82   0x00000002   PAD
    0x08002f84   0x08002f84   0x0000003c   Code   RO          273    i.HAL_TIM_Base_MspInit  tim.o
    0x08002fc0   0x08002fc0   0x000000d6   Code   RO          563    i.HAL_TIM_ConfigClockSource  stm32f1xx_hal_tim.o
    0x08003096   0x08003096   0x00000002   Code   RO          588    i.HAL_TIM_IC_CaptureCallback  stm32f1xx_hal_tim.o
    0x08003098   0x08003098   0x00000166   Code   RO          602    i.HAL_TIM_IRQHandler  stm32f1xx_hal_tim.o
    0x080031fe   0x080031fe   0x00000002   PAD
    0x08003200   0x08003200   0x0000004c   Code   RO          274    i.HAL_TIM_MspPostInit  tim.o
    0x0800324c   0x0800324c   0x00000002   Code   RO          605    i.HAL_TIM_OC_DelayElapsedCallback  stm32f1xx_hal_tim.o
    0x0800324e   0x0800324e   0x000000c6   Code   RO          626    i.HAL_TIM_PWM_ConfigChannel  stm32f1xx_hal_tim.o
    0x08003314   0x08003314   0x0000005a   Code   RO          629    i.HAL_TIM_PWM_Init  stm32f1xx_hal_tim.o
    0x0800336e   0x0800336e   0x00000002   Code   RO          631    i.HAL_TIM_PWM_MspInit  stm32f1xx_hal_tim.o
    0x08003370   0x08003370   0x00000002   Code   RO          632    i.HAL_TIM_PWM_PulseFinishedCallback  stm32f1xx_hal_tim.o
    0x08003372   0x08003372   0x00000002   PAD
    0x08003374   0x08003374   0x000000b4   Code   RO          634    i.HAL_TIM_PWM_Start  stm32f1xx_hal_tim.o
    0x08003428   0x08003428   0x00000002   Code   RO          640    i.HAL_TIM_PeriodElapsedCallback  stm32f1xx_hal_tim.o
    0x0800342a   0x0800342a   0x00000002   Code   RO          645    i.HAL_TIM_TriggerCallback  stm32f1xx_hal_tim.o
    0x0800342c   0x0800342c   0x00000002   Code   RO         2511    i.HAL_UARTEx_RxEventCallback  stm32f1xx_hal_uart.o
    0x0800342e   0x0800342e   0x00000002   Code   RO         2525    i.HAL_UART_ErrorCallback  stm32f1xx_hal_uart.o
    0x08003430   0x08003430   0x0000020c   Code   RO         2528    i.HAL_UART_IRQHandler  stm32f1xx_hal_uart.o
    0x0800363c   0x0800363c   0x00000062   Code   RO         2529    i.HAL_UART_Init     stm32f1xx_hal_uart.o
    0x0800369e   0x0800369e   0x00000002   PAD
    0x080036a0   0x080036a0   0x000000c0   Code   RO          321    i.HAL_UART_MspInit  usart.o
    0x08003760   0x08003760   0x0000002a   Code   RO         2534    i.HAL_UART_Receive_IT  stm32f1xx_hal_uart.o
    0x0800378a   0x0800378a   0x00000002   PAD
    0x0800378c   0x0800378c   0x000000bc   Code   RO          322    i.HAL_UART_RxCpltCallback  usart.o
    0x08003848   0x08003848   0x000000b2   Code   RO         2537    i.HAL_UART_Transmit  stm32f1xx_hal_uart.o
    0x080038fa   0x080038fa   0x00000002   Code   RO         2540    i.HAL_UART_TxCpltCallback  stm32f1xx_hal_uart.o
    0x080038fc   0x080038fc   0x00000002   Code   RO         2864    i.HAL_USART_ErrorCallback  stm32f1xx_hal_usart.o
    0x080038fe   0x080038fe   0x00000002   PAD
    0x08003900   0x08003900   0x00000190   Code   RO         2867    i.HAL_USART_IRQHandler  stm32f1xx_hal_usart.o
    0x08003a90   0x08003a90   0x00000054   Code   RO         2868    i.HAL_USART_Init    stm32f1xx_hal_usart.o
    0x08003ae4   0x08003ae4   0x00000080   Code   RO          324    i.HAL_USART_MspInit  usart.o
    0x08003b64   0x08003b64   0x00000002   Code   RO         2874    i.HAL_USART_RxCpltCallback  stm32f1xx_hal_usart.o
    0x08003b66   0x08003b66   0x00000002   Code   RO         2882    i.HAL_USART_TxCpltCallback  stm32f1xx_hal_usart.o
    0x08003b68   0x08003b68   0x00000002   Code   RO         2884    i.HAL_USART_TxRxCpltCallback  stm32f1xx_hal_usart.o
    0x08003b6a   0x08003b6a   0x00000002   Code   RO          395    i.HardFault_Handler  stm32f1xx_it.o
    0x08003b6c   0x08003b6c   0x0000002c   Code   RO          248    i.MX_DMA_Init       dma.o
    0x08003b98   0x08003b98   0x00000080   Code   RO          224    i.MX_GPIO_Init      gpio.o
    0x08003c18   0x08003c18   0x000000e0   Code   RO          275    i.MX_TIM1_Init      tim.o
    0x08003cf8   0x08003cf8   0x0000004c   Code   RO          325    i.MX_USART1_UART_Init  usart.o
    0x08003d44   0x08003d44   0x0000003c   Code   RO          326    i.MX_USART2_Init    usart.o
    0x08003d80   0x08003d80   0x00000002   Code   RO          396    i.MemManage_Handler  stm32f1xx_it.o
    0x08003d82   0x08003d82   0x00000002   Code   RO          397    i.NMI_Handler       stm32f1xx_it.o
    0x08003d84   0x08003d84   0x00000002   Code   RO          398    i.PendSV_Handler    stm32f1xx_it.o
    0x08003d86   0x08003d86   0x00000002   Code   RO          399    i.SVC_Handler       stm32f1xx_it.o
    0x08003d88   0x08003d88   0x00000004   Code   RO          400    i.SysTick_Handler   stm32f1xx_it.o
    0x08003d8c   0x08003d8c   0x0000005c   Code   RO          175    i.SystemClock_Config  main.o
    0x08003de8   0x08003de8   0x00000002   Code   RO         3114    i.SystemInit        system_stm32f1xx.o
    0x08003dea   0x08003dea   0x00000002   PAD
    0x08003dec   0x08003dec   0x0000000c   Code   RO          401    i.TIM1_BRK_IRQHandler  stm32f1xx_it.o
    0x08003df8   0x08003df8   0x0000008c   Code   RO          647    i.TIM_Base_SetConfig  stm32f1xx_hal_tim.o
    0x08003e84   0x08003e84   0x0000001a   Code   RO          648    i.TIM_CCxChannelCmd  stm32f1xx_hal_tim.o
    0x08003e9e   0x08003e9e   0x00000014   Code   RO          658    i.TIM_ETR_SetConfig  stm32f1xx_hal_tim.o
    0x08003eb2   0x08003eb2   0x00000010   Code   RO          659    i.TIM_ITRx_SetConfig  stm32f1xx_hal_tim.o
    0x08003ec2   0x08003ec2   0x00000002   PAD
    0x08003ec4   0x08003ec4   0x00000060   Code   RO          660    i.TIM_OC1_SetConfig  stm32f1xx_hal_tim.o
    0x08003f24   0x08003f24   0x0000006c   Code   RO          661    i.TIM_OC2_SetConfig  stm32f1xx_hal_tim.o
    0x08003f90   0x08003f90   0x00000068   Code   RO          662    i.TIM_OC3_SetConfig  stm32f1xx_hal_tim.o
    0x08003ff8   0x08003ff8   0x00000050   Code   RO          663    i.TIM_OC4_SetConfig  stm32f1xx_hal_tim.o
    0x08004048   0x08004048   0x00000022   Code   RO          665    i.TIM_TI1_ConfigInputStage  stm32f1xx_hal_tim.o
    0x0800406a   0x0800406a   0x00000024   Code   RO          667    i.TIM_TI2_ConfigInputStage  stm32f1xx_hal_tim.o
    0x0800408e   0x0800408e   0x00000010   Code   RO         2542    i.UART_DMAAbortOnError  stm32f1xx_hal_uart.o
    0x0800409e   0x0800409e   0x00000030   Code   RO         2552    i.UART_EndRxTransfer  stm32f1xx_hal_uart.o
    0x080040ce   0x080040ce   0x000000b6   Code   RO         2554    i.UART_Receive_IT   stm32f1xx_hal_uart.o
    0x08004184   0x08004184   0x000000b8   Code   RO         2555    i.UART_SetConfig    stm32f1xx_hal_uart.o
    0x0800423c   0x0800423c   0x00000036   Code   RO         2557    i.UART_Start_Receive_IT  stm32f1xx_hal_uart.o
    0x08004272   0x08004272   0x00000064   Code   RO         2558    i.UART_WaitOnFlagUntilTimeout  stm32f1xx_hal_uart.o
    0x080042d6   0x080042d6   0x00000002   PAD
    0x080042d8   0x080042d8   0x0000000c   Code   RO          402    i.USART1_IRQHandler  stm32f1xx_it.o
    0x080042e4   0x080042e4   0x0000000c   Code   RO          403    i.USART2_IRQHandler  stm32f1xx_it.o
    0x080042f0   0x080042f0   0x00000010   Code   RO         2885    i.USART_DMAAbortOnError  stm32f1xx_hal_usart.o
    0x08004300   0x08004300   0x0000001c   Code   RO         2893    i.USART_EndRxTransfer  stm32f1xx_hal_usart.o
    0x0800431c   0x0800431c   0x00000090   Code   RO         2895    i.USART_Receive_IT  stm32f1xx_hal_usart.o
    0x080043ac   0x080043ac   0x000000d4   Code   RO         2896    i.USART_SetConfig   stm32f1xx_hal_usart.o
    0x08004480   0x08004480   0x000000dc   Code   RO         2897    i.USART_TransmitReceive_IT  stm32f1xx_hal_usart.o
    0x0800455c   0x0800455c   0x00000002   Code   RO          404    i.UsageFault_Handler  stm32f1xx_it.o
    0x0800455e   0x0800455e   0x00000028   Code   RO         3301    i.__ARM_fpclassify  m_ws.l(fpclassify.o)
    0x08004586   0x08004586   0x00000020   Code   RO         2013    i.__NVIC_SetPriority  stm32f1xx_hal_cortex.o
    0x080045a6   0x080045a6   0x000000aa   Code   RO         3303    i.__kernel_poly     m_ws.l(poly.o)
    0x08004650   0x08004650   0x00000006   Code   RO         3288    i.__mathlib_dbl_infnan  m_ws.l(dunder.o)
    0x08004656   0x08004656   0x00000002   PAD
    0x08004658   0x08004658   0x00000010   Code   RO         3293    i.__mathlib_dbl_underflow  m_ws.l(dunder.o)
    0x08004668   0x08004668   0x00000220   Code   RO         3231    i.atan              m_ws.l(atan.o)
    0x08004888   0x08004888   0x0000001c   Code   RO          176    i.fputc             main.o
    0x080048a4   0x080048a4   0x000000fc   Code   RO          177    i.main              main.o
    0x080049a0   0x080049a0   0x00000058   Code   RO           13    i.send_H_angle      pan.o
    0x080049f8   0x080049f8   0x00000090   Code   RO           14    i.send_L_angle      pan.o
    0x08004a88   0x08004a88   0x0000004c   Code   RO         3241    i.sqrt              m_ws.l(sqrt.o)
    0x08004ad4   0x08004ad4   0x00000090   Code   RO           15    i.trans_anglea      pan.o
    0x08004b64   0x08004b64   0x00000068   Code   RO           16    i.trans_angleb      pan.o
    0x08004bcc   0x08004bcc   0x0000002c   Code   RO         3374    locale$$code        c_w.l(lc_numeric_c.o)
    0x08004bf8   0x08004bf8   0x0000002c   Code   RO         3581    locale$$code        c_w.l(lc_ctype_c.o)
    0x08004c24   0x08004c24   0x00000062   Code   RO         3196    x$fpl$d2f           fz_ws.l(d2f.o)
    0x08004c86   0x08004c86   0x00000002   PAD
    0x08004c88   0x08004c88   0x00000150   Code   RO         3198    x$fpl$dadd          fz_ws.l(daddsub_clz.o)
    0x08004dd8   0x08004dd8   0x00000010   Code   RO         3376    x$fpl$dcheck1       fz_ws.l(dcheck1.o)
    0x08004de8   0x08004de8   0x000002b0   Code   RO         3205    x$fpl$ddiv          fz_ws.l(ddiv.o)
    0x08005098   0x08005098   0x0000002e   Code   RO         3209    x$fpl$dflt          fz_ws.l(dflt_clz.o)
    0x080050c6   0x080050c6   0x00000002   PAD
    0x080050c8   0x080050c8   0x00000154   Code   RO         3214    x$fpl$dmul          fz_ws.l(dmul.o)
    0x0800521c   0x0800521c   0x0000009c   Code   RO         3274    x$fpl$dnaninf       fz_ws.l(dnaninf.o)
    0x080052b8   0x080052b8   0x0000000c   Code   RO         3276    x$fpl$dretinf       fz_ws.l(dretinf.o)
    0x080052c4   0x080052c4   0x00000016   Code   RO         3199    x$fpl$drsb          fz_ws.l(daddsub_clz.o)
    0x080052da   0x080052da   0x00000002   PAD
    0x080052dc   0x080052dc   0x000001cc   Code   RO         3278    x$fpl$dsqrt         fz_ws.l(dsqrt_noumaal.o)
    0x080054a8   0x080054a8   0x000001d4   Code   RO         3200    x$fpl$dsub          fz_ws.l(daddsub_clz.o)
    0x0800567c   0x0800567c   0x00000056   Code   RO         3216    x$fpl$f2d           fz_ws.l(f2d.o)
    0x080056d2   0x080056d2   0x00000002   PAD
    0x080056d4   0x080056d4   0x00000184   Code   RO         3219    x$fpl$fdiv          fz_ws.l(fdiv.o)
    0x08005858   0x08005858   0x00000030   Code   RO         3223    x$fpl$fflt          fz_ws.l(fflt_clz.o)
    0x08005888   0x08005888   0x0000008c   Code   RO         3280    x$fpl$fnaninf       fz_ws.l(fnaninf.o)
    0x08005914   0x08005914   0x0000000a   Code   RO         3282    x$fpl$fretinf       fz_ws.l(fretinf.o)
    0x0800591e   0x0800591e   0x00000004   Code   RO         3228    x$fpl$printf1       fz_ws.l(printf1.o)
    0x08005922   0x08005922   0x00000064   Code   RO         3540    x$fpl$retnan        fz_ws.l(retnan.o)
    0x08005986   0x08005986   0x0000005c   Code   RO         3284    x$fpl$scalbn        fz_ws.l(scalbn.o)
    0x080059e2   0x080059e2   0x00000030   Code   RO         3595    x$fpl$trapveneer    fz_ws.l(trapv.o)
    0x08005a12   0x08005a12   0x00000000   Code   RO         3286    x$fpl$usenofp       fz_ws.l(usenofp.o)
    0x08005a12   0x08005a12   0x00000010   Data   RO         3115    .constdata          system_stm32f1xx.o
    0x08005a22   0x08005a22   0x00000008   Data   RO         3116    .constdata          system_stm32f1xx.o
    0x08005a2a   0x08005a2a   0x00000006   PAD
    0x08005a30   0x08005a30   0x00000098   Data   RO         3232    .constdata          m_ws.l(atan.o)
    0x08005ac8   0x08005ac8   0x00000094   Data   RO         3341    .constdata          c_w.l(bigflt0.o)
    0x08005b5c   0x08005b5c   0x00000004   Data   RO         3383    .constdata          c_w.l(sys_io.o)
    0x08005b60   0x08005b60   0x00000004   Data   RO         3384    .constdata          c_w.l(sys_io.o)
    0x08005b64   0x08005b64   0x00000004   Data   RO         3385    .constdata          c_w.l(sys_io.o)
    0x08005b68   0x08005b68   0x00000020   Data   RO         3668    Region$$Table       anon$$obj.o
    0x08005b88   0x08005b88   0x0000001c   Data   RO         3373    locale$$data        c_w.l(lc_numeric_c.o)
    0x08005ba4   0x08005ba4   0x00000110   Data   RO         3580    locale$$data        c_w.l(lc_ctype_c.o)


    Execution Region RW_IRAM1 (Exec base: 0x20000000, Load base: 0x08005cb4, Size: 0x000009b8, Max: 0x0000c000, ABSOLUTE)

    Exec Addr    Load Addr    Size         Type   Attr      Idx    E Section Name        Object

    0x20000000   0x08005cb4   0x00000001   Data   RW          180    .data               main.o
    0x20000001   0x08005cb5   0x00000003   PAD
    0x20000004   0x08005cb8   0x00000004   Data   RW          329    .data               usart.o
    0x20000008   0x08005cbc   0x00000010   Data   RW          330    .data               usart.o
    0x20000018   0x08005ccc   0x0000000c   Data   RW         1550    .data               stm32f1xx_hal.o
    0x20000024   0x08005cd8   0x00000004   Data   RW         3117    .data               system_stm32f1xx.o
    0x20000028   0x08005cdc   0x00000004   Data   RW         3269    .data               c_w.l(stdio_streams.o)
    0x2000002c   0x08005ce0   0x00000004   Data   RW         3270    .data               c_w.l(stdio_streams.o)
    0x20000030   0x08005ce4   0x00000004   Data   RW         3271    .data               c_w.l(stdio_streams.o)
    0x20000034        -       0x00000048   Zero   RW          276    .bss                tim.o
    0x2000007c        -       0x000001e0   Zero   RW          327    .bss                usart.o
    0x2000025c        -       0x00000054   Zero   RW         3266    .bss                c_w.l(stdio_streams.o)
    0x200002b0        -       0x00000054   Zero   RW         3267    .bss                c_w.l(stdio_streams.o)
    0x20000304        -       0x00000054   Zero   RW         3268    .bss                c_w.l(stdio_streams.o)
    0x20000358        -       0x00000060   Zero   RW         3388    .bss                c_w.l(libspace.o)
    0x200003b8        -       0x00000200   Zero   RW            2    HEAP                startup_stm32f103xe.o
    0x200005b8        -       0x00000400   Zero   RW            1    STACK               startup_stm32f103xe.o


==============================================================================

Image component sizes


      Code (inc. data)   RO Data    RW Data    ZI Data      Debug   Object Name

        44          4          0          0          0        718   dma.o
       128         10          0          0          0        911   gpio.o
       376        100          0          1          0       2821   main.o
       480        186          0          0          0     495436   pan.o
        64         26        304          0       1536        792   startup_stm32f103xe.o
       164         28          0         12          0       6357   stm32f1xx_hal.o
       198         14          0          0          0      28827   stm32f1xx_hal_cortex.o
      1082         52          0          0          0       3423   stm32f1xx_hal_dma.o
       514         42          0          0          0       2848   stm32f1xx_hal_gpio.o
        60          8          0          0          0        834   stm32f1xx_hal_msp.o
      1272        100          0          0          0       5076   stm32f1xx_hal_rcc.o
      1802         76          0          0          0      15454   stm32f1xx_hal_tim.o
       212         20          0          0          0       3061   stm32f1xx_hal_tim_ex.o
      1432         10          0          0          0      10264   stm32f1xx_hal_uart.o
      1112         12          0          0          0       8073   stm32f1xx_hal_usart.o
        68         24          0          0          0       5379   stm32f1xx_it.o
         2          0         24          4          0       1059   system_stm32f1xx.o
       360         32          0          0         72       2308   tim.o
       644        108          0         20        480       4287   usart.o

    ----------------------------------------------------------------------
     10038        852        366         40       2088     597928   Object Totals
         0          0         32          0          0          0   (incl. Generated)
        24          0          6          3          0          0   (incl. Padding)

    ----------------------------------------------------------------------

      Code (inc. data)   RO Data    RW Data    ZI Data      Debug   Library Member Name

        60          8          0          0          0         84   __0sscanf.o
         8          0          0          0          0         68   __main.o
       104          0          0          0          0         84   __printf.o
         0          0          0          0          0          0   __rtentry.o
        12          0          0          0          0          0   __rtentry2.o
         6          0          0          0          0          0   __rtentry4.o
        52          8          0          0          0          0   __scatter.o
        26          0          0          0          0          0   __scatter_copy.o
        28          0          0          0          0          0   __scatter_zi.o
        28          0          0          0          0         68   _chval.o
        44          0          0          0          0        108   _printf_char.o
        48          6          0          0          0         96   _printf_char_common.o
        36          4          0          0          0         80   _printf_char_file.o
         6          0          0          0          0          0   _printf_d.o
       120         16          0          0          0         92   _printf_dec.o
         6          0          0          0          0          0   _printf_f.o
      1054          0          0          0          0        216   _printf_fp_dec.o
       128         16          0          0          0         84   _printf_fp_infnan.o
       178          0          0          0          0         88   _printf_intcommon.o
         0          0          0          0          0          0   _printf_percent.o
         4          0          0          0          0          0   _printf_percent_end.o
         6          0          0          0          0          0   _printf_s.o
        82          0          0          0          0         80   _printf_str.o
        22          0          0          0          0        100   _rserrno.o
       884          6          0          0          0        100   _scanf.o
       332          0          0          0          0         96   _scanf_int.o
        64          0          0          0          0         84   _sgetc.o
       228          4        148          0          0         96   bigflt0.o
      1936        128          0          0          0        672   btod.o
        10          0          0          0          0         68   defsig_exit.o
        50          0          0          0          0         88   defsig_general.o
        80         58          0          0          0         76   defsig_rtmem_inner.o
        14          0          0          0          0         80   defsig_rtmem_outer.o
        52         38          0          0          0         76   defsig_rtred_inner.o
        14          0          0          0          0         80   defsig_rtred_outer.o
        18          0          0          0          0         80   exit.o
        76          0          0          0          0         88   fclose.o
         8          0          0          0          0         68   ferror.o
       236          4          0          0          0        128   fopen.o
       248          6          0          0          0         84   fseek.o
        66          0          0          0          0         76   ftell.o
        94          0          0          0          0         80   h1_alloc.o
        52          0          0          0          0         68   h1_extend.o
        78          0          0          0          0         80   h1_free.o
        14          0          0          0          0         84   h1_init.o
         6          0          0          0          0        152   heapauxi.o
         4          0          0          0          0        136   hguard.o
         0          0          0          0          0          0   indicate_semi.o
       138          0          0          0          0        168   init_alloc.o
       312         46          0          0          0        112   initio.o
        18          0          0          0          0         76   isspace.o
        44         10        272          0          0         76   lc_ctype_c.o
        44         10         28          0          0         76   lc_numeric_c.o
         2          0          0          0          0          0   libinit.o
        42          0          0          0          0          0   libinit2.o
         2          0          0          0          0          0   libshutdown.o
         6          0          0          0          0          0   libshutdown2.o
         8          4          0          0         96         68   libspace.o
       138          0          0          0          0         80   lludiv10.o
         0          0          0          0          0          0   maybetermalloc1.o
        24          4          0          0          0         84   noretval__2printf.o
        16          4          0          0          0         76   rt_ctype_table.o
         8          4          0          0          0         68   rt_errno_addr_intlibspace.o
         8          4          0          0          0         68   rt_heap_descriptor_intlibspace.o
         8          4          0          0          0         68   rt_locale_intlibspace.o
        78          0          0          0          0         80   rt_memclr_w.o
         2          0          0          0          0          0   rtexit.o
        10          0          0          0          0          0   rtexit2.o
        44          8          0          0          0         84   scanf_char.o
        70          0          0          0          0         80   setvbuf.o
       240          6          0          0          0        156   stdio.o
         0          0          0         12        252          0   stdio_streams.o
       128          0          0          0          0         68   strcmpv7m.o
        62          0          0          0          0         76   strlen.o
        12          4          0          0          0         68   sys_exit.o
       102          0         12          0          0        240   sys_io.o
        74          0          0          0          0         80   sys_stackheap_outer.o
        14          0          0          0          0         76   sys_wrch.o
         2          0          0          0          0         68   use_no_semi.o
        98          4          0          0          0         92   d2f.o
       826         16          0          0          0        348   daddsub_clz.o
        16          4          0          0          0         68   dcheck1.o
       688        140          0          0          0        208   ddiv.o
        46          0          0          0          0         68   dflt_clz.o
       340         12          0          0          0        104   dmul.o
       156          4          0          0          0         92   dnaninf.o
        12          0          0          0          0         68   dretinf.o
       460         56          0          0          0        120   dsqrt_noumaal.o
        86          4          0          0          0         84   f2d.o
       388         76          0          0          0         96   fdiv.o
        48          0          0          0          0         68   fflt_clz.o
       140          4          0          0          0         84   fnaninf.o
        10          0          0          0          0         68   fretinf.o
         4          0          0          0          0         68   printf1.o
       100          0          0          0          0         68   retnan.o
        92          0          0          0          0         68   scalbn.o
        48          0          0          0          0         68   trapv.o
         0          0          0          0          0          0   usenofp.o
       544         70        152          0          0        124   atan.o
        22          6          0          0          0        136   dunder.o
        40          0          0          0          0         68   fpclassify.o
       170          0          0          0          0         96   poly.o
        76          0          0          0          0         84   sqrt.o

    ----------------------------------------------------------------------
     12716        806        612         12        348       8332   Library Totals
        28          0          0          0          0          0   (incl. Padding)

    ----------------------------------------------------------------------

      Code (inc. data)   RO Data    RW Data    ZI Data      Debug   Library Name

      8278        410        460         12        348       5984   c_w.l
      3558        320          0          0          0       1840   fz_ws.l
       852         76        152          0          0        508   m_ws.l

    ----------------------------------------------------------------------
     12716        806        612         12        348       8332   Library Totals

    ----------------------------------------------------------------------

==============================================================================


      Code (inc. data)   RO Data    RW Data    ZI Data      Debug   

     22754       1658        978         52       2436     596376   Grand Totals
     22754       1658        978         52       2436     596376   ELF Image Totals
     22754       1658        978         52          0          0   ROM Totals

==============================================================================

    Total RO  Size (Code + RO Data)                23732 (  23.18kB)
    Total RW  Size (RW Data + ZI Data)              2488 (   2.43kB)
    Total ROM Size (Code + RO Data + RW Data)      23784 (  23.23kB)

==============================================================================

