Component: ARM Compiler 5.06 update 6 (build 750) Tool: armlink [4d35ed]

==============================================================================

Section Cross References

    startup_stm32f103xe.o(RESET) refers to startup_stm32f103xe.o(STACK) for __initial_sp
    startup_stm32f103xe.o(RESET) refers to startup_stm32f103xe.o(.text) for Reset_Handler
    startup_stm32f103xe.o(RESET) refers to stm32f1xx_it.o(i.NMI_Handler) for NMI_Handler
    startup_stm32f103xe.o(RESET) refers to stm32f1xx_it.o(i.HardFault_Handler) for HardFault_Handler
    startup_stm32f103xe.o(RESET) refers to stm32f1xx_it.o(i.MemManage_Handler) for MemManage_Handler
    startup_stm32f103xe.o(RESET) refers to stm32f1xx_it.o(i.BusFault_Handler) for BusFault_Handler
    startup_stm32f103xe.o(RESET) refers to stm32f1xx_it.o(i.UsageFault_Handler) for UsageFault_Handler
    startup_stm32f103xe.o(RESET) refers to stm32f1xx_it.o(i.SVC_Handler) for SVC_Handler
    startup_stm32f103xe.o(RESET) refers to stm32f1xx_it.o(i.DebugMon_Handler) for DebugMon_Handler
    startup_stm32f103xe.o(RESET) refers to stm32f1xx_it.o(i.PendSV_Handler) for PendSV_Handler
    startup_stm32f103xe.o(RESET) refers to stm32f1xx_it.o(i.SysTick_Handler) for SysTick_Handler
    startup_stm32f103xe.o(RESET) refers to stm32f1xx_it.o(i.DMA1_Channel5_IRQHandler) for DMA1_Channel5_IRQHandler
    startup_stm32f103xe.o(RESET) refers to stm32f1xx_it.o(i.TIM1_BRK_IRQHandler) for TIM1_BRK_IRQHandler
    startup_stm32f103xe.o(RESET) refers to stm32f1xx_it.o(i.USART1_IRQHandler) for USART1_IRQHandler
    startup_stm32f103xe.o(.text) refers to system_stm32f1xx.o(i.SystemInit) for SystemInit
    startup_stm32f103xe.o(.text) refers to entry.o(.ARM.Collect$$$$00000000) for __main
    pan.o(i.send_H_angle) refers to printfa.o(i.__0printf) for __2printf
    pan.o(i.send_H_angle) refers to tim.o(.bss) for htim1
    pan.o(i.send_L_angle) refers to printfa.o(i.__0printf) for __2printf
    pan.o(i.send_L_angle) refers to dflti.o(.text) for __aeabi_i2d
    pan.o(i.send_L_angle) refers to dmul.o(.text) for __aeabi_dmul
    pan.o(i.send_L_angle) refers to ddiv.o(.text) for __aeabi_ddiv
    pan.o(i.send_L_angle) refers to tim.o(.bss) for htim1
    pan.o(i.trans_anglea) refers to dflti.o(.text) for __aeabi_i2d
    pan.o(i.trans_anglea) refers to dadd.o(.text) for __aeabi_dsub
    pan.o(i.trans_anglea) refers to d2f.o(.text) for __aeabi_d2f
    pan.o(i.trans_anglea) refers to fflti.o(.text) for __aeabi_i2f
    pan.o(i.trans_anglea) refers to fdiv.o(.text) for __aeabi_fdiv
    pan.o(i.trans_anglea) refers to f2d.o(.text) for __aeabi_f2d
    pan.o(i.trans_anglea) refers to atan.o(i.atan) for atan
    pan.o(i.trans_anglea) refers to ddiv.o(.text) for __aeabi_ddiv
    pan.o(i.trans_anglea) refers to dmul.o(.text) for __aeabi_dmul
    pan.o(i.trans_anglea) refers to printfa.o(i.__0printf) for __2printf
    pan.o(i.trans_angleb) refers to dflti.o(.text) for __aeabi_i2d
    pan.o(i.trans_angleb) refers to sqrt.o(i.sqrt) for sqrt
    pan.o(i.trans_angleb) refers to ddiv.o(.text) for __aeabi_ddiv
    pan.o(i.trans_angleb) refers to atan.o(i.atan) for atan
    pan.o(i.trans_angleb) refers to dmul.o(.text) for __aeabi_dmul
    pan.o(i.trans_angleb) refers to d2f.o(.text) for __aeabi_d2f
    pan.o(i.trans_angleb) refers to f2d.o(.text) for __aeabi_f2d
    pan.o(i.trans_angleb) refers to printfa.o(i.__0printf) for __2printf
    main.o(i.SystemClock_Config) refers to memseta.o(.text) for __aeabi_memclr4
    main.o(i.SystemClock_Config) refers to stm32f1xx_hal_rcc.o(i.HAL_RCC_OscConfig) for HAL_RCC_OscConfig
    main.o(i.SystemClock_Config) refers to stm32f1xx_hal_rcc.o(i.HAL_RCC_ClockConfig) for HAL_RCC_ClockConfig
    main.o(i.fputc) refers to stm32f1xx_hal_uart.o(i.HAL_UART_Transmit) for HAL_UART_Transmit
    main.o(i.fputc) refers to usart.o(.bss) for huart1
    main.o(i.main) refers to stm32f1xx_hal.o(i.HAL_Init) for HAL_Init
    main.o(i.main) refers to main.o(i.SystemClock_Config) for SystemClock_Config
    main.o(i.main) refers to gpio.o(i.MX_GPIO_Init) for MX_GPIO_Init
    main.o(i.main) refers to tim.o(i.MX_TIM1_Init) for MX_TIM1_Init
    main.o(i.main) refers to usart.o(i.MX_USART1_UART_Init) for MX_USART1_UART_Init
    main.o(i.main) refers to dma.o(i.MX_DMA_Init) for MX_DMA_Init
    main.o(i.main) refers to usart.o(i.MX_USART2_Init) for MX_USART2_Init
    main.o(i.main) refers to stm32f1xx_hal_uart.o(i.HAL_UART_Receive_IT) for HAL_UART_Receive_IT
    main.o(i.main) refers to stm32f1xx_hal_tim.o(i.HAL_TIM_PWM_Start) for HAL_TIM_PWM_Start
    main.o(i.main) refers to pan.o(i.send_H_angle) for send_H_angle
    main.o(i.main) refers to pan.o(i.send_L_angle) for send_L_angle
    main.o(i.main) refers to printfa.o(i.__0printf) for __2printf
    main.o(i.main) refers to pan.o(i.trans_anglea) for trans_anglea
    main.o(i.main) refers to f2d.o(.text) for __aeabi_f2d
    main.o(i.main) refers to pan.o(i.trans_angleb) for trans_angleb
    main.o(i.main) refers to stm32f1xx_hal.o(i.HAL_Delay) for HAL_Delay
[...]
    Removing stm32f1xx_hal_uart.o(i.HAL_HalfDuplex_EnableTransmitter), (50 bytes).
    Removing stm32f1xx_hal_uart.o(i.HAL_HalfDuplex_Init), (108 bytes).
    Removing stm32f1xx_hal_uart.o(i.HAL_LIN_Init), (128 bytes).
    Removing stm32f1xx_hal_uart.o(i.HAL_LIN_SendBreak), (46 bytes).
    Removing stm32f1xx_hal_uart.o(i.HAL_MultiProcessor_EnterMuteMode), (46 bytes).
    Removing stm32f1xx_hal_uart.o(i.HAL_MultiProcessor_ExitMuteMode), (46 bytes).
    Removing stm32f1xx_hal_uart.o(i.HAL_MultiProcessor_Init), (142 bytes).
    Removing stm32f1xx_hal_uart.o(i.HAL_UARTEx_ReceiveToIdle), (254 bytes).
    Removing stm32f1xx_hal_uart.o(i.HAL_UARTEx_ReceiveToIdle_DMA), (74 bytes).
    Removing stm32f1xx_hal_uart.o(i.HAL_UARTEx_ReceiveToIdle_IT), (74 bytes).
    Removing stm32f1xx_hal_uart.o(i.HAL_UART_Abort), (156 bytes).
    Removing stm32f1xx_hal_uart.o(i.HAL_UART_AbortCpltCallback), (2 bytes).
    Removing stm32f1xx_hal_uart.o(i.HAL_UART_AbortReceive), (106 bytes).
    Removing stm32f1xx_hal_uart.o(i.HAL_UART_AbortReceiveCpltCallback), (2 bytes).
    Removing stm32f1xx_hal_uart.o(i.HAL_UART_AbortReceive_IT), (112 bytes).
    Removing stm32f1xx_hal_uart.o(i.HAL_UART_AbortTransmit), (78 bytes).
    Removing stm32f1xx_hal_uart.o(i.HAL_UART_AbortTransmitCpltCallback), (2 bytes).
    Removing stm32f1xx_hal_uart.o(i.HAL_UART_AbortTransmit_IT), (84 bytes).
    Removing stm32f1xx_hal_uart.o(i.HAL_UART_Abort_IT), (188 bytes).
    Removing stm32f1xx_hal_uart.o(i.HAL_UART_DMAPause), (102 bytes).
    Removing stm32f1xx_hal_uart.o(i.HAL_UART_DMAResume), (94 bytes).
    Removing stm32f1xx_hal_uart.o(i.HAL_UART_DMAStop), (88 bytes).
    Removing stm32f1xx_hal_uart.o(i.HAL_UART_DeInit), (52 bytes).
    Removing stm32f1xx_hal_uart.o(i.HAL_UART_GetError), (4 bytes).
    Removing stm32f1xx_hal_uart.o(i.HAL_UART_GetState), (10 bytes).
    Removing stm32f1xx_hal_uart.o(i.HAL_UART_MspDeInit), (2 bytes).
    Removing stm32f1xx_hal_uart.o(i.HAL_UART_MspInit), (2 bytes).
    Removing stm32f1xx_hal_uart.o(i.HAL_UART_Receive), (192 bytes).
    Removing stm32f1xx_hal_uart.o(i.HAL_UART_Receive_DMA), (42 bytes).
    Removing stm32f1xx_hal_uart.o(i.HAL_UART_RxCpltCallback), (2 bytes).
    Removing stm32f1xx_hal_uart.o(i.HAL_UART_RxHalfCpltCallback), (2 bytes).
    Removing stm32f1xx_hal_uart.o(i.HAL_UART_Transmit_DMA), (128 bytes).
    Removing stm32f1xx_hal_uart.o(i.HAL_UART_Transmit_IT), (62 bytes).
    Removing stm32f1xx_hal_uart.o(i.HAL_UART_TxHalfCpltCallback), (2 bytes).
    Removing stm32f1xx_hal_uart.o(i.UART_DMAError), (74 bytes).
    Removing stm32f1xx_hal_uart.o(i.UART_DMAReceiveCplt), (90 bytes).
    Removing stm32f1xx_hal_uart.o(i.UART_DMARxAbortCallback), (44 bytes).
    Removing stm32f1xx_hal_uart.o(i.UART_DMARxHalfCplt), (26 bytes).
    Removing stm32f1xx_hal_uart.o(i.UART_DMARxOnlyAbortCallback), (22 bytes).
    Removing stm32f1xx_hal_uart.o(i.UART_DMATransmitCplt), (46 bytes).
    Removing stm32f1xx_hal_uart.o(i.UART_DMATxAbortCallback), (44 bytes).
    Removing stm32f1xx_hal_uart.o(i.UART_DMATxHalfCplt), (10 bytes).
    Removing stm32f1xx_hal_uart.o(i.UART_DMATxOnlyAbortCallback), (20 bytes).
    Removing stm32f1xx_hal_uart.o(i.UART_EndTxTransfer), (18 bytes).
    Removing stm32f1xx_hal_uart.o(i.UART_Start_Receive_DMA), (112 bytes).
    Removing stm32f1xx_hal_usart.o(.rev16_text), (4 bytes).
    Removing stm32f1xx_hal_usart.o(.revsh_text), (4 bytes).
    Removing stm32f1xx_hal_usart.o(.rrx_text), (6 bytes).
    Removing stm32f1xx_hal_usart.o(i.HAL_USART_Abort), (100 bytes).
    Removing stm32f1xx_hal_usart.o(i.HAL_USART_AbortCpltCallback), (2 bytes).
    Removing stm32f1xx_hal_usart.o(i.HAL_USART_Abort_IT), (168 bytes).
    Removing stm32f1xx_hal_usart.o(i.HAL_USART_DMAPause), (38 bytes).
    Removing stm32f1xx_hal_usart.o(i.HAL_USART_DMAResume), (38 bytes).
    Removing stm32f1xx_hal_usart.o(i.HAL_USART_DMAStop), (92 bytes).
    Removing stm32f1xx_hal_usart.o(i.HAL_USART_DeInit), (46 bytes).
    Removing stm32f1xx_hal_usart.o(i.HAL_USART_ErrorCallback), (2 bytes).
    Removing stm32f1xx_hal_usart.o(i.HAL_USART_GetError), (4 bytes).
    Removing stm32f1xx_hal_usart.o(i.HAL_USART_GetState), (6 bytes).
    Removing stm32f1xx_hal_usart.o(i.HAL_USART_IRQHandler), (400 bytes).
    Removing stm32f1xx_hal_usart.o(i.HAL_USART_MspDeInit), (2 bytes).
    Removing stm32f1xx_hal_usart.o(i.HAL_USART_MspInit), (2 bytes).
    Removing stm32f1xx_hal_usart.o(i.HAL_USART_Receive), (212 bytes).
    Removing stm32f1xx_hal_usart.o(i.HAL_USART_Receive_DMA), (196 bytes).
    Removing stm32f1xx_hal_usart.o(i.HAL_USART_Receive_IT), (80 bytes).
    Removing stm32f1xx_hal_usart.o(i.HAL_USART_RxCpltCallback), (2 bytes).
    Removing stm32f1xx_hal_usart.o(i.HAL_USART_RxHalfCpltCallback), (2 bytes).
    Removing stm32f1xx_hal_usart.o(i.HAL_USART_Transmit), (176 bytes).
    Removing stm32f1xx_hal_usart.o(i.HAL_USART_TransmitReceive), (300 bytes).
    Removing stm32f1xx_hal_usart.o(i.HAL_USART_TransmitReceive_DMA), (216 bytes).
    Removing stm32f1xx_hal_usart.o(i.HAL_USART_TransmitReceive_IT), (102 bytes).
    Removing stm32f1xx_hal_usart.o(i.HAL_USART_Transmit_DMA), (128 bytes).
    Removing stm32f1xx_hal_usart.o(i.HAL_USART_Transmit_IT), (62 bytes).
    Removing stm32f1xx_hal_usart.o(i.HAL_USART_TxCpltCallback), (2 bytes).
    Removing stm32f1xx_hal_usart.o(i.HAL_USART_TxHalfCpltCallback), (2 bytes).
    Removing stm32f1xx_hal_usart.o(i.HAL_USART_TxRxCpltCallback), (2 bytes).
    Removing stm32f1xx_hal_usart.o(i.USART_DMAAbortOnError), (16 bytes).
    Removing stm32f1xx_hal_usart.o(i.USART_DMAError), (80 bytes).
    Removing stm32f1xx_hal_usart.o(i.USART_DMAReceiveCplt), (106 bytes).
    Removing stm32f1xx_hal_usart.o(i.USART_DMARxAbortCallback), (38 bytes).
    Removing stm32f1xx_hal_usart.o(i.USART_DMARxHalfCplt), (10 bytes).
    Removing stm32f1xx_hal_usart.o(i.USART_DMATransmitCplt), (62 bytes).
    Removing stm32f1xx_hal_usart.o(i.USART_DMATxAbortCallback), (38 bytes).
    Removing stm32f1xx_hal_usart.o(i.USART_DMATxHalfCplt), (10 bytes).
    Removing stm32f1xx_hal_usart.o(i.USART_EndRxTransfer), (28 bytes).
    Removing stm32f1xx_hal_usart.o(i.USART_EndTxTransfer), (18 bytes).
    Removing stm32f1xx_hal_usart.o(i.USART_Receive_IT), (144 bytes).
    Removing stm32f1xx_hal_usart.o(i.USART_TransmitReceive_IT), (220 bytes).
    Removing stm32f1xx_hal_usart.o(i.USART_WaitOnFlagUntilTimeout), (116 bytes).
    Removing system_stm32f1xx.o(.rev16_text), (4 bytes).
    Removing system_stm32f1xx.o(.revsh_text), (4 bytes).
    Removing system_stm32f1xx.o(.rrx_text), (6 bytes).
    Removing system_stm32f1xx.o(i.SystemCoreClockUpdate), (104 bytes).
    Removing cdcmple.o(.text), (48 bytes).

417 unused section(s) (total 28129 bytes) removed from the image.

==============================================================================

Image Symbol Table

    Local Symbols

    Symbol Name                              Value     Ov Type        Size  Object(Section)

    ../Core/Src/dma.c                        0x00000000   Number         0  dma.o ABSOLUTE
    ../Core/Src/gpio.c                       0x00000000   Number         0  gpio.o ABSOLUTE
    ../Core/Src/main.c                       0x00000000   Number         0  main.o ABSOLUTE
    ../Core/Src/stm32f1xx_hal_msp.c          0x00000000   Number         0  stm32f1xx_hal_msp.o ABSOLUTE
    ../Core/Src/stm32f1xx_it.c               0x00000000   Number         0  stm32f1xx_it.o ABSOLUTE
    ../Core/Src/system_stm32f1xx.c           0x00000000   Number         0  system_stm32f1xx.o ABSOLUTE
    ../Core/Src/tim.c                        0x00000000   Number         0  tim.o ABSOLUTE
    ../Core/Src/usart.c                      0x00000000   Number         0  usart.o ABSOLUTE
    ../Drivers/STM32F1xx_HAL_Driver/Src/stm32f1xx_hal.c 0x00000000   Number         0  stm32f1xx_hal.o ABSOLUTE
    ../Drivers/STM32F1xx_HAL_Driver/Src/stm32f1xx_hal_cortex.c 0x00000000   Number         0  stm32f1xx_hal_cortex.o ABSOLUTE
    ../Drivers/STM32F1xx_HAL_Driver/Src/stm32f1xx_hal_dma.c 0x00000000   Number         0  stm32f1xx_hal_dma.o ABSOLUTE
    ../Drivers/STM32F1xx_HAL_Driver/Src/stm32f1xx_hal_exti.c 0x00000000   Number         0  stm32f1xx_hal_exti.o ABSOLUTE
    ../Drivers/STM32F1xx_HAL_Driver/Src/stm32f1xx_hal_flash.c 0x00000000   Number         0  stm32f1xx_hal_flash.o ABSOLUTE
    ../Drivers/STM32F1xx_HAL_Driver/Src/stm32f1xx_hal_flash_ex.c 0x00000000   Number         0  stm32f1xx_hal_flash_ex.o ABSOLUTE
    ../Drivers/STM32F1xx_HAL_Driver/Src/stm32f1xx_hal_gpio.c 0x00000000   Number         0  stm32f1xx_hal_gpio.o ABSOLUTE
    ../Drivers/STM32F1xx_HAL_Driver/Src/stm32f1xx_hal_gpio_ex.c 0x00000000   Number         0  stm32f1xx_hal_gpio_ex.o ABSOLUTE
    ../Drivers/STM32F1xx_HAL_Driver/Src/stm32f1xx_hal_pwr.c 0x00000000   Number         0  stm32f1xx_hal_pwr.o ABSOLUTE
    ../Drivers/STM32F1xx_HAL_Driver/Src/stm32f1xx_hal_rcc.c 0x00000000   Number         0  stm32f1xx_hal_rcc.o ABSOLUTE
    ../Drivers/STM32F1xx_HAL_Driver/Src/stm32f1xx_hal_rcc_ex.c 0x00000000   Number         0  stm32f1xx_hal_rcc_ex.o ABSOLUTE
    ../Drivers/STM32F1xx_HAL_Driver/Src/stm32f1xx_hal_tim.c 0x00000000   Number         0  stm32f1xx_hal_tim.o ABSOLUTE
    ../Drivers/STM32F1xx_HAL_Driver/Src/stm32f1xx_hal_tim_ex.c 0x00000000   Number         0  stm32f1xx_hal_tim_ex.o ABSOLUTE
    ../Drivers/STM32F1xx_HAL_Driver/Src/stm32f1xx_hal_uart.c 0x00000000   Number         0  stm32f1xx_hal_uart.o ABSOLUTE
    ../Drivers/STM32F1xx_HAL_Driver/Src/stm32f1xx_hal_usart.c 0x00000000   Number         0  stm32f1xx_hal_usart.o ABSOLUTE
    ../clib/microlib/ctype/ctype.c           0x00000000   Number         0  ctype_c.o ABSOLUTE
    ../clib/microlib/ctype/ctype.c           0x00000000   Number         0  isspace_c.o ABSOLUTE
    ../clib/microlib/division.c              0x00000000   Number         0  uldiv.o ABSOLUTE
    ../clib/microlib/division.c              0x00000000   Number         0  uidiv.o ABSOLUTE
    ../clib/microlib/errno.c                 0x00000000   Number         0  errno.o ABSOLUTE
    ../clib/microlib/init/entry.s            0x00000000   Number         0  entry7b.o ABSOLUTE
    ../clib/microlib/init/entry.s            0x00000000   Number         0  entry.o ABSOLUTE
    ../clib/microlib/init/entry.s            0x00000000   Number         0  entry11b.o ABSOLUTE
    ../clib/microlib/init/entry.s            0x00000000   Number         0  entry11a.o ABSOLUTE
    ../clib/microlib/init/entry.s            0x00000000   Number         0  entry10b.o ABSOLUTE
    ../clib/microlib/init/entry.s            0x00000000   Number         0  entry9b.o ABSOLUTE
    ../clib/microlib/init/entry.s            0x00000000   Number         0  entry9a.o ABSOLUTE
    ../clib/microlib/init/entry.s            0x00000000   Number         0  entry8b.o ABSOLUTE
    ../clib/microlib/init/entry.s            0x00000000   Number         0  entry8a.o ABSOLUTE
    ../clib/microlib/init/entry.s            0x00000000   Number         0  entry10a.o ABSOLUTE
    ../clib/microlib/init/entry.s            0x00000000   Number         0  entry7a.o ABSOLUTE
    ../clib/microlib/init/entry.s            0x00000000   Number         0  entry5.o ABSOLUTE
    ../clib/microlib/init/entry.s            0x00000000   Number         0  entry2.o ABSOLUTE
    ../clib/microlib/longlong.c              0x00000000   Number         0  llushr.o ABSOLUTE
    ../clib/microlib/longlong.c              0x00000000   Number         0  llsshr.o ABSOLUTE
    ../clib/microlib/longlong.c              0x00000000   Number         0  llshl.o ABSOLUTE
    ../clib/microlib/printf/printf.c         0x00000000   Number         0  printf1.o ABSOLUTE
    ../clib/microlib/printf/printf.c         0x00000000   Number         0  printf2.o ABSOLUTE
    ../clib/microlib/printf/printf.c         0x00000000   Number         0  printf4.o ABSOLUTE
    ../clib/microlib/printf/printf.c         0x00000000   Number         0  printf5.o ABSOLUTE
    ../clib/microlib/printf/printf.c         0x00000000   Number         0  printf0.o ABSOLUTE
    ../clib/microlib/printf/printf.c         0x00000000   Number         0  printf7.o ABSOLUTE
    ../clib/microlib/printf/printf.c         0x00000000   Number         0  printf8.o ABSOLUTE
    ../clib/microlib/printf/printf.c         0x00000000   Number         0  printfb.o ABSOLUTE
    ../clib/microlib/printf/printf.c         0x00000000   Number         0  printf3.o ABSOLUTE
    ../clib/microlib/printf/printf.c         0x00000000   Number         0  printf6.o ABSOLUTE
    ../clib/microlib/printf/printf.c         0x00000000   Number         0  printfa.o ABSOLUTE
    ../clib/microlib/printf/stubs.s          0x00000000   Number         0  stubs.o ABSOLUTE
    ../clib/microlib/stdio/streams.c         0x00000000   Number         0  stdout.o ABSOLUTE
    ../clib/microlib/string/memset.c         0x00000000   Number         0  memseta.o ABSOLUTE
    ../clib/microlib/stubs.s                 0x00000000   Number         0  iusefp.o ABSOLUTE
    ../clib/scanf.c                          0x00000000   Number         0  scanf_char.o ABSOLUTE
    ../clib/scanf.c                          0x00000000   Number         0  _chval.o ABSOLUTE
    ../clib/scanf.c                          0x00000000   Number         0  _sgetc.o ABSOLUTE
    ../clib/scanf.c                          0x00000000   Number         0  _scanf_int.o ABSOLUTE
    ../clib/scanf.c                          0x00000000   Number         0  _scanf.o ABSOLUTE
    ../clib/scanf.c                          0x00000000   Number         0  __0sscanf.o ABSOLUTE
    ../fplib/microlib/d2f.c                  0x00000000   Number         0  d2f.o ABSOLUTE
    ../fplib/microlib/f2d.c                  0x00000000   Number         0  f2d.o ABSOLUTE
    ../fplib/microlib/fpadd.c                0x00000000   Number         0  dadd.o ABSOLUTE
    ../fplib/microlib/fpdiv.c                0x00000000   Number         0  ddiv.o ABSOLUTE
    ../fplib/microlib/fpdiv.c                0x00000000   Number         0  fdiv.o ABSOLUTE
    ../fplib/microlib/fpepilogue.c           0x00000000   Number         0  fepilogue.o ABSOLUTE
    ../fplib/microlib/fpepilogue.c           0x00000000   Number         0  depilogue.o ABSOLUTE
    ../fplib/microlib/fpfix.c                0x00000000   Number         0  dfixul.o ABSOLUTE
    ../fplib/microlib/fpflt.c                0x00000000   Number         0  dflti.o ABSOLUTE
    ../fplib/microlib/fpflt.c                0x00000000   Number         0  fflti.o ABSOLUTE
    ../fplib/microlib/fpmul.c                0x00000000   Number         0  dmul.o ABSOLUTE
    ../fplib/microlib/fpscalb.c              0x00000000   Number         0  dscalb.o ABSOLUTE
    ../fplib/microlib/fpsqrt.c               0x00000000   Number         0  dsqrt.o ABSOLUTE
    ../mathlib/atan.c                        0x00000000   Number         0  atan_x.o ABSOLUTE
    ../mathlib/atan.c                        0x00000000   Number         0  atan.o ABSOLUTE
    ../mathlib/dunder.c                      0x00000000   Number         0  dunder.o ABSOLUTE
    ../mathlib/fpclassify.c                  0x00000000   Number         0  fpclassify.o ABSOLUTE
    ../mathlib/poly.c                        0x00000000   Number         0  poly.o ABSOLUTE
    ../mathlib/sqrt.c                        0x00000000   Number         0  sqrt.o ABSOLUTE
    ../mathlib/sqrt.c                        0x00000000   Number         0  sqrt_x.o ABSOLUTE
    ..\Core\Src\dma.c                        0x00000000   Number         0  dma.o ABSOLUTE
    ..\Core\Src\gpio.c                       0x00000000   Number         0  gpio.o ABSOLUTE
    ..\Core\Src\main.c                       0x00000000   Number         0  main.o ABSOLUTE
    ..\Core\Src\stm32f1xx_hal_msp.c          0x00000000   Number         0  stm32f1xx_hal_msp.o ABSOLUTE
    ..\Core\Src\stm32f1xx_it.c               0x00000000   Number         0  stm32f1xx_it.o ABSOLUTE
    ..\Core\Src\system_stm32f1xx.c           0x00000000   Number         0  system_stm32f1xx.o ABSOLUTE
    ..\Core\Src\tim.c                        0x00000000   Number         0  tim.o ABSOLUTE
    ..\Core\Src\usart.c                      0x00000000   Number         0  usart.o ABSOLUTE
    ..\Drivers\STM32F1xx_HAL_Driver\Src\stm32f1xx_hal.c 0x00000000   Number         0  stm32f1xx_hal.o ABSOLUTE
    ..\Drivers\STM32F1xx_HAL_Driver\Src\stm32f1xx_hal_cortex.c 0x00000000   Number         0  stm32f1xx_hal_cortex.o ABSOLUTE
    ..\Drivers\STM32F1xx_HAL_Driver\Src\stm32f1xx_hal_dma.c 0x00000000   Number         0  stm32f1xx_hal_dma.o ABSOLUTE
    ..\Drivers\STM32F1xx_HAL_Driver\Src\stm32f1xx_hal_exti.c 0x00000000   Number         0  stm32f1xx_hal_exti.o ABSOLUTE
    ..\Drivers\STM32F1xx_HAL_Driver\Src\stm32f1xx_hal_flash.c 0x00000000   Number         0  stm32f1xx_hal_flash.o ABSOLUTE
    ..\Drivers\STM32F1xx_HAL_Driver\Src\stm32f1xx_hal_flash_ex.c 0x00000000   Number         0  stm32f1xx_hal_flash_ex.o ABSOLUTE
    ..\Drivers\STM32F1xx_HAL_Driver\Src\stm32f1xx_hal_gpio.c 0x00000000   Number         0  stm32f1xx_hal_gpio.o ABSOLUTE
    ..\Drivers\STM32F1xx_HAL_Driver\Src\stm32f1xx_hal_gpio_ex.c 0x00000000   Number         0  stm32f1xx_hal_gpio_ex.o ABSOLUTE
    ..\Drivers\STM32F1xx_HAL_Driver\Src\stm32f1xx_hal_pwr.c 0x00000000   Number         0  stm32f1xx_hal_pwr.o ABSOLUTE
    ..\Drivers\STM32F1xx_HAL_Driver\Src\stm32f1xx_hal_rcc.c 0x00000000   Number         0  stm32f1xx_hal_rcc.o ABSOLUTE
    ..\Drivers\STM32F1xx_HAL_Driver\Src\stm32f1xx_hal_rcc_ex.c 0x00000000   Number         0  stm32f1xx_hal_rcc_ex.o ABSOLUTE
    ..\Drivers\STM32F1xx_HAL_Driver\Src\stm32f1xx_hal_tim.c 0x00000000   Number         0  stm32f1xx_hal_tim.o ABSOLUTE
    ..\Drivers\STM32F1xx_HAL_Driver\Src\stm32f1xx_hal_tim_ex.c 0x00000000   Number         0  stm32f1xx_hal_tim_ex.o ABSOLUTE
    ..\Drivers\STM32F1xx_HAL_Driver\Src\stm32f1xx_hal_uart.c 0x00000000   Number         0  stm32f1xx_hal_uart.o ABSOLUTE
    ..\Drivers\STM32F1xx_HAL_Driver\Src\stm32f1xx_hal_usart.c 0x00000000   Number         0  stm32f1xx_hal_usart.o ABSOLUTE
    cdcmple.s                                0x00000000   Number         0  cdcmple.o ABSOLUTE
    cdrcmple.s                               0x00000000   Number         0  cdrcmple.o ABSOLUTE
    dc.s                                     0x00000000   Number         0  dc.o ABSOLUTE
    handlers.s                               0x00000000   Number         0  handlers.o ABSOLUTE
    init.s                                   0x00000000   Number         0  init.o ABSOLUTE
    pan.c                                    0x00000000   Number         0  pan.o ABSOLUTE
    pan.c                                    0x00000000   Number         0  pan.o ABSOLUTE
    startup_stm32f103xe.s                    0x00000000   Number         0  startup_stm32f103xe.o ABSOLUTE
    RESET                                    0x08000000   Section      304  startup_stm32f103xe.o(RESET)
    .ARM.Collect$$$$00000000                 0x08000130   Section        0  entry.o(.ARM.Collect$$$$00000000)
    .ARM.Collect$$$$00000001                 0x08000130   Section        4  entry2.o(.ARM.Collect$$$$00000001)
    .ARM.Collect$$$$00000004                 0x08000134   Section        4  entry5.o(.ARM.Collect$$$$00000004)
    .ARM.Collect$$$$00000008                 0x08000138   Section        0  entry7b.o(.ARM.Collect$$$$00000008)
    .ARM.Collect$$$$0000000A                 0x08000138   Section        0  entry8b.o(.ARM.Collect$$$$0000000A)
    .ARM.Collect$$$$0000000B                 0x08000138   Section        8  entry9a.o(.ARM.Collect$$$$0000000B)
    .ARM.Collect$$$$0000000D                 0x08000140   Section        0  entry10a.o(.ARM.Collect$$$$0000000D)
    .ARM.Collect$$$$0000000F                 0x08000140   Section        0  entry11a.o(.ARM.Collect$$$$0000000F)
    .ARM.Collect$$$$00002712                 0x08000140   Section        4  entry2.o(.ARM.Collect$$$$00002712)
    __lit__00000000                          0x08000140   Data           4  entry2.o(.ARM.Collect$$$$00002712)
    .text                                    0x08000144   Section       36  startup_stm32f103xe.o(.text)
    .text                                    0x08000168   Section        0  llushr.o(.text)
    .text                                    0x08000188   Section        0  memseta.o(.text)
    .text                                    0x080001ac   Section        0  __0sscanf.o(.text)
    .text                                    0x080001e4   Section        0  _scanf_int.o(.text)
    .text                                    0x08000330   Section        0  fdiv.o(.text)
    .text                                    0x080003ac   Section        0  dadd.o(.text)
    .text                                    0x080004fa   Section        0  dmul.o(.text)
    .text                                    0x080005de   Section        0  ddiv.o(.text)
    .text                                    0x080006bc   Section        0  fflti.o(.text)
    .text                                    0x080006ce   Section        0  dflti.o(.text)
    .text                                    0x080006f0   Section        0  f2d.o(.text)
    .text                                    0x08000716   Section        0  d2f.o(.text)
    .text                                    0x0800074e   Section        0  uidiv.o(.text)
    .text                                    0x0800077a   Section        0  uldiv.o(.text)
    .text                                    0x080007dc   Section        0  llshl.o(.text)
    .text                                    0x080007fa   Section        0  llsshr.o(.text)
    .text                                    0x0800081e   Section        0  _chval.o(.text)
    .text                                    0x0800083c   Section        0  scanf_char.o(.text)
    _scanf_char_input                        0x0800083d   Thumb Code    12  scanf_char.o(.text)
    .text                                    0x08000864   Section        0  _sgetc.o(.text)
    .text                                    0x080008a4   Section        0  iusefp.o(.text)
    .text                                    0x080008a4   Section        0  fepilogue.o(.text)
    .text                                    0x08000912   Section        0  depilogue.o(.text)
    .text                                    0x080009cc   Section        0  dscalb.o(.text)
    .text                                    0x080009fa   Section        0  dsqrt.o(.text)
    .text                                    0x08000a9c   Section        0  dfixul.o(.text)
    .text                                    0x08000acc   Section       48  cdrcmple.o(.text)
    .text                                    0x08000afc   Section       36  init.o(.text)
    .text                                    0x08000b20   Section        0  isspace_c.o(.text)
    .text                                    0x08000b2c   Section        0  _scanf.o(.text)
    .text                                    0x08000e58   Section        0  ctype_c.o(.text)
    i.BusFault_Handler                       0x08000e80   Section        0  stm32f1xx_it.o(i.BusFault_Handler)
    i.DMA1_Channel5_IRQHandler               0x08000e84   Section        0  stm32f1xx_it.o(i.DMA1_Channel5_IRQHandler)
    i.DebugMon_Handler                       0x08000e90   Section        0  stm32f1xx_it.o(i.DebugMon_Handler)
    i.Error_Handler                          0x08000e92   Section        0  main.o(i.Error_Handler)
    i.HAL_DMA_Abort                          0x08000e96   Section        0  stm32f1xx_hal_dma.o(i.HAL_DMA_Abort)
    i.HAL_DMA_Abort_IT                       0x08000edc   Section        0  stm32f1xx_hal_dma.o(i.HAL_DMA_Abort_IT)
    i.HAL_DMA_IRQHandler                     0x0800100c   Section        0  stm32f1xx_hal_dma.o(i.HAL_DMA_IRQHandler)
    i.HAL_DMA_Init                           0x08001254   Section        0  stm32f1xx_hal_dma.o(i.HAL_DMA_Init)
    i.HAL_Delay                              0x080012d0   Section        0  stm32f1xx_hal.o(i.HAL_Delay)
    i.HAL_GPIO_Init                          0x080012f4   Section        0  stm32f1xx_hal_gpio.o(i.HAL_GPIO_Init)
    i.HAL_GPIO_WritePin                      0x080014ec   Section        0  stm32f1xx_hal_gpio.o(i.HAL_GPIO_WritePin)
    i.HAL_GetTick                            0x080014f8   Section        0  stm32f1xx_hal.o(i.HAL_GetTick)
    i.HAL_IncTick                            0x08001504   Section        0  stm32f1xx_hal.o(i.HAL_IncTick)
    i.HAL_Init                               0x08001514   Section        0  stm32f1xx_hal.o(i.HAL_Init)
    i.HAL_InitTick                           0x08001538   Section        0  stm32f1xx_hal.o(i.HAL_InitTick)
    i.HAL_MspInit                            0x08001578   Section        0  stm32f1xx_hal_msp.o(i.HAL_MspInit)
    i.HAL_NVIC_EnableIRQ                     0x080015b4   Section        0  stm32f1xx_hal_cortex.o(i.HAL_NVIC_EnableIRQ)
    i.HAL_NVIC_SetPriority                   0x080015d0   Section        0  stm32f1xx_hal_cortex.o(i.HAL_NVIC_SetPriority)
    i.HAL_NVIC_SetPriorityGrouping           0x08001610   Section        0  stm32f1xx_hal_cortex.o(i.HAL_NVIC_SetPriorityGrouping)
    i.HAL_RCC_ClockConfig                    0x08001634   Section        0  stm32f1xx_hal_rcc.o(i.HAL_RCC_ClockConfig)
    i.HAL_RCC_GetPCLK1Freq                   0x08001760   Section        0  stm32f1xx_hal_rcc.o(i.HAL_RCC_GetPCLK1Freq)
    i.HAL_RCC_GetPCLK2Freq                   0x08001780   Section        0  stm32f1xx_hal_rcc.o(i.HAL_RCC_GetPCLK2Freq)
    i.HAL_RCC_GetSysClockFreq                0x080017a0   Section        0  stm32f1xx_hal_rcc.o(i.HAL_RCC_GetSysClockFreq)
    i.HAL_RCC_OscConfig                      0x0800180c   Section        0  stm32f1xx_hal_rcc.o(i.HAL_RCC_OscConfig)
    i.HAL_SYSTICK_Config                     0x08001b2c   Section        0  stm32f1xx_hal_cortex.o(i.HAL_SYSTICK_Config)
    i.HAL_TIMEx_BreakCallback                0x08001b54   Section        0  stm32f1xx_hal_tim_ex.o(i.HAL_TIMEx_BreakCallback)
    i.HAL_TIMEx_CommutCallback               0x08001b56   Section        0  stm32f1xx_hal_tim_ex.o(i.HAL_TIMEx_CommutCallback)
    i.HAL_TIMEx_ConfigBreakDeadTime          0x08001b58   Section        0  stm32f1xx_hal_tim_ex.o(i.HAL_TIMEx_ConfigBreakDeadTime)
    i.HAL_TIMEx_MasterConfigSynchronization  0x08001bac   Section        0  stm32f1xx_hal_tim_ex.o(i.HAL_TIMEx_MasterConfigSynchronization)
    i.HAL_TIM_Base_Init                      0x08001c28   Section        0  stm32f1xx_hal_tim.o(i.HAL_TIM_Base_Init)
    i.HAL_TIM_Base_MspInit                   0x08001c84   Section        0  tim.o(i.HAL_TIM_Base_MspInit)
    i.HAL_TIM_ConfigClockSource              0x08001cc0   Section        0  stm32f1xx_hal_tim.o(i.HAL_TIM_ConfigClockSource)
    i.HAL_TIM_IC_CaptureCallback             0x08001d96   Section        0  stm32f1xx_hal_tim.o(i.HAL_TIM_IC_CaptureCallback)
    i.HAL_TIM_IRQHandler                     0x08001d98   Section        0  stm32f1xx_hal_tim.o(i.HAL_TIM_IRQHandler)
    i.HAL_TIM_MspPostInit                    0x08001f00   Section        0  tim.o(i.HAL_TIM_MspPostInit)
    i.HAL_TIM_OC_DelayElapsedCallback        0x08001f4c   Section        0  stm32f1xx_hal_tim.o(i.HAL_TIM_OC_DelayElapsedCallback)
    i.HAL_TIM_PWM_ConfigChannel              0x08001f4e   Section        0  stm32f1xx_hal_tim.o(i.HAL_TIM_PWM_ConfigChannel)
    i.HAL_TIM_PWM_Init                       0x08002014   Section        0  stm32f1xx_hal_tim.o(i.HAL_TIM_PWM_Init)
    i.HAL_TIM_PWM_MspInit                    0x0800206e   Section        0  stm32f1xx_hal_tim.o(i.HAL_TIM_PWM_MspInit)
    i.HAL_TIM_PWM_PulseFinishedCallback      0x08002070   Section        0  stm32f1xx_hal_tim.o(i.HAL_TIM_PWM_PulseFinishedCallback)
    i.HAL_TIM_PWM_Start                      0x08002074   Section        0  stm32f1xx_hal_tim.o(i.HAL_TIM_PWM_Start)
    i.HAL_TIM_PeriodElapsedCallback          0x08002128   Section        0  stm32f1xx_hal_tim.o(i.HAL_TIM_PeriodElapsedCallback)
    i.HAL_TIM_TriggerCallback                0x0800212a   Section        0  stm32f1xx_hal_tim.o(i.HAL_TIM_TriggerCallback)
    i.HAL_UARTEx_RxEventCallback             0x0800212c   Section        0  stm32f1xx_hal_uart.o(i.HAL_UARTEx_RxEventCallback)
    i.HAL_UART_ErrorCallback                 0x0800212e   Section        0  stm32f1xx_hal_uart.o(i.HAL_UART_ErrorCallback)
    i.HAL_UART_IRQHandler                    0x08002130   Section        0  stm32f1xx_hal_uart.o(i.HAL_UART_IRQHandler)
    i.HAL_UART_Init                          0x0800233c   Section        0  stm32f1xx_hal_uart.o(i.HAL_UART_Init)
    i.HAL_UART_MspInit                       0x080023a0   Section        0  usart.o(i.HAL_UART_MspInit)
    i.HAL_UART_Receive_IT                    0x08002460   Section        0  stm32f1xx_hal_uart.o(i.HAL_UART_Receive_IT)
    i.HAL_UART_RxCpltCallback                0x0800248c   Section        0  usart.o(i.HAL_UART_RxCpltCallback)
    i.HAL_UART_Transmit                      0x08002564   Section        0  stm32f1xx_hal_uart.o(i.HAL_UART_Transmit)
    i.HAL_UART_TxCpltCallback                0x08002616   Section        0  stm32f1xx_hal_uart.o(i.HAL_UART_TxCpltCallback)
    i.HAL_USART_Init                         0x08002618   Section        0  stm32f1xx_hal_usart.o(i.HAL_USART_Init)
    i.HAL_USART_MspInit                      0x0800266c   Section        0  usart.o(i.HAL_USART_MspInit)
    i.HardFault_Handler                      0x080026dc   Section        0  stm32f1xx_it.o(i.HardFault_Handler)
    i.MX_DMA_Init                            0x080026e0   Section        0  dma.o(i.MX_DMA_Init)
    i.MX_GPIO_Init                           0x0800270c   Section        0  gpio.o(i.MX_GPIO_Init)
    i.MX_TIM1_Init                           0x0800278c   Section        0  tim.o(i.MX_TIM1_Init)
    i.MX_USART1_UART_Init                    0x0800286c   Section        0  usart.o(i.MX_USART1_UART_Init)
    i.MX_USART2_Init                         0x080028b8   Section        0  usart.o(i.MX_USART2_Init)
    i.MemManage_Handler                      0x080028f4   Section        0  stm32f1xx_it.o(i.MemManage_Handler)
    i.NMI_Handler                            0x080028f6   Section        0  stm32f1xx_it.o(i.NMI_Handler)
    i.PendSV_Handler                         0x080028f8   Section        0  stm32f1xx_it.o(i.PendSV_Handler)
    i.SVC_Handler                            0x080028fa   Section        0  stm32f1xx_it.o(i.SVC_Handler)
    i.SysTick_Handler                        0x080028fc   Section        0  stm32f1xx_it.o(i.SysTick_Handler)
    i.SystemClock_Config                     0x08002900   Section        0  main.o(i.SystemClock_Config)
    i.SystemInit                             0x0800295c   Section        0  system_stm32f1xx.o(i.SystemInit)
    i.TIM1_BRK_IRQHandler                    0x08002960   Section        0  stm32f1xx_it.o(i.TIM1_BRK_IRQHandler)
    i.TIM_Base_SetConfig                     0x0800296c   Section        0  stm32f1xx_hal_tim.o(i.TIM_Base_SetConfig)
    i.TIM_CCxChannelCmd                      0x080029f8   Section        0  stm32f1xx_hal_tim.o(i.TIM_CCxChannelCmd)
    i.TIM_ETR_SetConfig                      0x08002a12   Section        0  stm32f1xx_hal_tim.o(i.TIM_ETR_SetConfig)
    i.TIM_ITRx_SetConfig                     0x08002a26   Section        0  stm32f1xx_hal_tim.o(i.TIM_ITRx_SetConfig)
    TIM_ITRx_SetConfig                       0x08002a27   Thumb Code    16  stm32f1xx_hal_tim.o(i.TIM_ITRx_SetConfig)
    i.TIM_OC1_SetConfig                      0x08002a38   Section        0  stm32f1xx_hal_tim.o(i.TIM_OC1_SetConfig)
    TIM_OC1_SetConfig                        0x08002a39   Thumb Code    88  stm32f1xx_hal_tim.o(i.TIM_OC1_SetConfig)
    i.TIM_OC2_SetConfig                      0x08002a98   Section        0  stm32f1xx_hal_tim.o(i.TIM_OC2_SetConfig)
    i.TIM_OC3_SetConfig                      0x08002b04   Section        0  stm32f1xx_hal_tim.o(i.TIM_OC3_SetConfig)
    TIM_OC3_SetConfig                        0x08002b05   Thumb Code    96  stm32f1xx_hal_tim.o(i.TIM_OC3_SetConfig)
    i.TIM_OC4_SetConfig                      0x08002b6c   Section        0  stm32f1xx_hal_tim.o(i.TIM_OC4_SetConfig)
    TIM_OC4_SetConfig                        0x08002b6d   Thumb Code    70  stm32f1xx_hal_tim.o(i.TIM_OC4_SetConfig)
    i.TIM_TI1_ConfigInputStage               0x08002bbc   Section        0  stm32f1xx_hal_tim.o(i.TIM_TI1_ConfigInputStage)
    TIM_TI1_ConfigInputStage                 0x08002bbd   Thumb Code    34  stm32f1xx_hal_tim.o(i.TIM_TI1_ConfigInputStage)
    i.TIM_TI2_ConfigInputStage               0x08002bde   Section        0  stm32f1xx_hal_tim.o(i.TIM_TI2_ConfigInputStage)
    TIM_TI2_ConfigInputStage                 0x08002bdf   Thumb Code    36  stm32f1xx_hal_tim.o(i.TIM_TI2_ConfigInputStage)
    i.UART_DMAAbortOnError                   0x08002c02   Section        0  stm32f1xx_hal_uart.o(i.UART_DMAAbortOnError)
    UART_DMAAbortOnError                     0x08002c03   Thumb Code    16  stm32f1xx_hal_uart.o(i.UART_DMAAbortOnError)
    i.UART_EndRxTransfer                     0x08002c12   Section        0  stm32f1xx_hal_uart.o(i.UART_EndRxTransfer)
    UART_EndRxTransfer                       0x08002c13   Thumb Code    48  stm32f1xx_hal_uart.o(i.UART_EndRxTransfer)
    i.UART_Receive_IT                        0x08002c42   Section        0  stm32f1xx_hal_uart.o(i.UART_Receive_IT)
    UART_Receive_IT                          0x08002c43   Thumb Code   182  stm32f1xx_hal_uart.o(i.UART_Receive_IT)
    i.UART_SetConfig                         0x08002cf8   Section        0  stm32f1xx_hal_uart.o(i.UART_SetConfig)
    UART_SetConfig                           0x08002cf9   Thumb Code   178  stm32f1xx_hal_uart.o(i.UART_SetConfig)
    i.UART_Start_Receive_IT                  0x08002db0   Section        0  stm32f1xx_hal_uart.o(i.UART_Start_Receive_IT)
    i.UART_WaitOnFlagUntilTimeout            0x08002de6   Section        0  stm32f1xx_hal_uart.o(i.UART_WaitOnFlagUntilTimeout)
    UART_WaitOnFlagUntilTimeout              0x08002de7   Thumb Code   100  stm32f1xx_hal_uart.o(i.UART_WaitOnFlagUntilTimeout)
    i.USART1_IRQHandler                      0x08002e4c   Section        0  stm32f1xx_it.o(i.USART1_IRQHandler)
    i.USART_SetConfig                        0x08002e58   Section        0  stm32f1xx_hal_usart.o(i.USART_SetConfig)
    USART_SetConfig                          0x08002e59   Thumb Code   206  stm32f1xx_hal_usart.o(i.USART_SetConfig)
    i.UsageFault_Handler                     0x08002f2c   Section        0  stm32f1xx_it.o(i.UsageFault_Handler)
    i.__0printf                              0x08002f30   Section        0  printfa.o(i.__0printf)
    i.__ARM_fpclassify                       0x08002f50   Section        0  fpclassify.o(i.__ARM_fpclassify)
    i.__NVIC_SetPriority                     0x08002f78   Section        0  stm32f1xx_hal_cortex.o(i.__NVIC_SetPriority)
    __NVIC_SetPriority                       0x08002f79   Thumb Code    32  stm32f1xx_hal_cortex.o(i.__NVIC_SetPriority)
    i.__kernel_poly                          0x08002f98   Section        0  poly.o(i.__kernel_poly)
    i.__mathlib_dbl_infnan                   0x08003042   Section        0  dunder.o(i.__mathlib_dbl_infnan)
    i.__mathlib_dbl_underflow                0x08003048   Section        0  dunder.o(i.__mathlib_dbl_underflow)
    i.__scatterload_copy                     0x08003058   Section       14  handlers.o(i.__scatterload_copy)
    i.__scatterload_null                     0x08003066   Section        2  handlers.o(i.__scatterload_null)
    i.__scatterload_zeroinit                 0x08003068   Section       14  handlers.o(i.__scatterload_zeroinit)
    i.__set_errno                            0x08003078   Section        0  errno.o(i.__set_errno)
    i._fp_digits                             0x08003084   Section        0  printfa.o(i._fp_digits)
    _fp_digits                               0x08003085   Thumb Code   366  printfa.o(i._fp_digits)
    i._printf_core                           0x08003208   Section        0  printfa.o(i._printf_core)
    _printf_core                             0x08003209   Thumb Code  1744  printfa.o(i._printf_core)
    i._printf_post_padding                   0x080038e4   Section        0  printfa.o(i._printf_post_padding)
    _printf_post_padding                     0x080038e5   Thumb Code    36  printfa.o(i._printf_post_padding)
    i._printf_pre_padding                    0x08003908   Section        0  printfa.o(i._printf_pre_padding)
    _printf_pre_padding                      0x08003909   Thumb Code    46  printfa.o(i._printf_pre_padding)
    i.atan                                   0x08003938   Section        0  atan.o(i.atan)
    i.fputc                                  0x08003b58   Section        0  main.o(i.fputc)
    i.main                                   0x08003b74   Section        0  main.o(i.main)
    i.send_H_angle                           0x08003c64   Section        0  pan.o(i.send_H_angle)
    i.send_L_angle                           0x08003cbc   Section        0  pan.o(i.send_L_angle)
    i.sqrt                                   0x08003d4c   Section        0  sqrt.o(i.sqrt)
    i.trans_anglea                           0x08003d98   Section        0  pan.o(i.trans_anglea)
    i.trans_angleb                           0x08003e28   Section        0  pan.o(i.trans_angleb)
    .constdata                               0x08003e90   Section       16  system_stm32f1xx.o(.constdata)
    .constdata                               0x08003ea0   Section        8  system_stm32f1xx.o(.constdata)
    .constdata                               0x08003ea8   Section      152  atan.o(.constdata)
    atanhi                                   0x08003ea8   Data          32  atan.o(.constdata)
    atanlo                                   0x08003ec8   Data          32  atan.o(.constdata)
    aTodd                                    0x08003ee8   Data          40  atan.o(.constdata)
    aTeven                                   0x08003f10   Data          48  atan.o(.constdata)
    .constdata                               0x08003f40   Section       64  ctype_c.o(.constdata)
    .data                                    0x20000000   Section       20  usart.o(.data)
    .data                                    0x20000014   Section       12  stm32f1xx_hal.o(.data)
    .data                                    0x20000020   Section        4  system_stm32f1xx.o(.data)
    .data                                    0x20000024   Section        4  stdout.o(.data)
    .data                                    0x20000028   Section        4  errno.o(.data)
    _errno                                   0x20000028   Data           4  errno.o(.data)
    .bss                                     0x2000002c   Section       72  tim.o(.bss)
    .bss                                     0x20000074   Section      460  usart.o(.bss)
    STACK                                    0x20000240   Section     1024  startup_stm32f103xe.o(STACK)

    Global Symbols

    Symbol Name                              Value     Ov Type        Size  Object(Section)

    BuildAttributes$$THM_ISAv4$P$D$K$B$S$PE$A:L22UL41UL21$X:L11$S22US41US21$IEEE1$IW$USESV6$~STKCKD$USESV7$~SHL$OTIME$ROPI$IEEEX$EBA8$MICROLIB$REQ8$PRES8$EABIv2 0x00000000   Number         0  anon$$obj.o ABSOLUTE
    __ARM_use_no_argv                        0x00000000   Number         0  main.o ABSOLUTE
    _printf_a                                0x00000000   Number         0  stubs.o ABSOLUTE
    _printf_c                                0x00000000   Number         0  stubs.o ABSOLUTE
    _printf_charcount                        0x00000000   Number         0  stubs.o ABSOLUTE
    _printf_d                                0x00000000   Number         0  stubs.o ABSOLUTE
    _printf_e                                0x00000000   Number         0  stubs.o ABSOLUTE
    _printf_f                                0x00000000   Number         0  stubs.o ABSOLUTE
    _printf_flags                            0x00000000   Number         0  stubs.o ABSOLUTE
    _printf_fp_dec                           0x00000000   Number         0  stubs.o ABSOLUTE
    _printf_fp_hex                           0x00000000   Number         0  stubs.o ABSOLUTE
    _printf_g                                0x00000000   Number         0  stubs.o ABSOLUTE
    _printf_i                                0x00000000   Number         0  stubs.o ABSOLUTE
    _printf_int_dec                          0x00000000   Number         0  stubs.o ABSOLUTE
    _printf_l                                0x00000000   Number         0  stubs.o ABSOLUTE
    _printf_lc                               0x00000000   Number         0  stubs.o ABSOLUTE
    _printf_ll                               0x00000000   Number         0  stubs.o ABSOLUTE
    _printf_lld                              0x00000000   Number         0  stubs.o ABSOLUTE
    _printf_lli                              0x00000000   Number         0  stubs.o ABSOLUTE
    _printf_llo                              0x00000000   Number         0  stubs.o ABSOLUTE
    _printf_llu                              0x00000000   Number         0  stubs.o ABSOLUTE
    _printf_llx                              0x00000000   Number         0  stubs.o ABSOLUTE
    _printf_longlong_dec                     0x00000000   Number         0  stubs.o ABSOLUTE
    _printf_longlong_hex                     0x00000000   Number         0  stubs.o ABSOLUTE
    _printf_longlong_oct                     0x00000000   Number         0  stubs.o ABSOLUTE
    _printf_ls                               0x00000000   Number         0  stubs.o ABSOLUTE
    _printf_mbtowc                           0x00000000   Number         0  stubs.o ABSOLUTE
    _printf_n                                0x00000000   Number         0  stubs.o ABSOLUTE
    _printf_o                                0x00000000   Number         0  stubs.o ABSOLUTE
    _printf_p                                0x00000000   Number         0  stubs.o ABSOLUTE
    _printf_percent                          0x00000000   Number         0  stubs.o ABSOLUTE
    _printf_pre_padding                      0x00000000   Number         0  stubs.o ABSOLUTE
    _printf_return_value                     0x00000000   Number         0  stubs.o ABSOLUTE
    _printf_s                                0x00000000   Number         0  stubs.o ABSOLUTE
    _printf_sizespec                         0x00000000   Number         0  stubs.o ABSOLUTE
    _printf_str                              0x00000000   Number         0  stubs.o ABSOLUTE
    _printf_truncate_signed                  0x00000000   Number         0  stubs.o ABSOLUTE
    _printf_truncate_unsigned                0x00000000   Number         0  stubs.o ABSOLUTE
    _printf_u                                0x00000000   Number         0  stubs.o ABSOLUTE
    _printf_wc                               0x00000000   Number         0  stubs.o ABSOLUTE
    _printf_wctomb                           0x00000000   Number         0  stubs.o ABSOLUTE
    _printf_widthprec                        0x00000000   Number         0  stubs.o ABSOLUTE
    _printf_x                                0x00000000   Number         0  stubs.o ABSOLUTE
    __cpp_initialize__aeabi_                  - Undefined Weak Reference
    __cxa_finalize                            - Undefined Weak Reference
    __decompress                              - Undefined Weak Reference
    _clock_init                               - Undefined Weak Reference
    _microlib_exit                            - Undefined Weak Reference
    _scanf_longlong                           - Undefined Weak Reference
    _scanf_real                               - Undefined Weak Reference
    _scanf_string                             - Undefined Weak Reference
    __Vectors_Size                           0x00000130   Number         0  startup_stm32f103xe.o ABSOLUTE
    __Vectors                                0x08000000   Data           4  startup_stm32f103xe.o(RESET)
    __Vectors_End                            0x08000130   Data           0  startup_stm32f103xe.o(RESET)
    __main                                   0x08000131   Thumb Code     0  entry.o(.ARM.Collect$$$$00000000)
    _main_stk                                0x08000131   Thumb Code     0  entry2.o(.ARM.Collect$$$$00000001)
    _main_scatterload                        0x08000135   Thumb Code     0  entry5.o(.ARM.Collect$$$$00000004)
    __main_after_scatterload                 0x08000139   Thumb Code     0  entry5.o(.ARM.Collect$$$$00000004)
    _main_clock                              0x08000139   Thumb Code     0  entry7b.o(.ARM.Collect$$$$00000008)
    _main_cpp_init                           0x08000139   Thumb Code     0  entry8b.o(.ARM.Collect$$$$0000000A)
    _main_init                               0x08000139   Thumb Code     0  entry9a.o(.ARM.Collect$$$$0000000B)
    __rt_final_cpp                           0x08000141   Thumb Code     0  entry10a.o(.ARM.Collect$$$$0000000D)
    __rt_final_exit                          0x08000141   Thumb Code     0  entry11a.o(.ARM.Collect$$$$0000000F)
    Reset_Handler                            0x08000145   Thumb Code     8  startup_stm32f103xe.o(.text)
    ADC1_2_IRQHandler                        0x0800015f   Thumb Code     0  startup_stm32f103xe.o(.text)
    ADC3_IRQHandler                          0x0800015f   Thumb Code     0  startup_stm32f103xe.o(.text)
    CAN1_RX1_IRQHandler                      0x0800015f   Thumb Code     0  startup_stm32f103xe.o(.text)
    CAN1_SCE_IRQHandler                      0x0800015f   Thumb Code     0  startup_stm32f103xe.o(.text)
    DMA1_Channel1_IRQHandler                 0x0800015f   Thumb Code     0  startup_stm32f103xe.o(.text)
    DMA1_Channel2_IRQHandler                 0x0800015f   Thumb Code     0  startup_stm32f103xe.o(.text)
    DMA1_Channel3_IRQHandler                 0x0800015f   Thumb Code     0  startup_stm32f103xe.o(.text)
    DMA1_Channel4_IRQHandler                 0x0800015f   Thumb Code     0  startup_stm32f103xe.o(.text)
    DMA1_Channel6_IRQHandler                 0x0800015f   Thumb Code     0  startup_stm32f103xe.o(.text)
    DMA1_Channel7_IRQHandler                 0x0800015f   Thumb Code     0  startup_stm32f103xe.o(.text)
    DMA2_Channel1_IRQHandler                 0x0800015f   Thumb Code     0  startup_stm32f103xe.o(.text)
    DMA2_Channel2_IRQHandler                 0x0800015f   Thumb Code     0  startup_stm32f103xe.o(.text)
    DMA2_Channel3_IRQHandler                 0x0800015f   Thumb Code     0  startup_stm32f103xe.o(.text)
    DMA2_Channel4_5_IRQHandler               0x0800015f   Thumb Code     0  startup_stm32f103xe.o(.text)
    EXTI0_IRQHandler                         0x0800015f   Thumb Code     0  startup_stm32f103xe.o(.text)
    EXTI15_10_IRQHandler                     0x0800015f   Thumb Code     0  startup_stm32f103xe.o(.text)
    EXTI1_IRQHandler                         0x0800015f   Thumb Code     0  startup_stm32f103xe.o(.text)
    EXTI2_IRQHandler                         0x0800015f   Thumb Code     0  startup_stm32f103xe.o(.text)
    EXTI3_IRQHandler                         0x0800015f   Thumb Code     0  startup_stm32f103xe.o(.text)
    EXTI4_IRQHandler                         0x0800015f   Thumb Code     0  startup_stm32f103xe.o(.text)
    EXTI9_5_IRQHandler                       0x0800015f   Thumb Code     0  startup_stm32f103xe.o(.text)
    FLASH_IRQHandler                         0x0800015f   Thumb Code     0  startup_stm32f103xe.o(.text)
    FSMC_IRQHandler                          0x0800015f   Thumb Code     0  startup_stm32f103xe.o(.text)
    I2C1_ER_IRQHandler                       0x0800015f   Thumb Code     0  startup_stm32f103xe.o(.text)
    I2C1_EV_IRQHandler                       0x0800015f   Thumb Code     0  startup_stm32f103xe.o(.text)
    I2C2_ER_IRQHandler                       0x0800015f   Thumb Code     0  startup_stm32f103xe.o(.text)
    I2C2_EV_IRQHandler                       0x0800015f   Thumb Code     0  startup_stm32f103xe.o(.text)
    PVD_IRQHandler                           0x0800015f   Thumb Code     0  startup_stm32f103xe.o(.text)
    RCC_IRQHandler                           0x0800015f   Thumb Code     0  startup_stm32f103xe.o(.text)
    RTC_Alarm_IRQHandler                     0x0800015f   Thumb Code     0  startup_stm32f103xe.o(.text)
    RTC_IRQHandler                           0x0800015f   Thumb Code     0  startup_stm32f103xe.o(.text)
    SDIO_IRQHandler                          0x0800015f   Thumb Code     0  startup_stm32f103xe.o(.text)
    SPI1_IRQHandler                          0x0800015f   Thumb Code     0  startup_stm32f103xe.o(.text)
    SPI2_IRQHandler                          0x0800015f   Thumb Code     0  startup_stm32f103xe.o(.text)
    SPI3_IRQHandler                          0x0800015f   Thumb Code     0  startup_stm32f103xe.o(.text)
    TAMPER_IRQHandler                        0x0800015f   Thumb Code     0  startup_stm32f103xe.o(.text)
    TIM1_CC_IRQHandler                       0x0800015f   Thumb Code     0  startup_stm32f103xe.o(.text)
    TIM1_TRG_COM_IRQHandler                  0x0800015f   Thumb Code     0  startup_stm32f103xe.o(.text)
    TIM1_UP_IRQHandler                       0x0800015f   Thumb Code     0  startup_stm32f103xe.o(.text)
    TIM2_IRQHandler                          0x0800015f   Thumb Code     0  startup_stm32f103xe.o(.text)
    TIM3_IRQHandler                          0x0800015f   Thumb Code     0  startup_stm32f103xe.o(.text)
    TIM4_IRQHandler                          0x0800015f   Thumb Code     0  startup_stm32f103xe.o(.text)
    TIM5_IRQHandler                          0x0800015f   Thumb Code     0  startup_stm32f103xe.o(.text)
    TIM6_IRQHandler                          0x0800015f   Thumb Code     0  startup_stm32f103xe.o(.text)
    TIM7_IRQHandler                          0x0800015f   Thumb Code     0  startup_stm32f103xe.o(.text)
    TIM8_BRK_IRQHandler                      0x0800015f   Thumb Code     0  startup_stm32f103xe.o(.text)
    TIM8_CC_IRQHandler                       0x0800015f   Thumb Code     0  startup_stm32f103xe.o(.text)
    TIM8_TRG_COM_IRQHandler                  0x0800015f   Thumb Code     0  startup_stm32f103xe.o(.text)
    TIM8_UP_IRQHandler                       0x0800015f   Thumb Code     0  startup_stm32f103xe.o(.text)
    UART4_IRQHandler                         0x0800015f   Thumb Code     0  startup_stm32f103xe.o(.text)
    UART5_IRQHandler                         0x0800015f   Thumb Code     0  startup_stm32f103xe.o(.text)
    USART2_IRQHandler                        0x0800015f   Thumb Code     0  startup_stm32f103xe.o(.text)
    USART3_IRQHandler                        0x0800015f   Thumb Code     0  startup_stm32f103xe.o(.text)
    USBWakeUp_IRQHandler                     0x0800015f   Thumb Code     0  startup_stm32f103xe.o(.text)
    USB_HP_CAN1_TX_IRQHandler                0x0800015f   Thumb Code     0  startup_stm32f103xe.o(.text)
    USB_LP_CAN1_RX0_IRQHandler               0x0800015f   Thumb Code     0  startup_stm32f103xe.o(.text)
    WWDG_IRQHandler                          0x0800015f   Thumb Code     0  startup_stm32f103xe.o(.text)
    __aeabi_llsr                             0x08000169   Thumb Code    32  llushr.o(.text)
    _ll_ushift_r                             0x08000169   Thumb Code     0  llushr.o(.text)
    __aeabi_memset                           0x08000189   Thumb Code    14  memseta.o(.text)
    __aeabi_memset4                          0x08000189   Thumb Code     0  memseta.o(.text)
    __aeabi_memset8                          0x08000189   Thumb Code     0  memseta.o(.text)
    __aeabi_memclr                           0x08000197   Thumb Code     4  memseta.o(.text)
    __aeabi_memclr4                          0x08000197   Thumb Code     0  memseta.o(.text)
    __aeabi_memclr8                          0x08000197   Thumb Code     0  memseta.o(.text)
    _memset$wrapper                          0x0800019b   Thumb Code    18  memseta.o(.text)
    __0sscanf                                0x080001ad   Thumb Code    48  __0sscanf.o(.text)
    _scanf_int                               0x080001e5   Thumb Code   332  _scanf_int.o(.text)
    __aeabi_fdiv                             0x08000331   Thumb Code   124  fdiv.o(.text)
    __aeabi_dadd                             0x080003ad   Thumb Code   322  dadd.o(.text)
    __aeabi_dsub                             0x080004ef   Thumb Code     6  dadd.o(.text)
    __aeabi_drsub                            0x080004f5   Thumb Code     6  dadd.o(.text)
    __aeabi_dmul                             0x080004fb   Thumb Code   228  dmul.o(.text)
    __aeabi_ddiv                             0x080005df   Thumb Code   222  ddiv.o(.text)
    __aeabi_i2f                              0x080006bd   Thumb Code    18  fflti.o(.text)
    __aeabi_i2d                              0x080006cf   Thumb Code    34  dflti.o(.text)
    __aeabi_f2d                              0x080006f1   Thumb Code    38  f2d.o(.text)
    __aeabi_d2f                              0x08000717   Thumb Code    56  d2f.o(.text)
    __aeabi_uidiv                            0x0800074f   Thumb Code     0  uidiv.o(.text)
    __aeabi_uidivmod                         0x0800074f   Thumb Code    44  uidiv.o(.text)
    __aeabi_uldivmod                         0x0800077b   Thumb Code    98  uldiv.o(.text)
    __aeabi_llsl                             0x080007dd   Thumb Code    30  llshl.o(.text)
    _ll_shift_l                              0x080007dd   Thumb Code     0  llshl.o(.text)
    __aeabi_lasr                             0x080007fb   Thumb Code    36  llsshr.o(.text)
    _ll_sshift_r                             0x080007fb   Thumb Code     0  llsshr.o(.text)
    _chval                                   0x0800081f   Thumb Code    28  _chval.o(.text)
    __vfscanf_char                           0x08000849   Thumb Code    20  scanf_char.o(.text)
    _sgetc                                   0x08000865   Thumb Code    30  _sgetc.o(.text)
    _sbackspace                              0x08000883   Thumb Code    34  _sgetc.o(.text)
    __I$use$fp                               0x080008a5   Thumb Code     0  iusefp.o(.text)
    _float_round                             0x080008a5   Thumb Code    18  fepilogue.o(.text)
    _float_epilogue                          0x080008b7   Thumb Code    92  fepilogue.o(.text)
    _double_round                            0x08000913   Thumb Code    30  depilogue.o(.text)
    _double_epilogue                         0x08000931   Thumb Code   156  depilogue.o(.text)
    __ARM_scalbn                             0x080009cd   Thumb Code    46  dscalb.o(.text)
    scalbn                                   0x080009cd   Thumb Code     0  dscalb.o(.text)
    _dsqrt                                   0x080009fb   Thumb Code   162  dsqrt.o(.text)
    __aeabi_d2ulz                            0x08000a9d   Thumb Code    48  dfixul.o(.text)
    __aeabi_cdrcmple                         0x08000acd   Thumb Code    48  cdrcmple.o(.text)
    __scatterload                            0x08000afd   Thumb Code    28  init.o(.text)
    __scatterload_rt2                        0x08000afd   Thumb Code     0  init.o(.text)
    isspace                                  0x08000b21   Thumb Code    10  isspace_c.o(.text)
    __vfscanf                                0x08000b2d   Thumb Code   808  _scanf.o(.text)
    __ctype_lookup                           0x08000e59   Thumb Code    34  ctype_c.o(.text)
    BusFault_Handler                         0x08000e81   Thumb Code     2  stm32f1xx_it.o(i.BusFault_Handler)
    DMA1_Channel5_IRQHandler                 0x08000e85   Thumb Code     6  stm32f1xx_it.o(i.DMA1_Channel5_IRQHandler)
    DebugMon_Handler                         0x08000e91   Thumb Code     2  stm32f1xx_it.o(i.DebugMon_Handler)
    Error_Handler                            0x08000e93   Thumb Code     4  main.o(i.Error_Handler)
    HAL_DMA_Abort                            0x08000e97   Thumb Code    70  stm32f1xx_hal_dma.o(i.HAL_DMA_Abort)
    HAL_DMA_Abort_IT                         0x08000edd   Thumb Code   296  stm32f1xx_hal_dma.o(i.HAL_DMA_Abort_IT)
    HAL_DMA_IRQHandler                       0x0800100d   Thumb Code   552  stm32f1xx_hal_dma.o(i.HAL_DMA_IRQHandler)
    HAL_DMA_Init                             0x08001255   Thumb Code   112  stm32f1xx_hal_dma.o(i.HAL_DMA_Init)
    HAL_Delay                                0x080012d1   Thumb Code    32  stm32f1xx_hal.o(i.HAL_Delay)
    HAL_GPIO_Init                            0x080012f5   Thumb Code   462  stm32f1xx_hal_gpio.o(i.HAL_GPIO_Init)
    HAL_GPIO_WritePin                        0x080014ed   Thumb Code    10  stm32f1xx_hal_gpio.o(i.HAL_GPIO_WritePin)
    HAL_GetTick                              0x080014f9   Thumb Code     6  stm32f1xx_hal.o(i.HAL_GetTick)
    HAL_IncTick                              0x08001505   Thumb Code    12  stm32f1xx_hal.o(i.HAL_IncTick)
    HAL_Init                                 0x08001515   Thumb Code    32  stm32f1xx_hal.o(i.HAL_Init)
    HAL_InitTick                             0x08001539   Thumb Code    54  stm32f1xx_hal.o(i.HAL_InitTick)
    HAL_MspInit                              0x08001579   Thumb Code    52  stm32f1xx_hal_msp.o(i.HAL_MspInit)
    HAL_NVIC_EnableIRQ                       0x080015b5   Thumb Code    26  stm32f1xx_hal_cortex.o(i.HAL_NVIC_EnableIRQ)
    HAL_NVIC_SetPriority                     0x080015d1   Thumb Code    60  stm32f1xx_hal_cortex.o(i.HAL_NVIC_SetPriority)
    HAL_NVIC_SetPriorityGrouping             0x08001611   Thumb Code    26  stm32f1xx_hal_cortex.o(i.HAL_NVIC_SetPriorityGrouping)
    HAL_RCC_ClockConfig                      0x08001635   Thumb Code   280  stm32f1xx_hal_rcc.o(i.HAL_RCC_ClockConfig)
    HAL_RCC_GetPCLK1Freq                     0x08001761   Thumb Code    20  stm32f1xx_hal_rcc.o(i.HAL_RCC_GetPCLK1Freq)
    HAL_RCC_GetPCLK2Freq                     0x08001781   Thumb Code    20  stm32f1xx_hal_rcc.o(i.HAL_RCC_GetPCLK2Freq)
    HAL_RCC_GetSysClockFreq                  0x080017a1   Thumb Code    74  stm32f1xx_hal_rcc.o(i.HAL_RCC_GetSysClockFreq)
    HAL_RCC_OscConfig                        0x0800180d   Thumb Code   778  stm32f1xx_hal_rcc.o(i.HAL_RCC_OscConfig)
    HAL_SYSTICK_Config                       0x08001b2d   Thumb Code    40  stm32f1xx_hal_cortex.o(i.HAL_SYSTICK_Config)
    HAL_TIMEx_BreakCallback                  0x08001b55   Thumb Code     2  stm32f1xx_hal_tim_ex.o(i.HAL_TIMEx_BreakCallback)
    HAL_TIMEx_CommutCallback                 0x08001b57   Thumb Code     2  stm32f1xx_hal_tim_ex.o(i.HAL_TIMEx_CommutCallback)
    HAL_TIMEx_ConfigBreakDeadTime            0x08001b59   Thumb Code    84  stm32f1xx_hal_tim_ex.o(i.HAL_TIMEx_ConfigBreakDeadTime)
    HAL_TIMEx_MasterConfigSynchronization    0x08001bad   Thumb Code   104  stm32f1xx_hal_tim_ex.o(i.HAL_TIMEx_MasterConfigSynchronization)
    HAL_TIM_Base_Init                        0x08001c29   Thumb Code    90  stm32f1xx_hal_tim.o(i.HAL_TIM_Base_Init)
    HAL_TIM_Base_MspInit                     0x08001c85   Thumb Code    50  tim.o(i.HAL_TIM_Base_MspInit)
    HAL_TIM_ConfigClockSource                0x08001cc1   Thumb Code   214  stm32f1xx_hal_tim.o(i.HAL_TIM_ConfigClockSource)
    HAL_TIM_IC_CaptureCallback               0x08001d97   Thumb Code     2  stm32f1xx_hal_tim.o(i.HAL_TIM_IC_CaptureCallback)
    HAL_TIM_IRQHandler                       0x08001d99   Thumb Code   358  stm32f1xx_hal_tim.o(i.HAL_TIM_IRQHandler)
    HAL_TIM_MspPostInit                      0x08001f01   Thumb Code    64  tim.o(i.HAL_TIM_MspPostInit)
    HAL_TIM_OC_DelayElapsedCallback          0x08001f4d   Thumb Code     2  stm32f1xx_hal_tim.o(i.HAL_TIM_OC_DelayElapsedCallback)
    HAL_TIM_PWM_ConfigChannel                0x08001f4f   Thumb Code   198  stm32f1xx_hal_tim.o(i.HAL_TIM_PWM_ConfigChannel)
    HAL_TIM_PWM_Init                         0x08002015   Thumb Code    90  stm32f1xx_hal_tim.o(i.HAL_TIM_PWM_Init)
    HAL_TIM_PWM_MspInit                      0x0800206f   Thumb Code     2  stm32f1xx_hal_tim.o(i.HAL_TIM_PWM_MspInit)
    HAL_TIM_PWM_PulseFinishedCallback        0x08002071   Thumb Code     2  stm32f1xx_hal_tim.o(i.HAL_TIM_PWM_PulseFinishedCallback)
    HAL_TIM_PWM_Start                        0x08002075   Thumb Code   160  stm32f1xx_hal_tim.o(i.HAL_TIM_PWM_Start)
    HAL_TIM_PeriodElapsedCallback            0x08002129   Thumb Code     2  stm32f1xx_hal_tim.o(i.HAL_TIM_PeriodElapsedCallback)
    HAL_TIM_TriggerCallback                  0x0800212b   Thumb Code     2  stm32f1xx_hal_tim.o(i.HAL_TIM_TriggerCallback)
    HAL_UARTEx_RxEventCallback               0x0800212d   Thumb Code     2  stm32f1xx_hal_uart.o(i.HAL_UARTEx_RxEventCallback)
    HAL_UART_ErrorCallback                   0x0800212f   Thumb Code     2  stm32f1xx_hal_uart.o(i.HAL_UART_ErrorCallback)
    HAL_UART_IRQHandler                      0x08002131   Thumb Code   520  stm32f1xx_hal_uart.o(i.HAL_UART_IRQHandler)
    HAL_UART_Init                            0x0800233d   Thumb Code    98  stm32f1xx_hal_uart.o(i.HAL_UART_Init)
    HAL_UART_MspInit                         0x080023a1   Thumb Code   166  usart.o(i.HAL_UART_MspInit)
    HAL_UART_Receive_IT                      0x08002461   Thumb Code    42  stm32f1xx_hal_uart.o(i.HAL_UART_Receive_IT)
    HAL_UART_RxCpltCallback                  0x0800248d   Thumb Code   162  usart.o(i.HAL_UART_RxCpltCallback)
    HAL_UART_Transmit                        0x08002565   Thumb Code   178  stm32f1xx_hal_uart.o(i.HAL_UART_Transmit)
    HAL_UART_TxCpltCallback                  0x08002617   Thumb Code     2  stm32f1xx_hal_uart.o(i.HAL_UART_TxCpltCallback)
    HAL_USART_Init                           0x08002619   Thumb Code    84  stm32f1xx_hal_usart.o(i.HAL_USART_Init)
    HAL_USART_MspInit                        0x0800266d   Thumb Code    98  usart.o(i.HAL_USART_MspInit)
    HardFault_Handler                        0x080026dd   Thumb Code     2  stm32f1xx_it.o(i.HardFault_Handler)
    MX_DMA_Init                              0x080026e1   Thumb Code    40  dma.o(i.MX_DMA_Init)
    MX_GPIO_Init                             0x0800270d   Thumb Code   118  gpio.o(i.MX_GPIO_Init)
    MX_TIM1_Init                             0x0800278d   Thumb Code   214  tim.o(i.MX_TIM1_Init)
    MX_USART1_UART_Init                      0x0800286d   Thumb Code    64  usart.o(i.MX_USART1_UART_Init)
    MX_USART2_Init                           0x080028b9   Thumb Code    50  usart.o(i.MX_USART2_Init)
    MemManage_Handler                        0x080028f5   Thumb Code     2  stm32f1xx_it.o(i.MemManage_Handler)
    NMI_Handler                              0x080028f7   Thumb Code     2  stm32f1xx_it.o(i.NMI_Handler)
    PendSV_Handler                           0x080028f9   Thumb Code     2  stm32f1xx_it.o(i.PendSV_Handler)
    SVC_Handler                              0x080028fb   Thumb Code     2  stm32f1xx_it.o(i.SVC_Handler)
    SysTick_Handler                          0x080028fd   Thumb Code     4  stm32f1xx_it.o(i.SysTick_Handler)
    SystemClock_Config                       0x08002901   Thumb Code    92  main.o(i.SystemClock_Config)
    SystemInit                               0x0800295d   Thumb Code     2  system_stm32f1xx.o(i.SystemInit)
    TIM1_BRK_IRQHandler                      0x08002961   Thumb Code     6  stm32f1xx_it.o(i.TIM1_BRK_IRQHandler)
    TIM_Base_SetConfig                       0x0800296d   Thumb Code   120  stm32f1xx_hal_tim.o(i.TIM_Base_SetConfig)
    TIM_CCxChannelCmd                        0x080029f9   Thumb Code    26  stm32f1xx_hal_tim.o(i.TIM_CCxChannelCmd)
    TIM_ETR_SetConfig                        0x08002a13   Thumb Code    20  stm32f1xx_hal_tim.o(i.TIM_ETR_SetConfig)
    TIM_OC2_SetConfig                        0x08002a99   Thumb Code    98  stm32f1xx_hal_tim.o(i.TIM_OC2_SetConfig)
    UART_Start_Receive_IT                    0x08002db1   Thumb Code    54  stm32f1xx_hal_uart.o(i.UART_Start_Receive_IT)
    USART1_IRQHandler                        0x08002e4d   Thumb Code     6  stm32f1xx_it.o(i.USART1_IRQHandler)
    UsageFault_Handler                       0x08002f2d   Thumb Code     2  stm32f1xx_it.o(i.UsageFault_Handler)
    __0printf                                0x08002f31   Thumb Code    22  printfa.o(i.__0printf)
    __1printf                                0x08002f31   Thumb Code     0  printfa.o(i.__0printf)
    __2printf                                0x08002f31   Thumb Code     0  printfa.o(i.__0printf)
    __c89printf                              0x08002f31   Thumb Code     0  printfa.o(i.__0printf)
    printf                                   0x08002f31   Thumb Code     0  printfa.o(i.__0printf)
    __ARM_fpclassify                         0x08002f51   Thumb Code    40  fpclassify.o(i.__ARM_fpclassify)
    __kernel_poly                            0x08002f99   Thumb Code   170  poly.o(i.__kernel_poly)
    __mathlib_dbl_infnan                     0x08003043   Thumb Code     6  dunder.o(i.__mathlib_dbl_infnan)
    __mathlib_dbl_underflow                  0x08003049   Thumb Code    10  dunder.o(i.__mathlib_dbl_underflow)
    __scatterload_copy                       0x08003059   Thumb Code    14  handlers.o(i.__scatterload_copy)
    __scatterload_null                       0x08003067   Thumb Code     2  handlers.o(i.__scatterload_null)
    __scatterload_zeroinit                   0x08003069   Thumb Code    14  handlers.o(i.__scatterload_zeroinit)
    __set_errno                              0x08003079   Thumb Code     6  errno.o(i.__set_errno)
    atan                                     0x08003939   Thumb Code   474  atan.o(i.atan)
    fputc                                    0x08003b59   Thumb Code    24  main.o(i.fputc)
    main                                     0x08003b75   Thumb Code   154  main.o(i.main)
    send_H_angle                             0x08003c65   Thumb Code    46  pan.o(i.send_H_angle)
    send_L_angle                             0x08003cbd   Thumb Code    76  pan.o(i.send_L_angle)
    sqrt                                     0x08003d4d   Thumb Code    76  sqrt.o(i.sqrt)
    trans_anglea                             0x08003d99   Thumb Code   100  pan.o(i.trans_anglea)
    trans_angleb                             0x08003e29   Thumb Code    72  pan.o(i.trans_angleb)
    AHBPrescTable                            0x08003e90   Data          16  system_stm32f1xx.o(.constdata)
    APBPrescTable                            0x08003ea0   Data           8  system_stm32f1xx.o(.constdata)
    __ctype_categories                       0x08003f40   Data          64  ctype_c.o(.constdata)
    Region$$Table$$Base                      0x08003f80   Number         0  anon$$obj.o(Region$$Table)
    Region$$Table$$Limit                     0x08003fa0   Number         0  anon$$obj.o(Region$$Table)
    usart1_RxBufferLen                       0x20000000   Data           1  usart.o(.data)
    receive_x                                0x20000004   Data           4  usart.o(.data)
    receive_y                                0x20000008   Data           4  usart.o(.data)
    usart1_RxBuffer                          0x2000000c   Data           4  usart.o(.data)
    usart1_TransBuffer                       0x20000010   Data           4  usart.o(.data)
    uwTickFreq                               0x20000014   Data           1  stm32f1xx_hal.o(.data)
    uwTickPrio                               0x20000018   Data           4  stm32f1xx_hal.o(.data)
    uwTick                                   0x2000001c   Data           4  stm32f1xx_hal.o(.data)
    SystemCoreClock                          0x20000020   Data           4  system_stm32f1xx.o(.data)
    __stdout                                 0x20000024   Data           4  stdout.o(.data)
    htim1                                    0x2000002c   Data          72  tim.o(.bss)
    usart1_UART_RxBuffer                     0x20000074   Data         256  usart.o(.bss)
    huart1                                   0x20000174   Data          68  usart.o(.bss)
    husart2                                  0x200001b8   Data          68  usart.o(.bss)
    hdma_usart1_rx                           0x200001fc   Data          68  usart.o(.bss)
    __initial_sp                             0x20000640   Data           0  startup_stm32f103xe.o(STACK)



==============================================================================

Memory Map of the image

  Image Entry point : 0x08000131

  Load Region LR_IROM1 (Base: 0x08000000, Size: 0x00003fcc, Max: 0x00040000, ABSOLUTE)

    Execution Region ER_IROM1 (Exec base: 0x08000000, Load base: 0x08000000, Size: 0x00003fa0, Max: 0x00040000, ABSOLUTE)

    Exec Addr    Load Addr    Size         Type   Attr      Idx    E Section Name        Object

    0x08000000   0x08000000   0x00000130   Data   RO            3    RESET               startup_stm32f103xe.o
    0x08000130   0x08000130   0x00000000   Code   RO         3158  * .ARM.Collect$$$$00000000  mc_w.l(entry.o)
    0x08000130   0x08000130   0x00000004   Code   RO         3464    .ARM.Collect$$$$00000001  mc_w.l(entry2.o)
    0x08000134   0x08000134   0x00000004   Code   RO         3467    .ARM.Collect$$$$00000004  mc_w.l(entry5.o)
    0x08000138   0x08000138   0x00000000   Code   RO         3469    .ARM.Collect$$$$00000008  mc_w.l(entry7b.o)
    0x08000138   0x08000138   0x00000000   Code   RO         3471    .ARM.Collect$$$$0000000A  mc_w.l(entry8b.o)
    0x08000138   0x08000138   0x00000008   Code   RO         3472    .ARM.Collect$$$$0000000B  mc_w.l(entry9a.o)
    0x08000140   0x08000140   0x00000000   Code   RO         3474    .ARM.Collect$$$$0000000D  mc_w.l(entry10a.o)
    0x08000140   0x08000140   0x00000000   Code   RO         3476    .ARM.Collect$$$$0000000F  mc_w.l(entry11a.o)
    0x08000140   0x08000140   0x00000004   Code   RO         3465    .ARM.Collect$$$$00002712  mc_w.l(entry2.o)
    0x08000144   0x08000144   0x00000024   Code   RO            4    .text               startup_stm32f103xe.o
    0x08000168   0x08000168   0x00000020   Code   RO         3161    .text               mc_w.l(llushr.o)
    0x08000188   0x08000188   0x00000024   Code   RO         3163    .text               mc_w.l(memseta.o)
    0x080001ac   0x080001ac   0x00000038   Code   RO         3426    .text               mc_w.l(__0sscanf.o)
    0x080001e4   0x080001e4   0x0000014c   Code   RO         3428    .text               mc_w.l(_scanf_int.o)
    0x08000330   0x08000330   0x0000007c   Code   RO         3430    .text               mf_w.l(fdiv.o)
    0x080003ac   0x080003ac   0x0000014e   Code   RO         3432    .text               mf_w.l(dadd.o)
    0x080004fa   0x080004fa   0x000000e4   Code   RO         3434    .text               mf_w.l(dmul.o)
    0x080005de   0x080005de   0x000000de   Code   RO         3436    .text               mf_w.l(ddiv.o)
    0x080006bc   0x080006bc   0x00000012   Code   RO         3438    .text               mf_w.l(fflti.o)
    0x080006ce   0x080006ce   0x00000022   Code   RO         3440    .text               mf_w.l(dflti.o)
    0x080006f0   0x080006f0   0x00000026   Code   RO         3442    .text               mf_w.l(f2d.o)
    0x08000716   0x08000716   0x00000038   Code   RO         3444    .text               mf_w.l(d2f.o)
    0x0800074e   0x0800074e   0x0000002c   Code   RO         3479    .text               mc_w.l(uidiv.o)
    0x0800077a   0x0800077a   0x00000062   Code   RO         3481    .text               mc_w.l(uldiv.o)
    0x080007dc   0x080007dc   0x0000001e   Code   RO         3483    .text               mc_w.l(llshl.o)
    0x080007fa   0x080007fa   0x00000024   Code   RO         3485    .text               mc_w.l(llsshr.o)
    0x0800081e   0x0800081e   0x0000001c   Code   RO         3494    .text               mc_w.l(_chval.o)
    0x0800083a   0x0800083a   0x00000002   PAD
    0x0800083c   0x0800083c   0x00000028   Code   RO         3496    .text               mc_w.l(scanf_char.o)
    0x08000864   0x08000864   0x00000040   Code   RO         3498    .text               mc_w.l(_sgetc.o)
    0x080008a4   0x080008a4   0x00000000   Code   RO         3500    .text               mc_w.l(iusefp.o)
    0x080008a4   0x080008a4   0x0000006e   Code   RO         3501    .text               mf_w.l(fepilogue.o)
    0x08000912   0x08000912   0x000000ba   Code   RO         3503    .text               mf_w.l(depilogue.o)
    0x080009cc   0x080009cc   0x0000002e   Code   RO         3505    .text               mf_w.l(dscalb.o)
    0x080009fa   0x080009fa   0x000000a2   Code   RO         3507    .text               mf_w.l(dsqrt.o)
    0x08000a9c   0x08000a9c   0x00000030   Code   RO         3509    .text               mf_w.l(dfixul.o)
    0x08000acc   0x08000acc   0x00000030   Code   RO         3513    .text               mf_w.l(cdrcmple.o)
    0x08000afc   0x08000afc   0x00000024   Code   RO         3515    .text               mc_w.l(init.o)
    0x08000b20   0x08000b20   0x0000000a   Code   RO         3517    .text               mc_w.l(isspace_c.o)
    0x08000b2a   0x08000b2a   0x00000002   PAD
    0x08000b2c   0x08000b2c   0x0000032c   Code   RO         3519    .text               mc_w.l(_scanf.o)
    0x08000e58   0x08000e58   0x00000028   Code   RO         3521    .text               mc_w.l(ctype_c.o)
    0x08000e80   0x08000e80   0x00000002   Code   RO          390    i.BusFault_Handler  stm32f1xx_it.o
    0x08000e82   0x08000e82   0x00000002   PAD
    0x08000e84   0x08000e84   0x0000000c   Code   RO          391    i.DMA1_Channel5_IRQHandler  stm32f1xx_it.o
    0x08000e90   0x08000e90   0x00000002   Code   RO          392    i.DebugMon_Handler  stm32f1xx_it.o
    0x08000e92   0x08000e92   0x00000004   Code   RO          174    i.Error_Handler     main.o
    0x08000e96   0x08000e96   0x00000046   Code   RO         1896    i.HAL_DMA_Abort     stm32f1xx_hal_dma.o
    0x08000edc   0x08000edc   0x00000130   Code   RO         1897    i.HAL_DMA_Abort_IT  stm32f1xx_hal_dma.o
    0x0800100c   0x0800100c   0x00000248   Code   RO         1901    i.HAL_DMA_IRQHandler  stm32f1xx_hal_dma.o
    0x08001254   0x08001254   0x0000007c   Code   RO         1902    i.HAL_DMA_Init      stm32f1xx_hal_dma.o
    0x080012d0   0x080012d0   0x00000024   Code   RO         1524    i.HAL_Delay         stm32f1xx_hal.o
    0x080012f4   0x080012f4   0x000001f8   Code   RO         1832    i.HAL_GPIO_Init     stm32f1xx_hal_gpio.o
    0x080014ec   0x080014ec   0x0000000a   Code   RO         1836    i.HAL_GPIO_WritePin  stm32f1xx_hal_gpio.o
    0x080014f6   0x080014f6   0x00000002   PAD
    0x080014f8   0x080014f8   0x0000000c   Code   RO         1528    i.HAL_GetTick       stm32f1xx_hal.o
    0x08001504   0x08001504   0x00000010   Code   RO         1534    i.HAL_IncTick       stm32f1xx_hal.o
    0x08001514   0x08001514   0x00000024   Code   RO         1535    i.HAL_Init          stm32f1xx_hal.o
    0x08001538   0x08001538   0x00000040   Code   RO         1536    i.HAL_InitTick      stm32f1xx_hal.o
    0x08001578   0x08001578   0x0000003c   Code   RO          484    i.HAL_MspInit       stm32f1xx_hal_msp.o
    0x080015b4   0x080015b4   0x0000001a   Code   RO         1992    i.HAL_NVIC_EnableIRQ  stm32f1xx_hal_cortex.o
    0x080015ce   0x080015ce   0x00000002   PAD
    0x080015d0   0x080015d0   0x00000040   Code   RO         1998    i.HAL_NVIC_SetPriority  stm32f1xx_hal_cortex.o
    0x08001610   0x08001610   0x00000024   Code   RO         1999    i.HAL_NVIC_SetPriorityGrouping  stm32f1xx_hal_cortex.o
    0x08001634   0x08001634   0x0000012c   Code   RO         1692    i.HAL_RCC_ClockConfig  stm32f1xx_hal_rcc.o
    0x08001760   0x08001760   0x00000020   Code   RO         1699    i.HAL_RCC_GetPCLK1Freq  stm32f1xx_hal_rcc.o
    0x08001780   0x08001780   0x00000020   Code   RO         1700    i.HAL_RCC_GetPCLK2Freq  stm32f1xx_hal_rcc.o
    0x080017a0   0x080017a0   0x0000006c   Code   RO         1701    i.HAL_RCC_GetSysClockFreq  stm32f1xx_hal_rcc.o
    0x0800180c   0x0800180c   0x00000320   Code   RO         1704    i.HAL_RCC_OscConfig  stm32f1xx_hal_rcc.o
    0x08001b2c   0x08001b2c   0x00000028   Code   RO         2003    i.HAL_SYSTICK_Config  stm32f1xx_hal_cortex.o
    0x08001b54   0x08001b54   0x00000002   Code   RO         1250    i.HAL_TIMEx_BreakCallback  stm32f1xx_hal_tim_ex.o
    0x08001b56   0x08001b56   0x00000002   Code   RO         1251    i.HAL_TIMEx_CommutCallback  stm32f1xx_hal_tim_ex.o
    0x08001b58   0x08001b58   0x00000054   Code   RO         1253    i.HAL_TIMEx_ConfigBreakDeadTime  stm32f1xx_hal_tim_ex.o
    0x08001bac   0x08001bac   0x0000007c   Code   RO         1269    i.HAL_TIMEx_MasterConfigSynchronization  stm32f1xx_hal_tim_ex.o
    0x08001c28   0x08001c28   0x0000005a   Code   RO          546    i.HAL_TIM_Base_Init  stm32f1xx_hal_tim.o
    0x08001c82   0x08001c82   0x00000002   PAD
    0x08001c84   0x08001c84   0x0000003c   Code   RO          273    i.HAL_TIM_Base_MspInit  tim.o
    0x08001cc0   0x08001cc0   0x000000d6   Code   RO          555    i.HAL_TIM_ConfigClockSource  stm32f1xx_hal_tim.o
    0x08001d96   0x08001d96   0x00000002   Code   RO          580    i.HAL_TIM_IC_CaptureCallback  stm32f1xx_hal_tim.o
    0x08001d98   0x08001d98   0x00000166   Code   RO          594    i.HAL_TIM_IRQHandler  stm32f1xx_hal_tim.o
    0x08001efe   0x08001efe   0x00000002   PAD
    0x08001f00   0x08001f00   0x0000004c   Code   RO          274    i.HAL_TIM_MspPostInit  tim.o
    0x08001f4c   0x08001f4c   0x00000002   Code   RO          597    i.HAL_TIM_OC_DelayElapsedCallback  stm32f1xx_hal_tim.o
    0x08001f4e   0x08001f4e   0x000000c6   Code   RO          618    i.HAL_TIM_PWM_ConfigChannel  stm32f1xx_hal_tim.o
    0x08002014   0x08002014   0x0000005a   Code   RO          621    i.HAL_TIM_PWM_Init  stm32f1xx_hal_tim.o
    0x0800206e   0x0800206e   0x00000002   Code   RO          623    i.HAL_TIM_PWM_MspInit  stm32f1xx_hal_tim.o
    0x08002070   0x08002070   0x00000002   Code   RO          624    i.HAL_TIM_PWM_PulseFinishedCallback  stm32f1xx_hal_tim.o
    0x08002072   0x08002072   0x00000002   PAD
    0x08002074   0x08002074   0x000000b4   Code   RO          626    i.HAL_TIM_PWM_Start  stm32f1xx_hal_tim.o
    0x08002128   0x08002128   0x00000002   Code   RO          632    i.HAL_TIM_PeriodElapsedCallback  stm32f1xx_hal_tim.o
    0x0800212a   0x0800212a   0x00000002   Code   RO          637    i.HAL_TIM_TriggerCallback  stm32f1xx_hal_tim.o
    0x0800212c   0x0800212c   0x00000002   Code   RO         2503    i.HAL_UARTEx_RxEventCallback  stm32f1xx_hal_uart.o
    0x0800212e   0x0800212e   0x00000002   Code   RO         2517    i.HAL_UART_ErrorCallback  stm32f1xx_hal_uart.o
    0x08002130   0x08002130   0x0000020c   Code   RO         2520    i.HAL_UART_IRQHandler  stm32f1xx_hal_uart.o
    0x0800233c   0x0800233c   0x00000062   Code   RO         2521    i.HAL_UART_Init     stm32f1xx_hal_uart.o
    0x0800239e   0x0800239e   0x00000002   PAD
    0x080023a0   0x080023a0   0x000000c0   Code   RO          321    i.HAL_UART_MspInit  usart.o
    0x08002460   0x08002460   0x0000002a   Code   RO         2526    i.HAL_UART_Receive_IT  stm32f1xx_hal_uart.o
    0x0800248a   0x0800248a   0x00000002   PAD
    0x0800248c   0x0800248c   0x000000d8   Code   RO          322    i.HAL_UART_RxCpltCallback  usart.o
    0x08002564   0x08002564   0x000000b2   Code   RO         2529    i.HAL_UART_Transmit  stm32f1xx_hal_uart.o
    0x08002616   0x08002616   0x00000002   Code   RO         2532    i.HAL_UART_TxCpltCallback  stm32f1xx_hal_uart.o
    0x08002618   0x08002618   0x00000054   Code   RO         2860    i.HAL_USART_Init    stm32f1xx_hal_usart.o
    0x0800266c   0x0800266c   0x00000070   Code   RO          324    i.HAL_USART_MspInit  usart.o
    0x080026dc   0x080026dc   0x00000002   Code   RO          393    i.HardFault_Handler  stm32f1xx_it.o
    0x080026de   0x080026de   0x00000002   PAD
    0x080026e0   0x080026e0   0x0000002c   Code   RO          248    i.MX_DMA_Init       dma.o
    0x0800270c   0x0800270c   0x00000080   Code   RO          224    i.MX_GPIO_Init      gpio.o
    0x0800278c   0x0800278c   0x000000e0   Code   RO          275    i.MX_TIM1_Init      tim.o
    0x0800286c   0x0800286c   0x0000004c   Code   RO          325    i.MX_USART1_UART_Init  usart.o
    0x080028b8   0x080028b8   0x0000003c   Code   RO          326    i.MX_USART2_Init    usart.o
    0x080028f4   0x080028f4   0x00000002   Code   RO          394    i.MemManage_Handler  stm32f1xx_it.o
    0x080028f6   0x080028f6   0x00000002   Code   RO          395    i.NMI_Handler       stm32f1xx_it.o
    0x080028f8   0x080028f8   0x00000002   Code   RO          396    i.PendSV_Handler    stm32f1xx_it.o
    0x080028fa   0x080028fa   0x00000002   Code   RO          397    i.SVC_Handler       stm32f1xx_it.o
    0x080028fc   0x080028fc   0x00000004   Code   RO          398    i.SysTick_Handler   stm32f1xx_it.o
    0x08002900   0x08002900   0x0000005c   Code   RO          175    i.SystemClock_Config  main.o
    0x0800295c   0x0800295c   0x00000002   Code   RO         3106    i.SystemInit        system_stm32f1xx.o
    0x0800295e   0x0800295e   0x00000002   PAD
    0x08002960   0x08002960   0x0000000c   Code   RO          399    i.TIM1_BRK_IRQHandler  stm32f1xx_it.o
    0x0800296c   0x0800296c   0x0000008c   Code   RO          639    i.TIM_Base_SetConfig  stm32f1xx_hal_tim.o
    0x080029f8   0x080029f8   0x0000001a   Code   RO          640    i.TIM_CCxChannelCmd  stm32f1xx_hal_tim.o
    0x08002a12   0x08002a12   0x00000014   Code   RO          650    i.TIM_ETR_SetConfig  stm32f1xx_hal_tim.o
    0x08002a26   0x08002a26   0x00000010   Code   RO          651    i.TIM_ITRx_SetConfig  stm32f1xx_hal_tim.o
    0x08002a36   0x08002a36   0x00000002   PAD
    0x08002a38   0x08002a38   0x00000060   Code   RO          652    i.TIM_OC1_SetConfig  stm32f1xx_hal_tim.o
    0x08002a98   0x08002a98   0x0000006c   Code   RO          653    i.TIM_OC2_SetConfig  stm32f1xx_hal_tim.o
    0x08002b04   0x08002b04   0x00000068   Code   RO          654    i.TIM_OC3_SetConfig  stm32f1xx_hal_tim.o
    0x08002b6c   0x08002b6c   0x00000050   Code   RO          655    i.TIM_OC4_SetConfig  stm32f1xx_hal_tim.o
    0x08002bbc   0x08002bbc   0x00000022   Code   RO          657    i.TIM_TI1_ConfigInputStage  stm32f1xx_hal_tim.o
    0x08002bde   0x08002bde   0x00000024   Code   RO          659    i.TIM_TI2_ConfigInputStage  stm32f1xx_hal_tim.o
    0x08002c02   0x08002c02   0x00000010   Code   RO         2534    i.UART_DMAAbortOnError  stm32f1xx_hal_uart.o
    0x08002c12   0x08002c12   0x00000030   Code   RO         2544    i.UART_EndRxTransfer  stm32f1xx_hal_uart.o
    0x08002c42   0x08002c42   0x000000b6   Code   RO         2546    i.UART_Receive_IT   stm32f1xx_hal_uart.o
    0x08002cf8   0x08002cf8   0x000000b8   Code   RO         2547    i.UART_SetConfig    stm32f1xx_hal_uart.o
    0x08002db0   0x08002db0   0x00000036   Code   RO         2549    i.UART_Start_Receive_IT  stm32f1xx_hal_uart.o
    0x08002de6   0x08002de6   0x00000064   Code   RO         2550    i.UART_WaitOnFlagUntilTimeout  stm32f1xx_hal_uart.o
    0x08002e4a   0x08002e4a   0x00000002   PAD
    0x08002e4c   0x08002e4c   0x0000000c   Code   RO          400    i.USART1_IRQHandler  stm32f1xx_it.o
    0x08002e58   0x08002e58   0x000000d4   Code   RO         2888    i.USART_SetConfig   stm32f1xx_hal_usart.o
    0x08002f2c   0x08002f2c   0x00000002   Code   RO          401    i.UsageFault_Handler  stm32f1xx_it.o
    0x08002f2e   0x08002f2e   0x00000002   PAD
    0x08002f30   0x08002f30   0x00000020   Code   RO         3398    i.__0printf         mc_w.l(printfa.o)
    0x08002f50   0x08002f50   0x00000028   Code   RO         3460    i.__ARM_fpclassify  m_ws.l(fpclassify.o)
    0x08002f78   0x08002f78   0x00000020   Code   RO         2005    i.__NVIC_SetPriority  stm32f1xx_hal_cortex.o
    0x08002f98   0x08002f98   0x000000aa   Code   RO         3462    i.__kernel_poly     m_ws.l(poly.o)
    0x08003042   0x08003042   0x00000006   Code   RO         3447    i.__mathlib_dbl_infnan  m_ws.l(dunder.o)
    0x08003048   0x08003048   0x00000010   Code   RO         3452    i.__mathlib_dbl_underflow  m_ws.l(dunder.o)
    0x08003058   0x08003058   0x0000000e   Code   RO         3526    i.__scatterload_copy  mc_w.l(handlers.o)
    0x08003066   0x08003066   0x00000002   Code   RO         3527    i.__scatterload_null  mc_w.l(handlers.o)
    0x08003068   0x08003068   0x0000000e   Code   RO         3528    i.__scatterload_zeroinit  mc_w.l(handlers.o)
    0x08003076   0x08003076   0x00000002   PAD
    0x08003078   0x08003078   0x0000000c   Code   RO         3489    i.__set_errno       mc_w.l(errno.o)
    0x08003084   0x08003084   0x00000184   Code   RO         3405    i._fp_digits        mc_w.l(printfa.o)
    0x08003208   0x08003208   0x000006dc   Code   RO         3406    i._printf_core      mc_w.l(printfa.o)
    0x080038e4   0x080038e4   0x00000024   Code   RO         3407    i._printf_post_padding  mc_w.l(printfa.o)
    0x08003908   0x08003908   0x0000002e   Code   RO         3408    i._printf_pre_padding  mc_w.l(printfa.o)
    0x08003936   0x08003936   0x00000002   PAD
    0x08003938   0x08003938   0x00000220   Code   RO         3141    i.atan              m_ws.l(atan.o)
    0x08003b58   0x08003b58   0x0000001c   Code   RO          176    i.fputc             main.o
    0x08003b74   0x08003b74   0x000000f0   Code   RO          177    i.main              main.o
    0x08003c64   0x08003c64   0x00000058   Code   RO           13    i.send_H_angle      pan.o
    0x08003cbc   0x08003cbc   0x00000090   Code   RO           14    i.send_L_angle      pan.o
    0x08003d4c   0x08003d4c   0x0000004c   Code   RO         3151    i.sqrt              m_ws.l(sqrt.o)
    0x08003d98   0x08003d98   0x00000090   Code   RO           15    i.trans_anglea      pan.o
    0x08003e28   0x08003e28   0x00000068   Code   RO           16    i.trans_angleb      pan.o
    0x08003e90   0x08003e90   0x00000010   Data   RO         3107    .constdata          system_stm32f1xx.o
    0x08003ea0   0x08003ea0   0x00000008   Data   RO         3108    .constdata          system_stm32f1xx.o
    0x08003ea8   0x08003ea8   0x00000098   Data   RO         3142    .constdata          m_ws.l(atan.o)
    0x08003f40   0x08003f40   0x00000040   Data   RO         3522    .constdata          mc_w.l(ctype_c.o)
    0x08003f80   0x08003f80   0x00000020   Data   RO         3524    Region$$Table       anon$$obj.o


    Execution Region RW_IRAM1 (Exec base: 0x20000000, Load base: 0x08003fa0, Size: 0x00000640, Max: 0x0000c000, ABSOLUTE)

    Exec Addr    Load Addr    Size         Type   Attr      Idx    E Section Name        Object

    0x20000000   0x08003fa0   0x00000014   Data   RW          328    .data               usart.o
    0x20000014   0x08003fb4   0x0000000c   Data   RW         1542    .data               stm32f1xx_hal.o
    0x20000020   0x08003fc0   0x00000004   Data   RW         3109    .data               system_stm32f1xx.o
    0x20000024   0x08003fc4   0x00000004   Data   RW         3478    .data               mc_w.l(stdout.o)
    0x20000028   0x08003fc8   0x00000004   Data   RW         3490    .data               mc_w.l(errno.o)
    0x2000002c        -       0x00000048   Zero   RW          276    .bss                tim.o
    0x20000074        -       0x000001cc   Zero   RW          327    .bss                usart.o
    0x20000240        -       0x00000400   Zero   RW            1    STACK               startup_stm32f103xe.o


==============================================================================

Image component sizes


      Code (inc. data)   RO Data    RW Data    ZI Data      Debug   Object Name

        44          4          0          0          0        718   dma.o
       128         10          0          0          0        911   gpio.o
       364         90          0          0          0       2504   main.o
       480        186          0          0          0     495436   pan.o
        36          8        304          0       1024        784   startup_stm32f103xe.o
       164         28          0         12          0       6357   stm32f1xx_hal.o
       198         14          0          0          0      28827   stm32f1xx_hal_cortex.o
      1082         52          0          0          0       3423   stm32f1xx_hal_dma.o
       514         42          0          0          0       2848   stm32f1xx_hal_gpio.o
        60          8          0          0          0        834   stm32f1xx_hal_msp.o
      1272        100          0          0          0       5076   stm32f1xx_hal_rcc.o
      1802         76          0          0          0      15454   stm32f1xx_hal_tim.o
       212         20          0          0          0       3061   stm32f1xx_hal_tim_ex.o
      1432         10          0          0          0      10264   stm32f1xx_hal_uart.o
       296          6          0          0          0       1937   stm32f1xx_hal_usart.o
        56         18          0          0          0       4963   stm32f1xx_it.o
         2          0         24          4          0       1059   system_stm32f1xx.o
       360         32          0          0         72       2308   tim.o
       656        116          0         20        460       4158   usart.o

    ----------------------------------------------------------------------
      9184        820        360         36       1556     590922   Object Totals
         0          0         32          0          0          0   (incl. Generated)
        26          0          0          0          0          0   (incl. Padding)

    ----------------------------------------------------------------------

      Code (inc. data)   RO Data    RW Data    ZI Data      Debug   Library Member Name

       544         70        152          0          0        124   atan.o
        22          6          0          0          0        136   dunder.o
        40          0          0          0          0         68   fpclassify.o
       170          0          0          0          0         96   poly.o
        76          0          0          0          0         84   sqrt.o
        56          8          0          0          0         84   __0sscanf.o
        28          0          0          0          0         68   _chval.o
       812          4          0          0          0        112   _scanf.o
       332          0          0          0          0         96   _scanf_int.o
        64          0          0          0          0         84   _sgetc.o
        40          6         64          0          0         68   ctype_c.o
         0          0          0          0          0          0   entry.o
         0          0          0          0          0          0   entry10a.o
         0          0          0          0          0          0   entry11a.o
         8          4          0          0          0          0   entry2.o
         4          0          0          0          0          0   entry5.o
         0          0          0          0          0          0   entry7b.o
         0          0          0          0          0          0   entry8b.o
         8          4          0          0          0          0   entry9a.o
        12          6          0          4          0         68   errno.o
        30          0          0          0          0          0   handlers.o
        36          8          0          0          0         68   init.o
        10          0          0          0          0         68   isspace_c.o
         0          0          0          0          0          0   iusefp.o
        30          0          0          0          0         68   llshl.o
        36          0          0          0          0         68   llsshr.o
        32          0          0          0          0         68   llushr.o
        36          0          0          0          0        108   memseta.o
      2258         90          0          0          0        452   printfa.o
        40          8          0          0          0         84   scanf_char.o
         0          0          0          4          0          0   stdout.o
        44          0          0          0          0         80   uidiv.o
        98          0          0          0          0         92   uldiv.o
        48          0          0          0          0         68   cdrcmple.o
        56          0          0          0          0         88   d2f.o
       334          0          0          0          0        148   dadd.o
       222          0          0          0          0        100   ddiv.o
       186          0          0          0          0        176   depilogue.o
        48          0          0          0          0         68   dfixul.o
        34          0          0          0          0         76   dflti.o
       228          0          0          0          0         96   dmul.o
        46          0          0          0          0         80   dscalb.o
       162          0          0          0          0        100   dsqrt.o
        38          0          0          0          0         68   f2d.o
       124          0          0          0          0         88   fdiv.o
       110          0          0          0          0        168   fepilogue.o
        18          0          0          0          0         68   fflti.o

    ----------------------------------------------------------------------
      6528        214        216          8          0       3636   Library Totals
         8          0          0          0          0          0   (incl. Padding)

    ----------------------------------------------------------------------

      Code (inc. data)   RO Data    RW Data    ZI Data      Debug   Library Name

       852         76        152          0          0        508   m_ws.l
      4014        138         64          8          0       1736   mc_w.l
      1654          0          0          0          0       1392   mf_w.l

    ----------------------------------------------------------------------
      6528        214        216          8          0       3636   Library Totals

    ----------------------------------------------------------------------

==============================================================================


      Code (inc. data)   RO Data    RW Data    ZI Data      Debug   

     15712       1034        576         44       1556     587950   Grand Totals
     15712       1034        576         44       1556     587950   ELF Image Totals
     15712       1034        576         44          0          0   ROM Totals

==============================================================================

    Total RO  Size (Code + RO Data)                16288 (  15.91kB)
    Total RW  Size (RW Data + ZI Data)              1600 (   1.56kB)
    Total ROM Size (Code + RO Data + RW Data)      16332 (  15.95kB)

==============================================================================

